 
****************************************
Report : area
Design : riscv_core_synth
Version: V-2023.12-SP4
Date   : Tue May  5 16:49:16 2026
****************************************

Information: Updating design information... (UID-85)
Warning: Design 'riscv_core_synth' contains 1 high-fanout nets. A fanout number of 1000 will be used for delay calculations involving these nets. (TIM-134)
Library(s) Used:

    saed32rvt_tt1p05v25c (File: /home/vdevaraj/Projects/RISC_v_single_cycle/lib/saed/saed32rvt_tt1p05v25c.db)

Number of ports:                          278
Number of nets:                          4902
Number of cells:                         4690
Number of combinational cells:           3665
Number of sequential cells:              1023
Number of macros/black boxes:               0
Number of buf/inv:                        435
Number of references:                      49

Combinational area:               9372.322457
Buf/Inv area:                      880.863112
Noncombinational area:            7279.700862
Macro/Black Box area:                0.000000
Net Interconnect area:            7233.282711

Total cell area:                 16652.023320
Total area:                      23885.306031
1
