 
****************************************
Report : qor
Design : riscv_core_synth
Version: V-2023.12-SP4
Date   : Tue May  5 16:51:32 2026
****************************************


  Timing Path Group 'clk'
  -----------------------------------
  Levels of Logic:              30.00
  Critical Path Length:          3.00
  Critical Path Slack:           0.00
  Critical Path Clk Period:      5.00
  Total Negative Slack:          0.00
  No. of Violating Paths:        0.00
  Worst Hold Violation:          0.00
  Total Hold Violation:          0.00
  No. of Hold Violations:        0.00
  -----------------------------------


  Cell Count
  -----------------------------------
  Hierarchical Cell Count:          1
  Hierarchical Port Count:        114
  Leaf Cell Count:               4688
  Buf/Inv Cell Count:             435
  Buf Cell Count:                 189
  Inv Cell Count:                 246
  CT Buf/Inv Cell Count:            0
  Combinational Cell Count:      3665
  Sequential Cell Count:         1023
  Macro Count:                      0
  -----------------------------------


  Area
  -----------------------------------
  Combinational Area:     9372.322457
  Noncombinational Area:  7279.700862
  Buf/Inv Area:            880.863112
  Total Buffer Area:           554.54
  Total Inverter Area:         326.32
  Macro/Black Box Area:      0.000000
  Net Area:               7233.282711
  -----------------------------------
  Cell Area:             16652.023320
  Design Area:           23885.306031


  Design Rules
  -----------------------------------
  Total Number of Nets:          4788
  Nets With Violations:             0
  Max Trans Violations:             0
  Max Cap Violations:               0
  -----------------------------------


  Hostname: zeus-2.cec.gmu.edu

  Compile CPU Statistics
  -----------------------------------------
  Resource Sharing:                    0.69
  Logic Optimization:                  4.81
  Mapping Optimization:               30.74
  -----------------------------------------
  Overall Compile Time:               61.16
  Overall Compile Wall Clock Time:    61.97

  --------------------------------------------------------------------

  Design  WNS: 0.00  TNS: 0.00  Number of Violating Paths: 0


  Design (Hold)  WNS: 0.00  TNS: 0.00  Number of Violating Paths: 0

  --------------------------------------------------------------------


1
