 
****************************************
Report : power
        -analysis_effort low
Design : riscv_core_synth
Version: V-2023.12-SP4
Date   : Tue May  5 16:41:46 2026
****************************************


Library(s) Used:

    saed32rvt_tt1p05v25c (File: /home/vdevaraj/Projects/RISC_v_single_cycle/lib/saed/saed32rvt_tt1p05v25c.db)


Operating Conditions: tt1p05v25c   Library: saed32rvt_tt1p05v25c
Wire Load Model Mode: enclosed

Design        Wire Load Model            Library
------------------------------------------------
riscv_core_synth       35000             saed32rvt_tt1p05v25c
regfile                16000             saed32rvt_tt1p05v25c


Global Operating Voltage = 1.05 
Power-specific unit information :
    Voltage Units = 1V
    Capacitance Units = 1.000000ff
    Time Units = 1ns
    Dynamic Power Units = 1uW    (derived from V,C,T units)
    Leakage Power Units = 1pW


Attributes
----------
i - Including register clock pin internal power


  Cell Internal Power  =   0.0000 uW    (0%)
  Net Switching Power  =  89.3621 uW  (100%)
                         ---------
Total Dynamic Power    =  89.3621 uW  (100%)

Cell Leakage Power     = 427.7157 uW


                 Internal         Switching           Leakage            Total
Power Group      Power            Power               Power              Power   (   %    )  Attrs
--------------------------------------------------------------------------------------------------
io_pad             0.0000            0.0000            0.0000            0.0000  (   0.00%)
memory             0.0000            0.0000            0.0000            0.0000  (   0.00%)
black_box          0.0000            0.0000            0.0000            0.0000  (   0.00%)
clock_network      0.0000            0.0000            0.0000            0.0000  (   0.00%)  i
register           0.0000            1.5861        1.6855e+08          170.1326  (  32.90%)
sequential         0.0000            0.0000            0.0000            0.0000  (   0.00%)
combinational      0.0000           87.7759        2.5917e+08          346.9450  (  67.10%)
--------------------------------------------------------------------------------------------------
Total              0.0000 uW        89.3619 uW     4.2772e+08 pW       517.0776 uW
1
