Information: linking reference library : /home/vdevaraj/Projects/RISC_v_single_cycle/lib/saed90_phys/ref/saed90nm_fr. (PSYN-878)
Warning: The 'RSDFFNSRASX1' cell in the '/home/vdevaraj/Projects/RISC_v_single_cycle/lib/saed90_phys/ref/saed90nm_fr' physical library does not 
	have corresponding logical cell description. (PSYN-025)
Warning: The 'RDFFSRASX1' cell in the '/home/vdevaraj/Projects/RISC_v_single_cycle/lib/saed90_phys/ref/saed90nm_fr' physical library does not 
	have corresponding logical cell description. (PSYN-025)
Warning: The 'RSDFFSRASX2' cell in the '/home/vdevaraj/Projects/RISC_v_single_cycle/lib/saed90_phys/ref/saed90nm_fr' physical library does not 
	have corresponding logical cell description. (PSYN-025)
Warning: The 'RDFFNSRX1' cell in the '/home/vdevaraj/Projects/RISC_v_single_cycle/lib/saed90_phys/ref/saed90nm_fr' physical library does not 
	have corresponding logical cell description. (PSYN-025)
Warning: The 'RDFFNSRX2' cell in the '/home/vdevaraj/Projects/RISC_v_single_cycle/lib/saed90_phys/ref/saed90nm_fr' physical library does not 
	have corresponding logical cell description. (PSYN-025)
Warning: The 'RDFFNSRASX1' cell in the '/home/vdevaraj/Projects/RISC_v_single_cycle/lib/saed90_phys/ref/saed90nm_fr' physical library does not 
	have corresponding logical cell description. (PSYN-025)
Warning: The 'RDFFNSRASX2' cell in the '/home/vdevaraj/Projects/RISC_v_single_cycle/lib/saed90_phys/ref/saed90nm_fr' physical library does not 
	have corresponding logical cell description. (PSYN-025)
Warning: The 'RDFFSRASX2' cell in the '/home/vdevaraj/Projects/RISC_v_single_cycle/lib/saed90_phys/ref/saed90nm_fr' physical library does not 
	have corresponding logical cell description. (PSYN-025)
Warning: The 'RDFFSRASRX1' cell in the '/home/vdevaraj/Projects/RISC_v_single_cycle/lib/saed90_phys/ref/saed90nm_fr' physical library does not 
	have corresponding logical cell description. (PSYN-025)
Warning: The 'RDFFSRASRX2' cell in the '/home/vdevaraj/Projects/RISC_v_single_cycle/lib/saed90_phys/ref/saed90nm_fr' physical library does not 
	have corresponding logical cell description. (PSYN-025)
Warning: The 'RSDFFNSRASX2' cell in the '/home/vdevaraj/Projects/RISC_v_single_cycle/lib/saed90_phys/ref/saed90nm_fr' physical library does not 
	have corresponding logical cell description. (PSYN-025)
Warning: The 'RSDFFNSRASRX1' cell in the '/home/vdevaraj/Projects/RISC_v_single_cycle/lib/saed90_phys/ref/saed90nm_fr' physical library does not 
	have corresponding logical cell description. (PSYN-025)
Warning: The 'RSDFFNSRASRX2' cell in the '/home/vdevaraj/Projects/RISC_v_single_cycle/lib/saed90_phys/ref/saed90nm_fr' physical library does not 
	have corresponding logical cell description. (PSYN-025)
Warning: The 'RSDFFNSRASRQX1' cell in the '/home/vdevaraj/Projects/RISC_v_single_cycle/lib/saed90_phys/ref/saed90nm_fr' physical library does not 
	have corresponding logical cell description. (PSYN-025)
Warning: The 'RSDFFNSRASRQX2' cell in the '/home/vdevaraj/Projects/RISC_v_single_cycle/lib/saed90_phys/ref/saed90nm_fr' physical library does not 
	have corresponding logical cell description. (PSYN-025)
Warning: The 'RSDFFNSRASRNX1' cell in the '/home/vdevaraj/Projects/RISC_v_single_cycle/lib/saed90_phys/ref/saed90nm_fr' physical library does not 
	have corresponding logical cell description. (PSYN-025)
Warning: The 'RSDFFNSRASRNX2' cell in the '/home/vdevaraj/Projects/RISC_v_single_cycle/lib/saed90_phys/ref/saed90nm_fr' physical library does not 
	have corresponding logical cell description. (PSYN-025)
Warning: The 'RDFFNSRARX1' cell in the '/home/vdevaraj/Projects/RISC_v_single_cycle/lib/saed90_phys/ref/saed90nm_fr' physical library does not 
	have corresponding logical cell description. (PSYN-025)
Warning: The 'RDFFNSRARX2' cell in the '/home/vdevaraj/Projects/RISC_v_single_cycle/lib/saed90_phys/ref/saed90nm_fr' physical library does not 
	have corresponding logical cell description. (PSYN-025)
Warning: The 'RDFFSRARX1' cell in the '/home/vdevaraj/Projects/RISC_v_single_cycle/lib/saed90_phys/ref/saed90nm_fr' physical library does not 
	have corresponding logical cell description. (PSYN-025)
Warning: The 'RDFFSRARX2' cell in the '/home/vdevaraj/Projects/RISC_v_single_cycle/lib/saed90_phys/ref/saed90nm_fr' physical library does not 
	have corresponding logical cell description. (PSYN-025)
Warning: The 'RSDFFNSRARX1' cell in the '/home/vdevaraj/Projects/RISC_v_single_cycle/lib/saed90_phys/ref/saed90nm_fr' physical library does not 
	have corresponding logical cell description. (PSYN-025)
Warning: The 'RSDFFNSRARX2' cell in the '/home/vdevaraj/Projects/RISC_v_single_cycle/lib/saed90_phys/ref/saed90nm_fr' physical library does not 
	have corresponding logical cell description. (PSYN-025)
Warning: The 'RSDFFSRARX1' cell in the '/home/vdevaraj/Projects/RISC_v_single_cycle/lib/saed90_phys/ref/saed90nm_fr' physical library does not 
	have corresponding logical cell description. (PSYN-025)
Warning: The 'RSDFFSRARX2' cell in the '/home/vdevaraj/Projects/RISC_v_single_cycle/lib/saed90_phys/ref/saed90nm_fr' physical library does not 
	have corresponding logical cell description. (PSYN-025)
Warning: The 'RDFFNSRASRX1' cell in the '/home/vdevaraj/Projects/RISC_v_single_cycle/lib/saed90_phys/ref/saed90nm_fr' physical library does not 
	have corresponding logical cell description. (PSYN-025)
Warning: The 'RDFFNSRASRX2' cell in the '/home/vdevaraj/Projects/RISC_v_single_cycle/lib/saed90_phys/ref/saed90nm_fr' physical library does not 
	have corresponding logical cell description. (PSYN-025)
Warning: The 'RDFFSRSSRX1' cell in the '/home/vdevaraj/Projects/RISC_v_single_cycle/lib/saed90_phys/ref/saed90nm_fr' physical library does not 
	have corresponding logical cell description. (PSYN-025)
Warning: The 'RDFFSRSSRX2' cell in the '/home/vdevaraj/Projects/RISC_v_single_cycle/lib/saed90_phys/ref/saed90nm_fr' physical library does not 
	have corresponding logical cell description. (PSYN-025)
Warning: The 'RSDFFSRSSRX1' cell in the '/home/vdevaraj/Projects/RISC_v_single_cycle/lib/saed90_phys/ref/saed90nm_fr' physical library does not 
	have corresponding logical cell description. (PSYN-025)
Warning: The 'RSDFFSRSSRX2' cell in the '/home/vdevaraj/Projects/RISC_v_single_cycle/lib/saed90_phys/ref/saed90nm_fr' physical library does not 
	have corresponding logical cell description. (PSYN-025)
Warning: The 'RDFFSRX1' cell in the '/home/vdevaraj/Projects/RISC_v_single_cycle/lib/saed90_phys/ref/saed90nm_fr' physical library does not 
	have corresponding logical cell description. (PSYN-025)
Warning: The 'RDFFSRX2' cell in the '/home/vdevaraj/Projects/RISC_v_single_cycle/lib/saed90_phys/ref/saed90nm_fr' physical library does not 
	have corresponding logical cell description. (PSYN-025)
Warning: The 'RSDFFSRX1' cell in the '/home/vdevaraj/Projects/RISC_v_single_cycle/lib/saed90_phys/ref/saed90nm_fr' physical library does not 
	have corresponding logical cell description. (PSYN-025)
Warning: The 'RSDFFSRX2' cell in the '/home/vdevaraj/Projects/RISC_v_single_cycle/lib/saed90_phys/ref/saed90nm_fr' physical library does not 
	have corresponding logical cell description. (PSYN-025)
Warning: The 'RSDFFSRASX1' cell in the '/home/vdevaraj/Projects/RISC_v_single_cycle/lib/saed90_phys/ref/saed90nm_fr' physical library does not 
	have corresponding logical cell description. (PSYN-025)
Warning: The 'RSDFFSRASRX1' cell in the '/home/vdevaraj/Projects/RISC_v_single_cycle/lib/saed90_phys/ref/saed90nm_fr' physical library does not 
	have corresponding logical cell description. (PSYN-025)
Warning: The 'RSDFFSRASRX2' cell in the '/home/vdevaraj/Projects/RISC_v_single_cycle/lib/saed90_phys/ref/saed90nm_fr' physical library does not 
	have corresponding logical cell description. (PSYN-025)
Warning: The 'RDFFNSRASRNX1' cell in the '/home/vdevaraj/Projects/RISC_v_single_cycle/lib/saed90_phys/ref/saed90nm_fr' physical library does not 
	have corresponding logical cell description. (PSYN-025)
Warning: The 'RDFFNSRASRNX2' cell in the '/home/vdevaraj/Projects/RISC_v_single_cycle/lib/saed90_phys/ref/saed90nm_fr' physical library does not 
	have corresponding logical cell description. (PSYN-025)
Warning: The 'RDFFNSRASRQX1' cell in the '/home/vdevaraj/Projects/RISC_v_single_cycle/lib/saed90_phys/ref/saed90nm_fr' physical library does not 
	have corresponding logical cell description. (PSYN-025)
Warning: The 'RDFFNSRASRQX2' cell in the '/home/vdevaraj/Projects/RISC_v_single_cycle/lib/saed90_phys/ref/saed90nm_fr' physical library does not 
	have corresponding logical cell description. (PSYN-025)
Warning: The 'RSDFFNSRX1' cell in the '/home/vdevaraj/Projects/RISC_v_single_cycle/lib/saed90_phys/ref/saed90nm_fr' physical library does not 
	have corresponding logical cell description. (PSYN-025)
Warning: The 'RSDFFNSRX2' cell in the '/home/vdevaraj/Projects/RISC_v_single_cycle/lib/saed90_phys/ref/saed90nm_fr' physical library does not 
	have corresponding logical cell description. (PSYN-025)
Information: linking reference library : /home/vdevaraj/Projects/RISC_v_single_cycle/lib/saed90_phys/ref/saed90nm_dv. (PSYN-878)
Warning: The 'RSDFFSRSSRX1' cell in the '/home/vdevaraj/Projects/RISC_v_single_cycle/lib/saed90_phys/ref/saed90nm_dv' physical library does not 
	have corresponding logical cell description. (PSYN-025)
Warning: The 'RSDFFSRSSRX2' cell in the '/home/vdevaraj/Projects/RISC_v_single_cycle/lib/saed90_phys/ref/saed90nm_dv' physical library does not 
	have corresponding logical cell description. (PSYN-025)
Warning: The 'RSDFFSRX1' cell in the '/home/vdevaraj/Projects/RISC_v_single_cycle/lib/saed90_phys/ref/saed90nm_dv' physical library does not 
	have corresponding logical cell description. (PSYN-025)
Warning: The 'RSDFFSRX2' cell in the '/home/vdevaraj/Projects/RISC_v_single_cycle/lib/saed90_phys/ref/saed90nm_dv' physical library does not 
	have corresponding logical cell description. (PSYN-025)
Warning: Could not find a valid driver for the hierarchical Ground net 'VSS'. (MWDC-285)
Warning: Could not find a valid driver for the hierarchical Power net 'VDD'. (MWDC-285)
Information: Loading local_link_library attribute {saed90nm_typ_ht.db}. (MWDC-290)

  Linking design 'riscv_core_synth'
  Using the following designs and libraries:
  --------------------------------------------------------------------------
  * (2 designs)               __auto_cel_zeus-2.cec.gmu.edu_3450139.CEL, etc
  saed90nm_typ_ht (library)   /home/vdevaraj/Projects/RISC_v_single_cycle/lib/saed90_phys/ref/models/saed90nm_typ_ht.db

Floorplan loading succeeded.
Information: Updating graph... (UID-83)
Warning: Design 'riscv_core_synth' contains 1 high-fanout nets. A fanout number of 1000 will be used for delay calculations involving these nets. (TIM-134)
Information: Updating design information... (UID-85)
Warning: Design 'riscv_core_synth' contains 1 high-fanout nets. A fanout number of 1000 will be used for delay calculations involving these nets. (TIM-134)

Information: Checking generated_clocks...

Information: Checking loops...

Information: Checking no_input_delay...

Information: Checking unconstrained_endpoints...

Information: Checking pulse_clock_cell_type...

Information: Checking no_driving_cell...

Information: Checking partial_input_delay...
1
