 
****************************************
Report : qor
Design : riscv_core_synth
Version: Q-2019.12-SP5
Date   : Wed May  6 17:30:52 2026
****************************************


  Timing Path Group 'clk'
  -----------------------------------
  Levels of Logic:              23.00
  Critical Path Length:         16.55
  Critical Path Slack:          -0.72
  Critical Path Clk Period:     17.00
  Total Negative Slack:       -316.17
  No. of Violating Paths:      599.00
  Worst Hold Violation:          0.00
  Total Hold Violation:          0.00
  No. of Hold Violations:        0.00
  -----------------------------------


  Cell Count
  -----------------------------------
  Hierarchical Cell Count:          1
  Hierarchical Port Count:        116
  Leaf Cell Count:               5026
  Buf/Inv Cell Count:             557
  Buf Cell Count:                 310
  Inv Cell Count:                 247
  CT Buf/Inv Cell Count:            0
  Combinational Cell Count:      4003
  Sequential Cell Count:         1023
  Macro Count:                      0
  -----------------------------------


  Area
  -----------------------------------
  Combinational Area:    38037.196790
  Noncombinational Area: 32997.888531
  Buf/Inv Area:           3079.987280
  Total Buffer Area:          1714.18
  Total Inverter Area:        1365.81
  Macro/Black Box Area:      0.000000
  Net Area:               8194.837556
  Net XLength        :           0.00
  Net YLength        :           0.00
  -----------------------------------
  Cell Area:             71035.085320
  Design Area:           79229.922877
  Net Length        :            0.00


  Design Rules
  -----------------------------------
  Total Number of Nets:          5142
  Nets With Violations:             0
  Max Trans Violations:             0
  Max Cap Violations:               0
  -----------------------------------


  Hostname: zeus-2.cec.gmu.edu

  Compile CPU Statistics
  -----------------------------------------
  Resource Sharing:                    0.69
  Logic Optimization:                  2.79
  Mapping Optimization:               24.96
  -----------------------------------------
  Overall Compile Time:               40.39
  Overall Compile Wall Clock Time:    40.96

  --------------------------------------------------------------------

  Design  WNS: 0.72  TNS: 316.17  Number of Violating Paths: 599


  Design (Hold)  WNS: 0.00  TNS: 0.00  Number of Violating Paths: 0

  --------------------------------------------------------------------


1
