 
****************************************
Report : area
Design : riscv_core_synth
Version: V-2023.12-SP4
Date   : Tue May  5 16:47:15 2026
****************************************

Information: Updating design information... (UID-85)
Warning: Design 'riscv_core_synth' contains 1 high-fanout nets. A fanout number of 1000 will be used for delay calculations involving these nets. (TIM-134)
Library(s) Used:

    saed32rvt_tt1p05v25c (File: /home/vdevaraj/Projects/RISC_v_single_cycle/lib/saed/saed32rvt_tt1p05v25c.db)

Number of ports:                          278
Number of nets:                          4356
Number of cells:                         4117
Number of combinational cells:           3092
Number of sequential cells:              1023
Number of macros/black boxes:               0
Number of buf/inv:                        202
Number of references:                      24

Combinational area:               7871.602140
Buf/Inv area:                      316.917577
Noncombinational area:            7279.700862
Macro/Black Box area:                0.000000
Net Interconnect area:            6624.016720

Total cell area:                 15151.303003
Total area:                      21775.319722
1
