 
****************************************
Report : cell
Design : riscv_core_synth
Version: V-2023.12-SP4
Date   : Tue May  5 16:47:15 2026
****************************************

Attributes:
    b - black box (unknown)
    h - hierarchical
   mo - map_only
    n - noncombinational
    r - removable
    u - contains unmapped logic

Cell                      Reference       Library             Area  Attributes
--------------------------------------------------------------------------------
DP_OP_10J1_122_7989/U3    FADDX1_RVT      saed32rvt_tt1p05v25c
                                                          4.828736  mo, r
DP_OP_10J1_122_7989/U4    FADDX1_RVT      saed32rvt_tt1p05v25c
                                                          4.828736  mo, r
DP_OP_10J1_122_7989/U5    FADDX1_RVT      saed32rvt_tt1p05v25c
                                                          4.828736  mo, r
DP_OP_10J1_122_7989/U6    FADDX1_RVT      saed32rvt_tt1p05v25c
                                                          4.828736  mo, r
DP_OP_10J1_122_7989/U7    FADDX1_RVT      saed32rvt_tt1p05v25c
                                                          4.828736  mo, r
DP_OP_10J1_122_7989/U8    FADDX1_RVT      saed32rvt_tt1p05v25c
                                                          4.828736  mo, r
DP_OP_10J1_122_7989/U9    FADDX1_RVT      saed32rvt_tt1p05v25c
                                                          4.828736  mo, r
DP_OP_10J1_122_7989/U10   FADDX1_RVT      saed32rvt_tt1p05v25c
                                                          4.828736  mo, r
DP_OP_10J1_122_7989/U11   FADDX1_RVT      saed32rvt_tt1p05v25c
                                                          4.828736  mo, r
DP_OP_10J1_122_7989/U12   FADDX1_RVT      saed32rvt_tt1p05v25c
                                                          4.828736  mo, r
DP_OP_10J1_122_7989/U13   FADDX1_RVT      saed32rvt_tt1p05v25c
                                                          4.828736  mo, r
DP_OP_10J1_122_7989/U14   FADDX1_RVT      saed32rvt_tt1p05v25c
                                                          4.828736  mo, r
DP_OP_10J1_122_7989/U15   FADDX1_RVT      saed32rvt_tt1p05v25c
                                                          4.828736  mo, r
DP_OP_10J1_122_7989/U16   FADDX1_RVT      saed32rvt_tt1p05v25c
                                                          4.828736  mo, r
DP_OP_10J1_122_7989/U17   FADDX1_RVT      saed32rvt_tt1p05v25c
                                                          4.828736  mo, r
DP_OP_10J1_122_7989/U18   FADDX1_RVT      saed32rvt_tt1p05v25c
                                                          4.828736  mo, r
DP_OP_10J1_122_7989/U19   FADDX1_RVT      saed32rvt_tt1p05v25c
                                                          4.828736  mo, r
DP_OP_10J1_122_7989/U20   FADDX1_RVT      saed32rvt_tt1p05v25c
                                                          4.828736  mo, r
DP_OP_10J1_122_7989/U21   FADDX1_RVT      saed32rvt_tt1p05v25c
                                                          4.828736  mo, r
DP_OP_10J1_122_7989/U22   FADDX1_RVT      saed32rvt_tt1p05v25c
                                                          4.828736  mo, r
DP_OP_10J1_122_7989/U23   FADDX1_RVT      saed32rvt_tt1p05v25c
                                                          4.828736  mo, r
DP_OP_10J1_122_7989/U24   FADDX1_RVT      saed32rvt_tt1p05v25c
                                                          4.828736  mo, r
DP_OP_10J1_122_7989/U25   FADDX1_RVT      saed32rvt_tt1p05v25c
                                                          4.828736  mo, r
DP_OP_10J1_122_7989/U26   FADDX1_RVT      saed32rvt_tt1p05v25c
                                                          4.828736  mo, r
DP_OP_10J1_122_7989/U27   FADDX1_RVT      saed32rvt_tt1p05v25c
                                                          4.828736  mo, r
DP_OP_10J1_122_7989/U28   FADDX1_RVT      saed32rvt_tt1p05v25c
                                                          4.828736  mo, r
DP_OP_10J1_122_7989/U29   FADDX1_RVT      saed32rvt_tt1p05v25c
                                                          4.828736  mo, r
DP_OP_10J1_122_7989/U30   FADDX1_RVT      saed32rvt_tt1p05v25c
                                                          4.828736  mo, r
DP_OP_10J1_122_7989/U31   FADDX1_RVT      saed32rvt_tt1p05v25c
                                                          4.828736  mo, r
DP_OP_53J1_125_6992/U3    FADDX1_RVT      saed32rvt_tt1p05v25c
                                                          4.828736  mo, r
DP_OP_53J1_125_6992/U4    FADDX1_RVT      saed32rvt_tt1p05v25c
                                                          4.828736  mo, r
DP_OP_53J1_125_6992/U5    FADDX1_RVT      saed32rvt_tt1p05v25c
                                                          4.828736  mo, r
DP_OP_53J1_125_6992/U6    FADDX1_RVT      saed32rvt_tt1p05v25c
                                                          4.828736  mo, r
DP_OP_53J1_125_6992/U7    FADDX1_RVT      saed32rvt_tt1p05v25c
                                                          4.828736  mo, r
DP_OP_53J1_125_6992/U8    FADDX1_RVT      saed32rvt_tt1p05v25c
                                                          4.828736  mo, r
DP_OP_53J1_125_6992/U9    FADDX1_RVT      saed32rvt_tt1p05v25c
                                                          4.828736  mo, r
DP_OP_53J1_125_6992/U10   FADDX1_RVT      saed32rvt_tt1p05v25c
                                                          4.828736  mo, r
DP_OP_53J1_125_6992/U11   FADDX1_RVT      saed32rvt_tt1p05v25c
                                                          4.828736  mo, r
DP_OP_53J1_125_6992/U12   FADDX1_RVT      saed32rvt_tt1p05v25c
                                                          4.828736  mo, r
DP_OP_53J1_125_6992/U13   FADDX1_RVT      saed32rvt_tt1p05v25c
                                                          4.828736  mo, r
DP_OP_53J1_125_6992/U14   FADDX1_RVT      saed32rvt_tt1p05v25c
                                                          4.828736  mo, r
DP_OP_53J1_125_6992/U15   FADDX1_RVT      saed32rvt_tt1p05v25c
                                                          4.828736  mo, r
DP_OP_53J1_125_6992/U16   FADDX1_RVT      saed32rvt_tt1p05v25c
                                                          4.828736  mo, r
DP_OP_53J1_125_6992/U17   FADDX1_RVT      saed32rvt_tt1p05v25c
                                                          4.828736  mo, r
DP_OP_53J1_125_6992/U18   FADDX1_RVT      saed32rvt_tt1p05v25c
                                                          4.828736  mo, r
DP_OP_53J1_125_6992/U19   FADDX1_RVT      saed32rvt_tt1p05v25c
                                                          4.828736  mo, r
DP_OP_53J1_125_6992/U20   FADDX1_RVT      saed32rvt_tt1p05v25c
                                                          4.828736  mo, r
DP_OP_53J1_125_6992/U21   FADDX1_RVT      saed32rvt_tt1p05v25c
                                                          4.828736  mo, r
DP_OP_53J1_125_6992/U22   FADDX1_RVT      saed32rvt_tt1p05v25c
                                                          4.828736  mo, r
DP_OP_53J1_125_6992/U23   FADDX1_RVT      saed32rvt_tt1p05v25c
                                                          4.828736  mo, r
DP_OP_53J1_125_6992/U24   FADDX1_RVT      saed32rvt_tt1p05v25c
                                                          4.828736  mo, r
DP_OP_53J1_125_6992/U25   FADDX1_RVT      saed32rvt_tt1p05v25c
                                                          4.828736  mo, r
DP_OP_53J1_125_6992/U26   FADDX1_RVT      saed32rvt_tt1p05v25c
                                                          4.828736  mo, r
DP_OP_53J1_125_6992/U27   FADDX1_RVT      saed32rvt_tt1p05v25c
                                                          4.828736  mo, r
DP_OP_53J1_125_6992/U28   FADDX1_RVT      saed32rvt_tt1p05v25c
                                                          4.828736  mo, r
DP_OP_53J1_125_6992/U29   FADDX1_RVT      saed32rvt_tt1p05v25c
                                                          4.828736  mo, r
DP_OP_53J1_125_6992/U30   FADDX1_RVT      saed32rvt_tt1p05v25c
                                                          4.828736  mo, r
DP_OP_53J1_125_6992/U31   FADDX1_RVT      saed32rvt_tt1p05v25c
                                                          4.828736  mo, r
DP_OP_53J1_125_6992/U32   FADDX1_RVT      saed32rvt_tt1p05v25c
                                                          4.828736  mo, r
DP_OP_53J1_125_6992/U33   FADDX1_RVT      saed32rvt_tt1p05v25c
                                                          4.828736  mo, r
U352                      INVX1_RVT       saed32rvt_tt1p05v25c
                                                          1.270720  
U353                      OR2X1_RVT       saed32rvt_tt1p05v25c
                                                          2.033152  
U354                      OR2X1_RVT       saed32rvt_tt1p05v25c
                                                          2.033152  
U355                      INVX0_RVT       saed32rvt_tt1p05v25c
                                                          1.270720  
U356                      OR2X1_RVT       saed32rvt_tt1p05v25c
                                                          2.033152  
U357                      INVX0_RVT       saed32rvt_tt1p05v25c
                                                          1.270720  
U358                      OR2X1_RVT       saed32rvt_tt1p05v25c
                                                          2.033152  
U359                      INVX0_RVT       saed32rvt_tt1p05v25c
                                                          1.270720  
U360                      OR2X1_RVT       saed32rvt_tt1p05v25c
                                                          2.033152  
U361                      INVX0_RVT       saed32rvt_tt1p05v25c
                                                          1.270720  
U362                      INVX0_RVT       saed32rvt_tt1p05v25c
                                                          1.270720  
U363                      INVX0_RVT       saed32rvt_tt1p05v25c
                                                          1.270720  
U364                      INVX0_RVT       saed32rvt_tt1p05v25c
                                                          1.270720  
U365                      INVX0_RVT       saed32rvt_tt1p05v25c
                                                          1.270720  
U366                      INVX0_RVT       saed32rvt_tt1p05v25c
                                                          1.270720  
U367                      NOR2X0_RVT      saed32rvt_tt1p05v25c
                                                          2.541440  
U368                      NOR2X0_RVT      saed32rvt_tt1p05v25c
                                                          2.541440  
U369                      NOR2X0_RVT      saed32rvt_tt1p05v25c
                                                          2.541440  
U370                      NOR2X0_RVT      saed32rvt_tt1p05v25c
                                                          2.541440  
U371                      NOR2X0_RVT      saed32rvt_tt1p05v25c
                                                          2.541440  
U372                      NOR2X0_RVT      saed32rvt_tt1p05v25c
                                                          2.541440  
U373                      MUX21X1_RVT     saed32rvt_tt1p05v25c
                                                          3.303872  
U374                      MUX21X1_RVT     saed32rvt_tt1p05v25c
                                                          3.303872  
U375                      MUX21X1_RVT     saed32rvt_tt1p05v25c
                                                          3.303872  
U376                      MUX21X1_RVT     saed32rvt_tt1p05v25c
                                                          3.303872  
U377                      MUX21X1_RVT     saed32rvt_tt1p05v25c
                                                          3.303872  
U378                      MUX21X1_RVT     saed32rvt_tt1p05v25c
                                                          3.303872  
U379                      MUX21X1_RVT     saed32rvt_tt1p05v25c
                                                          3.303872  
U380                      MUX21X1_RVT     saed32rvt_tt1p05v25c
                                                          3.303872  
U381                      MUX21X1_RVT     saed32rvt_tt1p05v25c
                                                          3.303872  
U382                      MUX21X1_RVT     saed32rvt_tt1p05v25c
                                                          3.303872  
U383                      MUX21X1_RVT     saed32rvt_tt1p05v25c
                                                          3.303872  
U384                      MUX21X1_RVT     saed32rvt_tt1p05v25c
                                                          3.303872  
U385                      MUX21X1_RVT     saed32rvt_tt1p05v25c
                                                          3.303872  
U386                      MUX21X1_RVT     saed32rvt_tt1p05v25c
                                                          3.303872  
U387                      MUX21X1_RVT     saed32rvt_tt1p05v25c
                                                          3.303872  
U388                      MUX21X1_RVT     saed32rvt_tt1p05v25c
                                                          3.303872  
U389                      MUX21X1_RVT     saed32rvt_tt1p05v25c
                                                          3.303872  
U390                      MUX21X1_RVT     saed32rvt_tt1p05v25c
                                                          3.303872  
U391                      MUX21X1_RVT     saed32rvt_tt1p05v25c
                                                          3.303872  
U392                      XOR2X1_RVT      saed32rvt_tt1p05v25c
                                                          4.320448  
U393                      MUX21X1_RVT     saed32rvt_tt1p05v25c
                                                          3.303872  
U394                      MUX21X1_RVT     saed32rvt_tt1p05v25c
                                                          3.303872  
U395                      MUX21X1_RVT     saed32rvt_tt1p05v25c
                                                          3.303872  
U396                      MUX21X1_RVT     saed32rvt_tt1p05v25c
                                                          3.303872  
U397                      MUX21X1_RVT     saed32rvt_tt1p05v25c
                                                          3.303872  
U398                      XOR2X1_RVT      saed32rvt_tt1p05v25c
                                                          4.320448  
U399                      XOR2X1_RVT      saed32rvt_tt1p05v25c
                                                          4.320448  
U400                      XOR2X1_RVT      saed32rvt_tt1p05v25c
                                                          4.320448  
U401                      XOR2X1_RVT      saed32rvt_tt1p05v25c
                                                          4.320448  
U402                      XOR2X1_RVT      saed32rvt_tt1p05v25c
                                                          4.320448  
U403                      MUX21X1_RVT     saed32rvt_tt1p05v25c
                                                          3.303872  
U404                      XOR2X1_RVT      saed32rvt_tt1p05v25c
                                                          4.320448  
U405                      XOR2X1_RVT      saed32rvt_tt1p05v25c
                                                          4.320448  
U406                      XOR2X1_RVT      saed32rvt_tt1p05v25c
                                                          4.320448  
U407                      XOR2X1_RVT      saed32rvt_tt1p05v25c
                                                          4.320448  
U408                      XOR2X1_RVT      saed32rvt_tt1p05v25c
                                                          4.320448  
U409                      XOR2X1_RVT      saed32rvt_tt1p05v25c
                                                          4.320448  
U410                      XOR2X1_RVT      saed32rvt_tt1p05v25c
                                                          4.320448  
U411                      XOR2X1_RVT      saed32rvt_tt1p05v25c
                                                          4.320448  
U412                      XOR2X1_RVT      saed32rvt_tt1p05v25c
                                                          4.320448  
U413                      XOR2X1_RVT      saed32rvt_tt1p05v25c
                                                          4.320448  
U414                      XOR2X1_RVT      saed32rvt_tt1p05v25c
                                                          4.320448  
U415                      XOR2X1_RVT      saed32rvt_tt1p05v25c
                                                          4.320448  
U416                      XOR2X1_RVT      saed32rvt_tt1p05v25c
                                                          4.320448  
U417                      XOR2X1_RVT      saed32rvt_tt1p05v25c
                                                          4.320448  
U418                      XOR2X1_RVT      saed32rvt_tt1p05v25c
                                                          4.320448  
U419                      MUX21X1_RVT     saed32rvt_tt1p05v25c
                                                          3.303872  
U420                      NOR2X0_RVT      saed32rvt_tt1p05v25c
                                                          2.541440  
U421                      OR2X1_RVT       saed32rvt_tt1p05v25c
                                                          2.033152  
U422                      OR2X1_RVT       saed32rvt_tt1p05v25c
                                                          2.033152  
U423                      AO21X1_RVT      saed32rvt_tt1p05v25c
                                                          2.541440  
U424                      AO21X1_RVT      saed32rvt_tt1p05v25c
                                                          2.541440  
U425                      OR2X1_RVT       saed32rvt_tt1p05v25c
                                                          2.033152  
U426                      OR2X1_RVT       saed32rvt_tt1p05v25c
                                                          2.033152  
U427                      AO21X1_RVT      saed32rvt_tt1p05v25c
                                                          2.541440  
U428                      AO21X1_RVT      saed32rvt_tt1p05v25c
                                                          2.541440  
U429                      OR2X1_RVT       saed32rvt_tt1p05v25c
                                                          2.033152  
U430                      AO21X1_RVT      saed32rvt_tt1p05v25c
                                                          2.541440  
U431                      OR2X1_RVT       saed32rvt_tt1p05v25c
                                                          2.033152  
U432                      OR2X1_RVT       saed32rvt_tt1p05v25c
                                                          2.033152  
U433                      OR2X1_RVT       saed32rvt_tt1p05v25c
                                                          2.033152  
U434                      OR2X1_RVT       saed32rvt_tt1p05v25c
                                                          2.033152  
U435                      AO21X1_RVT      saed32rvt_tt1p05v25c
                                                          2.541440  
U436                      OR2X1_RVT       saed32rvt_tt1p05v25c
                                                          2.033152  
U437                      OR2X1_RVT       saed32rvt_tt1p05v25c
                                                          2.033152  
U438                      OR2X1_RVT       saed32rvt_tt1p05v25c
                                                          2.033152  
U439                      MUX21X1_RVT     saed32rvt_tt1p05v25c
                                                          3.303872  
U440                      OR2X1_RVT       saed32rvt_tt1p05v25c
                                                          2.033152  
U441                      XOR2X1_RVT      saed32rvt_tt1p05v25c
                                                          4.320448  
U442                      AO21X1_RVT      saed32rvt_tt1p05v25c
                                                          2.541440  
U443                      OR2X1_RVT       saed32rvt_tt1p05v25c
                                                          2.033152  
U444                      OR2X1_RVT       saed32rvt_tt1p05v25c
                                                          2.033152  
U445                      OR2X1_RVT       saed32rvt_tt1p05v25c
                                                          2.033152  
U446                      OR2X1_RVT       saed32rvt_tt1p05v25c
                                                          2.033152  
U447                      MUX21X1_RVT     saed32rvt_tt1p05v25c
                                                          3.303872  
U448                      OR2X1_RVT       saed32rvt_tt1p05v25c
                                                          2.033152  
U449                      XOR2X1_RVT      saed32rvt_tt1p05v25c
                                                          4.320448  
U450                      XOR2X1_RVT      saed32rvt_tt1p05v25c
                                                          4.320448  
U451                      XOR2X1_RVT      saed32rvt_tt1p05v25c
                                                          4.320448  
U452                      NOR2X0_RVT      saed32rvt_tt1p05v25c
                                                          2.541440  
U453                      INVX1_RVT       saed32rvt_tt1p05v25c
                                                          1.270720  
U454                      INVX0_RVT       saed32rvt_tt1p05v25c
                                                          1.270720  
U455                      INVX0_RVT       saed32rvt_tt1p05v25c
                                                          1.270720  
U456                      INVX0_RVT       saed32rvt_tt1p05v25c
                                                          1.270720  
U457                      INVX0_RVT       saed32rvt_tt1p05v25c
                                                          1.270720  
U458                      INVX0_RVT       saed32rvt_tt1p05v25c
                                                          1.270720  
U459                      INVX0_RVT       saed32rvt_tt1p05v25c
                                                          1.270720  
U460                      INVX0_RVT       saed32rvt_tt1p05v25c
                                                          1.270720  
U461                      INVX0_RVT       saed32rvt_tt1p05v25c
                                                          1.270720  
U462                      MUX21X1_RVT     saed32rvt_tt1p05v25c
                                                          3.303872  
U463                      INVX0_RVT       saed32rvt_tt1p05v25c
                                                          1.270720  
U464                      INVX0_RVT       saed32rvt_tt1p05v25c
                                                          1.270720  
U465                      INVX0_RVT       saed32rvt_tt1p05v25c
                                                          1.270720  
U466                      INVX0_RVT       saed32rvt_tt1p05v25c
                                                          1.270720  
U467                      INVX0_RVT       saed32rvt_tt1p05v25c
                                                          1.270720  
U468                      INVX0_RVT       saed32rvt_tt1p05v25c
                                                          1.270720  
U469                      INVX0_RVT       saed32rvt_tt1p05v25c
                                                          1.270720  
U470                      INVX0_RVT       saed32rvt_tt1p05v25c
                                                          1.270720  
U471                      MUX21X1_RVT     saed32rvt_tt1p05v25c
                                                          3.303872  
U472                      INVX0_RVT       saed32rvt_tt1p05v25c
                                                          1.270720  
U473                      INVX0_RVT       saed32rvt_tt1p05v25c
                                                          1.270720  
U474                      INVX0_RVT       saed32rvt_tt1p05v25c
                                                          1.270720  
U475                      INVX0_RVT       saed32rvt_tt1p05v25c
                                                          1.270720  
U476                      INVX0_RVT       saed32rvt_tt1p05v25c
                                                          1.270720  
U477                      NOR2X0_RVT      saed32rvt_tt1p05v25c
                                                          2.541440  
U478                      INVX1_RVT       saed32rvt_tt1p05v25c
                                                          1.270720  
U479                      OR2X1_RVT       saed32rvt_tt1p05v25c
                                                          2.033152  
U480                      INVX0_RVT       saed32rvt_tt1p05v25c
                                                          1.270720  
U481                      NOR3X0_RVT      saed32rvt_tt1p05v25c
                                                          2.795584  
U482                      OR2X1_RVT       saed32rvt_tt1p05v25c
                                                          2.033152  
U483                      INVX0_RVT       saed32rvt_tt1p05v25c
                                                          1.270720  
U484                      INVX0_RVT       saed32rvt_tt1p05v25c
                                                          1.270720  
U485                      INVX0_RVT       saed32rvt_tt1p05v25c
                                                          1.270720  
U486                      INVX0_RVT       saed32rvt_tt1p05v25c
                                                          1.270720  
U487                      INVX0_RVT       saed32rvt_tt1p05v25c
                                                          1.270720  
U488                      INVX0_RVT       saed32rvt_tt1p05v25c
                                                          1.270720  
U489                      INVX0_RVT       saed32rvt_tt1p05v25c
                                                          1.270720  
U490                      INVX0_RVT       saed32rvt_tt1p05v25c
                                                          1.270720  
U491                      INVX0_RVT       saed32rvt_tt1p05v25c
                                                          1.270720  
U492                      INVX0_RVT       saed32rvt_tt1p05v25c
                                                          1.270720  
U493                      INVX1_RVT       saed32rvt_tt1p05v25c
                                                          1.270720  
U494                      INVX1_RVT       saed32rvt_tt1p05v25c
                                                          1.270720  
U495                      XOR2X1_RVT      saed32rvt_tt1p05v25c
                                                          4.320448  
U496                      XOR2X1_RVT      saed32rvt_tt1p05v25c
                                                          4.320448  
U497                      XOR2X1_RVT      saed32rvt_tt1p05v25c
                                                          4.320448  
U498                      XOR2X1_RVT      saed32rvt_tt1p05v25c
                                                          4.320448  
U499                      XOR2X1_RVT      saed32rvt_tt1p05v25c
                                                          4.320448  
U500                      OR2X1_RVT       saed32rvt_tt1p05v25c
                                                          2.033152  
U501                      MUX21X1_RVT     saed32rvt_tt1p05v25c
                                                          3.303872  
U502                      OR2X1_RVT       saed32rvt_tt1p05v25c
                                                          2.033152  
U503                      INVX1_RVT       saed32rvt_tt1p05v25c
                                                          1.270720  
U504                      INVX1_RVT       saed32rvt_tt1p05v25c
                                                          1.270720  
U505                      XOR2X1_RVT      saed32rvt_tt1p05v25c
                                                          4.320448  
U506                      AO21X1_RVT      saed32rvt_tt1p05v25c
                                                          2.541440  
U507                      MUX21X1_RVT     saed32rvt_tt1p05v25c
                                                          3.303872  
U508                      NOR2X0_RVT      saed32rvt_tt1p05v25c
                                                          2.541440  
U509                      AO21X1_RVT      saed32rvt_tt1p05v25c
                                                          2.541440  
U510                      XOR2X1_RVT      saed32rvt_tt1p05v25c
                                                          4.320448  
U511                      MUX21X1_RVT     saed32rvt_tt1p05v25c
                                                          3.303872  
U512                      MUX21X1_RVT     saed32rvt_tt1p05v25c
                                                          3.303872  
U513                      MUX21X1_RVT     saed32rvt_tt1p05v25c
                                                          3.303872  
U514                      XOR2X1_RVT      saed32rvt_tt1p05v25c
                                                          4.320448  
U515                      MUX21X1_RVT     saed32rvt_tt1p05v25c
                                                          3.303872  
U516                      MUX21X1_RVT     saed32rvt_tt1p05v25c
                                                          3.303872  
U517                      AND2X1_RVT      saed32rvt_tt1p05v25c
                                                          2.033152  
U518                      XOR2X1_RVT      saed32rvt_tt1p05v25c
                                                          4.320448  
U519                      XOR2X1_RVT      saed32rvt_tt1p05v25c
                                                          4.320448  
U520                      INVX1_RVT       saed32rvt_tt1p05v25c
                                                          1.270720  
U521                      NOR2X0_RVT      saed32rvt_tt1p05v25c
                                                          2.541440  
U522                      OR2X1_RVT       saed32rvt_tt1p05v25c
                                                          2.033152  
U523                      OR2X1_RVT       saed32rvt_tt1p05v25c
                                                          2.033152  
U524                      AND2X1_RVT      saed32rvt_tt1p05v25c
                                                          2.033152  
U525                      XOR2X1_RVT      saed32rvt_tt1p05v25c
                                                          4.320448  
U527                      NAND2X0_RVT     saed32rvt_tt1p05v25c
                                                          1.524864  
U528                      OR3X2_RVT       saed32rvt_tt1p05v25c
                                                          2.541440  
U529                      NAND2X0_RVT     saed32rvt_tt1p05v25c
                                                          1.524864  
U530                      OAI21X1_RVT     saed32rvt_tt1p05v25c
                                                          3.049728  
U531                      AND2X1_RVT      saed32rvt_tt1p05v25c
                                                          2.033152  
U532                      NOR3X0_RVT      saed32rvt_tt1p05v25c
                                                          2.795584  
U533                      NOR4X1_RVT      saed32rvt_tt1p05v25c
                                                          3.049728  
U534                      NAND4X0_RVT     saed32rvt_tt1p05v25c
                                                          2.033152  
U535                      NOR4X1_RVT      saed32rvt_tt1p05v25c
                                                          3.049728  
U536                      NAND2X0_RVT     saed32rvt_tt1p05v25c
                                                          1.524864  
U537                      NOR2X0_RVT      saed32rvt_tt1p05v25c
                                                          2.541440  
U538                      OR2X1_RVT       saed32rvt_tt1p05v25c
                                                          2.033152  
U539                      INVX0_RVT       saed32rvt_tt1p05v25c
                                                          1.270720  
U540                      INVX0_RVT       saed32rvt_tt1p05v25c
                                                          1.270720  
U541                      AOI22X1_RVT     saed32rvt_tt1p05v25c
                                                          3.049728  
U542                      OA221X1_RVT     saed32rvt_tt1p05v25c
                                                          3.049728  
U543                      INVX0_RVT       saed32rvt_tt1p05v25c
                                                          1.270720  
U544                      INVX0_RVT       saed32rvt_tt1p05v25c
                                                          1.270720  
U545                      AOI22X1_RVT     saed32rvt_tt1p05v25c
                                                          3.049728  
U546                      OA221X1_RVT     saed32rvt_tt1p05v25c
                                                          3.049728  
U547                      INVX0_RVT       saed32rvt_tt1p05v25c
                                                          1.270720  
U548                      INVX0_RVT       saed32rvt_tt1p05v25c
                                                          1.270720  
U549                      AOI22X1_RVT     saed32rvt_tt1p05v25c
                                                          3.049728  
U550                      OA221X1_RVT     saed32rvt_tt1p05v25c
                                                          3.049728  
U551                      INVX0_RVT       saed32rvt_tt1p05v25c
                                                          1.270720  
U552                      INVX0_RVT       saed32rvt_tt1p05v25c
                                                          1.270720  
U553                      AOI22X1_RVT     saed32rvt_tt1p05v25c
                                                          3.049728  
U554                      OA221X1_RVT     saed32rvt_tt1p05v25c
                                                          3.049728  
U555                      NAND4X0_RVT     saed32rvt_tt1p05v25c
                                                          2.033152  
U556                      INVX0_RVT       saed32rvt_tt1p05v25c
                                                          1.270720  
U557                      AOI22X1_RVT     saed32rvt_tt1p05v25c
                                                          3.049728  
U558                      OA221X1_RVT     saed32rvt_tt1p05v25c
                                                          3.049728  
U559                      INVX0_RVT       saed32rvt_tt1p05v25c
                                                          1.270720  
U560                      INVX0_RVT       saed32rvt_tt1p05v25c
                                                          1.270720  
U561                      AOI22X1_RVT     saed32rvt_tt1p05v25c
                                                          3.049728  
U562                      OA221X1_RVT     saed32rvt_tt1p05v25c
                                                          3.049728  
U563                      INVX0_RVT       saed32rvt_tt1p05v25c
                                                          1.270720  
U564                      INVX0_RVT       saed32rvt_tt1p05v25c
                                                          1.270720  
U565                      AOI22X1_RVT     saed32rvt_tt1p05v25c
                                                          3.049728  
U566                      OA221X1_RVT     saed32rvt_tt1p05v25c
                                                          3.049728  
U567                      INVX0_RVT       saed32rvt_tt1p05v25c
                                                          1.270720  
U568                      INVX0_RVT       saed32rvt_tt1p05v25c
                                                          1.270720  
U569                      AOI22X1_RVT     saed32rvt_tt1p05v25c
                                                          3.049728  
U570                      OA221X1_RVT     saed32rvt_tt1p05v25c
                                                          3.049728  
U571                      NAND4X0_RVT     saed32rvt_tt1p05v25c
                                                          2.033152  
U572                      INVX0_RVT       saed32rvt_tt1p05v25c
                                                          1.270720  
U573                      INVX0_RVT       saed32rvt_tt1p05v25c
                                                          1.270720  
U574                      AOI22X1_RVT     saed32rvt_tt1p05v25c
                                                          3.049728  
U575                      OA221X1_RVT     saed32rvt_tt1p05v25c
                                                          3.049728  
U576                      INVX0_RVT       saed32rvt_tt1p05v25c
                                                          1.270720  
U577                      AOI22X1_RVT     saed32rvt_tt1p05v25c
                                                          3.049728  
U578                      OA221X1_RVT     saed32rvt_tt1p05v25c
                                                          3.049728  
U579                      INVX0_RVT       saed32rvt_tt1p05v25c
                                                          1.270720  
U580                      INVX0_RVT       saed32rvt_tt1p05v25c
                                                          1.270720  
U581                      AOI22X1_RVT     saed32rvt_tt1p05v25c
                                                          3.049728  
U582                      OA221X1_RVT     saed32rvt_tt1p05v25c
                                                          3.049728  
U583                      INVX0_RVT       saed32rvt_tt1p05v25c
                                                          1.270720  
U584                      INVX0_RVT       saed32rvt_tt1p05v25c
                                                          1.270720  
U585                      AOI22X1_RVT     saed32rvt_tt1p05v25c
                                                          3.049728  
U586                      OA221X1_RVT     saed32rvt_tt1p05v25c
                                                          3.049728  
U587                      NAND4X0_RVT     saed32rvt_tt1p05v25c
                                                          2.033152  
U588                      INVX0_RVT       saed32rvt_tt1p05v25c
                                                          1.270720  
U589                      INVX0_RVT       saed32rvt_tt1p05v25c
                                                          1.270720  
U590                      AOI22X1_RVT     saed32rvt_tt1p05v25c
                                                          3.049728  
U591                      OA221X1_RVT     saed32rvt_tt1p05v25c
                                                          3.049728  
U592                      INVX0_RVT       saed32rvt_tt1p05v25c
                                                          1.270720  
U593                      INVX0_RVT       saed32rvt_tt1p05v25c
                                                          1.270720  
U594                      AOI22X1_RVT     saed32rvt_tt1p05v25c
                                                          3.049728  
U595                      OA221X1_RVT     saed32rvt_tt1p05v25c
                                                          3.049728  
U596                      INVX0_RVT       saed32rvt_tt1p05v25c
                                                          1.270720  
U597                      AOI22X1_RVT     saed32rvt_tt1p05v25c
                                                          3.049728  
U598                      OA221X1_RVT     saed32rvt_tt1p05v25c
                                                          3.049728  
U599                      INVX0_RVT       saed32rvt_tt1p05v25c
                                                          1.270720  
U600                      AOI22X1_RVT     saed32rvt_tt1p05v25c
                                                          3.049728  
U601                      OA221X1_RVT     saed32rvt_tt1p05v25c
                                                          3.049728  
U602                      NAND4X0_RVT     saed32rvt_tt1p05v25c
                                                          2.033152  
U603                      NOR4X1_RVT      saed32rvt_tt1p05v25c
                                                          3.049728  
U604                      INVX0_RVT       saed32rvt_tt1p05v25c
                                                          1.270720  
U605                      OR3X2_RVT       saed32rvt_tt1p05v25c
                                                          2.541440  
U606                      XNOR2X1_RVT     saed32rvt_tt1p05v25c
                                                          4.320448  
U607                      AND2X1_RVT      saed32rvt_tt1p05v25c
                                                          2.033152  
U608                      AND2X1_RVT      saed32rvt_tt1p05v25c
                                                          2.033152  
U609                      NOR2X0_RVT      saed32rvt_tt1p05v25c
                                                          2.541440  
U610                      AO22X1_RVT      saed32rvt_tt1p05v25c
                                                          2.541440  
U611                      NOR2X0_RVT      saed32rvt_tt1p05v25c
                                                          2.541440  
U612                      AO22X1_RVT      saed32rvt_tt1p05v25c
                                                          2.541440  
U613                      NOR2X0_RVT      saed32rvt_tt1p05v25c
                                                          2.541440  
U614                      AO22X1_RVT      saed32rvt_tt1p05v25c
                                                          2.541440  
U615                      AO22X1_RVT      saed32rvt_tt1p05v25c
                                                          2.541440  
U616                      AO22X1_RVT      saed32rvt_tt1p05v25c
                                                          2.541440  
U617                      NOR2X0_RVT      saed32rvt_tt1p05v25c
                                                          2.541440  
U618                      NOR2X0_RVT      saed32rvt_tt1p05v25c
                                                          2.541440  
U619                      NOR2X0_RVT      saed32rvt_tt1p05v25c
                                                          2.541440  
U620                      NOR2X0_RVT      saed32rvt_tt1p05v25c
                                                          2.541440  
U621                      NOR2X0_RVT      saed32rvt_tt1p05v25c
                                                          2.541440  
U622                      NOR2X0_RVT      saed32rvt_tt1p05v25c
                                                          2.541440  
U623                      NOR2X0_RVT      saed32rvt_tt1p05v25c
                                                          2.541440  
U624                      NOR2X0_RVT      saed32rvt_tt1p05v25c
                                                          2.541440  
U625                      NOR2X0_RVT      saed32rvt_tt1p05v25c
                                                          2.541440  
U626                      NOR2X0_RVT      saed32rvt_tt1p05v25c
                                                          2.541440  
U627                      NOR2X0_RVT      saed32rvt_tt1p05v25c
                                                          2.541440  
U628                      NOR2X0_RVT      saed32rvt_tt1p05v25c
                                                          2.541440  
U629                      NOR2X0_RVT      saed32rvt_tt1p05v25c
                                                          2.541440  
U630                      NOR2X0_RVT      saed32rvt_tt1p05v25c
                                                          2.541440  
U631                      NOR2X0_RVT      saed32rvt_tt1p05v25c
                                                          2.541440  
U632                      NAND3X0_RVT     saed32rvt_tt1p05v25c
                                                          1.779008  
U633                      OAI22X1_RVT     saed32rvt_tt1p05v25c
                                                          3.049728  
U634                      NAND4X0_RVT     saed32rvt_tt1p05v25c
                                                          2.033152  
U635                      AND2X1_RVT      saed32rvt_tt1p05v25c
                                                          2.033152  
U636                      NOR2X0_RVT      saed32rvt_tt1p05v25c
                                                          2.541440  
U637                      NAND2X0_RVT     saed32rvt_tt1p05v25c
                                                          1.524864  
U638                      OA22X1_RVT      saed32rvt_tt1p05v25c
                                                          2.541440  
U639                      OR2X1_RVT       saed32rvt_tt1p05v25c
                                                          2.033152  
U640                      NOR2X0_RVT      saed32rvt_tt1p05v25c
                                                          2.541440  
U641                      NOR2X0_RVT      saed32rvt_tt1p05v25c
                                                          2.541440  
U642                      NOR2X0_RVT      saed32rvt_tt1p05v25c
                                                          2.541440  
U643                      NOR2X0_RVT      saed32rvt_tt1p05v25c
                                                          2.541440  
U644                      NOR2X0_RVT      saed32rvt_tt1p05v25c
                                                          2.541440  
U645                      NOR2X0_RVT      saed32rvt_tt1p05v25c
                                                          2.541440  
U646                      NOR2X0_RVT      saed32rvt_tt1p05v25c
                                                          2.541440  
U647                      NOR2X0_RVT      saed32rvt_tt1p05v25c
                                                          2.541440  
U648                      NOR2X0_RVT      saed32rvt_tt1p05v25c
                                                          2.541440  
U649                      NOR2X0_RVT      saed32rvt_tt1p05v25c
                                                          2.541440  
U650                      NAND2X0_RVT     saed32rvt_tt1p05v25c
                                                          1.524864  
U651                      NOR2X0_RVT      saed32rvt_tt1p05v25c
                                                          2.541440  
U652                      NOR2X0_RVT      saed32rvt_tt1p05v25c
                                                          2.541440  
U653                      NOR2X0_RVT      saed32rvt_tt1p05v25c
                                                          2.541440  
U654                      NAND2X0_RVT     saed32rvt_tt1p05v25c
                                                          1.524864  
U655                      NOR2X0_RVT      saed32rvt_tt1p05v25c
                                                          2.541440  
U656                      NOR2X0_RVT      saed32rvt_tt1p05v25c
                                                          2.541440  
U657                      NOR2X0_RVT      saed32rvt_tt1p05v25c
                                                          2.541440  
U658                      NAND2X0_RVT     saed32rvt_tt1p05v25c
                                                          1.524864  
U659                      NOR2X0_RVT      saed32rvt_tt1p05v25c
                                                          2.541440  
U660                      NOR2X0_RVT      saed32rvt_tt1p05v25c
                                                          2.541440  
U661                      NOR2X0_RVT      saed32rvt_tt1p05v25c
                                                          2.541440  
U662                      NAND2X0_RVT     saed32rvt_tt1p05v25c
                                                          1.524864  
U663                      NOR2X0_RVT      saed32rvt_tt1p05v25c
                                                          2.541440  
U664                      NOR2X0_RVT      saed32rvt_tt1p05v25c
                                                          2.541440  
U665                      NOR2X0_RVT      saed32rvt_tt1p05v25c
                                                          2.541440  
U666                      NAND2X0_RVT     saed32rvt_tt1p05v25c
                                                          1.524864  
U667                      NOR2X0_RVT      saed32rvt_tt1p05v25c
                                                          2.541440  
U668                      NOR2X0_RVT      saed32rvt_tt1p05v25c
                                                          2.541440  
U669                      NOR2X0_RVT      saed32rvt_tt1p05v25c
                                                          2.541440  
U670                      NAND2X0_RVT     saed32rvt_tt1p05v25c
                                                          1.524864  
U671                      NOR2X0_RVT      saed32rvt_tt1p05v25c
                                                          2.541440  
U672                      NOR2X0_RVT      saed32rvt_tt1p05v25c
                                                          2.541440  
U673                      NOR2X0_RVT      saed32rvt_tt1p05v25c
                                                          2.541440  
U674                      NAND2X0_RVT     saed32rvt_tt1p05v25c
                                                          1.524864  
U675                      NOR2X0_RVT      saed32rvt_tt1p05v25c
                                                          2.541440  
U676                      NOR2X0_RVT      saed32rvt_tt1p05v25c
                                                          2.541440  
U677                      XOR2X1_RVT      saed32rvt_tt1p05v25c
                                                          4.320448  
U678                      AND2X1_RVT      saed32rvt_tt1p05v25c
                                                          2.033152  
U679                      OR2X1_RVT       saed32rvt_tt1p05v25c
                                                          2.033152  
U680                      AND2X1_RVT      saed32rvt_tt1p05v25c
                                                          2.033152  
U681                      AND2X1_RVT      saed32rvt_tt1p05v25c
                                                          2.033152  
U682                      AND2X1_RVT      saed32rvt_tt1p05v25c
                                                          2.033152  
U683                      AND2X1_RVT      saed32rvt_tt1p05v25c
                                                          2.033152  
U684                      AND2X1_RVT      saed32rvt_tt1p05v25c
                                                          2.033152  
U685                      AND2X1_RVT      saed32rvt_tt1p05v25c
                                                          2.033152  
U686                      AND2X1_RVT      saed32rvt_tt1p05v25c
                                                          2.033152  
U687                      AND2X1_RVT      saed32rvt_tt1p05v25c
                                                          2.033152  
U688                      AND2X1_RVT      saed32rvt_tt1p05v25c
                                                          2.033152  
U689                      NAND2X0_RVT     saed32rvt_tt1p05v25c
                                                          1.524864  
U690                      OA22X1_RVT      saed32rvt_tt1p05v25c
                                                          2.541440  
U691                      AO21X1_RVT      saed32rvt_tt1p05v25c
                                                          2.541440  
U692                      MUX21X1_RVT     saed32rvt_tt1p05v25c
                                                          3.303872  
U693                      MUX21X1_RVT     saed32rvt_tt1p05v25c
                                                          3.303872  
U694                      NAND2X0_RVT     saed32rvt_tt1p05v25c
                                                          1.524864  
U695                      OA22X1_RVT      saed32rvt_tt1p05v25c
                                                          2.541440  
U696                      AO21X1_RVT      saed32rvt_tt1p05v25c
                                                          2.541440  
U697                      MUX21X1_RVT     saed32rvt_tt1p05v25c
                                                          3.303872  
U698                      NAND2X0_RVT     saed32rvt_tt1p05v25c
                                                          1.524864  
U699                      OA22X1_RVT      saed32rvt_tt1p05v25c
                                                          2.541440  
U700                      AO21X1_RVT      saed32rvt_tt1p05v25c
                                                          2.541440  
U701                      MUX21X1_RVT     saed32rvt_tt1p05v25c
                                                          3.303872  
U702                      NAND2X0_RVT     saed32rvt_tt1p05v25c
                                                          1.524864  
U703                      OA22X1_RVT      saed32rvt_tt1p05v25c
                                                          2.541440  
U704                      AO21X1_RVT      saed32rvt_tt1p05v25c
                                                          2.541440  
U705                      MUX21X1_RVT     saed32rvt_tt1p05v25c
                                                          3.303872  
U706                      MUX21X1_RVT     saed32rvt_tt1p05v25c
                                                          3.303872  
U707                      MUX21X1_RVT     saed32rvt_tt1p05v25c
                                                          3.303872  
U708                      MUX21X1_RVT     saed32rvt_tt1p05v25c
                                                          3.303872  
U709                      MUX21X1_RVT     saed32rvt_tt1p05v25c
                                                          3.303872  
U710                      MUX21X1_RVT     saed32rvt_tt1p05v25c
                                                          3.303872  
U711                      MUX21X1_RVT     saed32rvt_tt1p05v25c
                                                          3.303872  
U712                      NAND2X0_RVT     saed32rvt_tt1p05v25c
                                                          1.524864  
U713                      OA22X1_RVT      saed32rvt_tt1p05v25c
                                                          2.541440  
U714                      AO21X1_RVT      saed32rvt_tt1p05v25c
                                                          2.541440  
U715                      MUX21X1_RVT     saed32rvt_tt1p05v25c
                                                          3.303872  
U716                      NAND2X0_RVT     saed32rvt_tt1p05v25c
                                                          1.524864  
U717                      OA22X1_RVT      saed32rvt_tt1p05v25c
                                                          2.541440  
U718                      AO21X1_RVT      saed32rvt_tt1p05v25c
                                                          2.541440  
U719                      MUX21X1_RVT     saed32rvt_tt1p05v25c
                                                          3.303872  
U720                      NAND2X0_RVT     saed32rvt_tt1p05v25c
                                                          1.524864  
U721                      OA22X1_RVT      saed32rvt_tt1p05v25c
                                                          2.541440  
U722                      AO21X1_RVT      saed32rvt_tt1p05v25c
                                                          2.541440  
U723                      MUX21X1_RVT     saed32rvt_tt1p05v25c
                                                          3.303872  
U724                      NAND2X0_RVT     saed32rvt_tt1p05v25c
                                                          1.524864  
U725                      OA22X1_RVT      saed32rvt_tt1p05v25c
                                                          2.541440  
U726                      AO21X1_RVT      saed32rvt_tt1p05v25c
                                                          2.541440  
U727                      MUX21X1_RVT     saed32rvt_tt1p05v25c
                                                          3.303872  
U728                      NAND2X0_RVT     saed32rvt_tt1p05v25c
                                                          1.524864  
U729                      OA22X1_RVT      saed32rvt_tt1p05v25c
                                                          2.541440  
U730                      AO21X1_RVT      saed32rvt_tt1p05v25c
                                                          2.541440  
U731                      MUX21X1_RVT     saed32rvt_tt1p05v25c
                                                          3.303872  
U732                      NAND2X0_RVT     saed32rvt_tt1p05v25c
                                                          1.524864  
U733                      OA22X1_RVT      saed32rvt_tt1p05v25c
                                                          2.541440  
U734                      AO21X1_RVT      saed32rvt_tt1p05v25c
                                                          2.541440  
U735                      MUX21X1_RVT     saed32rvt_tt1p05v25c
                                                          3.303872  
U736                      NAND2X0_RVT     saed32rvt_tt1p05v25c
                                                          1.524864  
U737                      OA22X1_RVT      saed32rvt_tt1p05v25c
                                                          2.541440  
U738                      AO21X1_RVT      saed32rvt_tt1p05v25c
                                                          2.541440  
U739                      MUX21X1_RVT     saed32rvt_tt1p05v25c
                                                          3.303872  
U740                      NAND2X0_RVT     saed32rvt_tt1p05v25c
                                                          1.524864  
U741                      OA22X1_RVT      saed32rvt_tt1p05v25c
                                                          2.541440  
U742                      AO21X1_RVT      saed32rvt_tt1p05v25c
                                                          2.541440  
U743                      MUX21X1_RVT     saed32rvt_tt1p05v25c
                                                          3.303872  
U744                      OR2X1_RVT       saed32rvt_tt1p05v25c
                                                          2.033152  
U745                      NAND2X0_RVT     saed32rvt_tt1p05v25c
                                                          1.524864  
U746                      OR2X1_RVT       saed32rvt_tt1p05v25c
                                                          2.033152  
U747                      AO22X1_RVT      saed32rvt_tt1p05v25c
                                                          2.541440  
U748                      OR2X1_RVT       saed32rvt_tt1p05v25c
                                                          2.033152  
U749                      NAND2X0_RVT     saed32rvt_tt1p05v25c
                                                          1.524864  
U750                      OR2X1_RVT       saed32rvt_tt1p05v25c
                                                          2.033152  
U751                      AO22X1_RVT      saed32rvt_tt1p05v25c
                                                          2.541440  
U752                      MUX21X1_RVT     saed32rvt_tt1p05v25c
                                                          3.303872  
U753                      OR2X1_RVT       saed32rvt_tt1p05v25c
                                                          2.033152  
U754                      NAND2X0_RVT     saed32rvt_tt1p05v25c
                                                          1.524864  
U755                      OR2X1_RVT       saed32rvt_tt1p05v25c
                                                          2.033152  
U756                      AO22X1_RVT      saed32rvt_tt1p05v25c
                                                          2.541440  
U757                      MUX21X1_RVT     saed32rvt_tt1p05v25c
                                                          3.303872  
U758                      OR2X1_RVT       saed32rvt_tt1p05v25c
                                                          2.033152  
U759                      NAND2X0_RVT     saed32rvt_tt1p05v25c
                                                          1.524864  
U760                      OR2X1_RVT       saed32rvt_tt1p05v25c
                                                          2.033152  
U761                      AO22X1_RVT      saed32rvt_tt1p05v25c
                                                          2.541440  
U762                      MUX21X1_RVT     saed32rvt_tt1p05v25c
                                                          3.303872  
U763                      OR2X1_RVT       saed32rvt_tt1p05v25c
                                                          2.033152  
U764                      NAND2X0_RVT     saed32rvt_tt1p05v25c
                                                          1.524864  
U765                      OR2X1_RVT       saed32rvt_tt1p05v25c
                                                          2.033152  
U766                      AO22X1_RVT      saed32rvt_tt1p05v25c
                                                          2.541440  
U767                      MUX21X1_RVT     saed32rvt_tt1p05v25c
                                                          3.303872  
U768                      OR2X1_RVT       saed32rvt_tt1p05v25c
                                                          2.033152  
U769                      NAND2X0_RVT     saed32rvt_tt1p05v25c
                                                          1.524864  
U770                      OR2X1_RVT       saed32rvt_tt1p05v25c
                                                          2.033152  
U771                      AO22X1_RVT      saed32rvt_tt1p05v25c
                                                          2.541440  
U772                      MUX21X1_RVT     saed32rvt_tt1p05v25c
                                                          3.303872  
U773                      OR2X1_RVT       saed32rvt_tt1p05v25c
                                                          2.033152  
U774                      NAND2X0_RVT     saed32rvt_tt1p05v25c
                                                          1.524864  
U775                      OR2X1_RVT       saed32rvt_tt1p05v25c
                                                          2.033152  
U776                      AO22X1_RVT      saed32rvt_tt1p05v25c
                                                          2.541440  
U777                      MUX21X1_RVT     saed32rvt_tt1p05v25c
                                                          3.303872  
U778                      OR2X1_RVT       saed32rvt_tt1p05v25c
                                                          2.033152  
U779                      NAND2X0_RVT     saed32rvt_tt1p05v25c
                                                          1.524864  
U780                      OR2X1_RVT       saed32rvt_tt1p05v25c
                                                          2.033152  
U781                      AO22X1_RVT      saed32rvt_tt1p05v25c
                                                          2.541440  
U782                      MUX21X1_RVT     saed32rvt_tt1p05v25c
                                                          3.303872  
U783                      OR2X1_RVT       saed32rvt_tt1p05v25c
                                                          2.033152  
U784                      NAND2X0_RVT     saed32rvt_tt1p05v25c
                                                          1.524864  
U785                      OR2X1_RVT       saed32rvt_tt1p05v25c
                                                          2.033152  
U786                      AO22X1_RVT      saed32rvt_tt1p05v25c
                                                          2.541440  
U787                      MUX21X1_RVT     saed32rvt_tt1p05v25c
                                                          3.303872  
U788                      OR2X1_RVT       saed32rvt_tt1p05v25c
                                                          2.033152  
U789                      NAND2X0_RVT     saed32rvt_tt1p05v25c
                                                          1.524864  
U790                      OR2X1_RVT       saed32rvt_tt1p05v25c
                                                          2.033152  
U791                      AO22X1_RVT      saed32rvt_tt1p05v25c
                                                          2.541440  
U792                      MUX21X1_RVT     saed32rvt_tt1p05v25c
                                                          3.303872  
U793                      OR2X1_RVT       saed32rvt_tt1p05v25c
                                                          2.033152  
U794                      NAND2X0_RVT     saed32rvt_tt1p05v25c
                                                          1.524864  
U795                      OR2X1_RVT       saed32rvt_tt1p05v25c
                                                          2.033152  
U796                      AO22X1_RVT      saed32rvt_tt1p05v25c
                                                          2.541440  
U797                      MUX21X1_RVT     saed32rvt_tt1p05v25c
                                                          3.303872  
U798                      NOR2X0_RVT      saed32rvt_tt1p05v25c
                                                          2.541440  
U799                      OR2X1_RVT       saed32rvt_tt1p05v25c
                                                          2.033152  
U800                      NAND2X0_RVT     saed32rvt_tt1p05v25c
                                                          1.524864  
U801                      OR2X1_RVT       saed32rvt_tt1p05v25c
                                                          2.033152  
U802                      AO22X1_RVT      saed32rvt_tt1p05v25c
                                                          2.541440  
U803                      MUX21X1_RVT     saed32rvt_tt1p05v25c
                                                          3.303872  
u_pc/pc_out_reg[1]        DFFARX1_RVT     saed32rvt_tt1p05v25c
                                                          7.116032  n
u_pc/pc_out_reg[2]        DFFARX1_RVT     saed32rvt_tt1p05v25c
                                                          7.116032  n
u_pc/pc_out_reg[3]        DFFARX1_RVT     saed32rvt_tt1p05v25c
                                                          7.116032  n
u_pc/pc_out_reg[4]        DFFARX1_RVT     saed32rvt_tt1p05v25c
                                                          7.116032  n
u_pc/pc_out_reg[5]        DFFARX1_RVT     saed32rvt_tt1p05v25c
                                                          7.116032  n
u_pc/pc_out_reg[6]        DFFARX1_RVT     saed32rvt_tt1p05v25c
                                                          7.116032  n
u_pc/pc_out_reg[7]        DFFARX1_RVT     saed32rvt_tt1p05v25c
                                                          7.116032  n
u_pc/pc_out_reg[8]        DFFARX1_RVT     saed32rvt_tt1p05v25c
                                                          7.116032  n
u_pc/pc_out_reg[9]        DFFARX1_RVT     saed32rvt_tt1p05v25c
                                                          7.116032  n
u_pc/pc_out_reg[10]       DFFARX1_RVT     saed32rvt_tt1p05v25c
                                                          7.116032  n
u_pc/pc_out_reg[11]       DFFARX1_RVT     saed32rvt_tt1p05v25c
                                                          7.116032  n
u_pc/pc_out_reg[12]       DFFARX1_RVT     saed32rvt_tt1p05v25c
                                                          7.116032  n
u_pc/pc_out_reg[13]       DFFARX1_RVT     saed32rvt_tt1p05v25c
                                                          7.116032  n
u_pc/pc_out_reg[14]       DFFARX1_RVT     saed32rvt_tt1p05v25c
                                                          7.116032  n
u_pc/pc_out_reg[15]       DFFARX1_RVT     saed32rvt_tt1p05v25c
                                                          7.116032  n
u_pc/pc_out_reg[16]       DFFARX1_RVT     saed32rvt_tt1p05v25c
                                                          7.116032  n
u_pc/pc_out_reg[17]       DFFARX1_RVT     saed32rvt_tt1p05v25c
                                                          7.116032  n
u_pc/pc_out_reg[18]       DFFARX1_RVT     saed32rvt_tt1p05v25c
                                                          7.116032  n
u_pc/pc_out_reg[19]       DFFARX1_RVT     saed32rvt_tt1p05v25c
                                                          7.116032  n
u_pc/pc_out_reg[20]       DFFARX1_RVT     saed32rvt_tt1p05v25c
                                                          7.116032  n
u_pc/pc_out_reg[21]       DFFARX1_RVT     saed32rvt_tt1p05v25c
                                                          7.116032  n
u_pc/pc_out_reg[22]       DFFARX1_RVT     saed32rvt_tt1p05v25c
                                                          7.116032  n
u_pc/pc_out_reg[23]       DFFARX1_RVT     saed32rvt_tt1p05v25c
                                                          7.116032  n
u_pc/pc_out_reg[24]       DFFARX1_RVT     saed32rvt_tt1p05v25c
                                                          7.116032  n
u_pc/pc_out_reg[25]       DFFARX1_RVT     saed32rvt_tt1p05v25c
                                                          7.116032  n
u_pc/pc_out_reg[26]       DFFARX1_RVT     saed32rvt_tt1p05v25c
                                                          7.116032  n
u_pc/pc_out_reg[27]       DFFARX1_RVT     saed32rvt_tt1p05v25c
                                                          7.116032  n
u_pc/pc_out_reg[28]       DFFARX1_RVT     saed32rvt_tt1p05v25c
                                                          7.116032  n
u_pc/pc_out_reg[29]       DFFARX1_RVT     saed32rvt_tt1p05v25c
                                                          7.116032  n
u_pc/pc_out_reg[30]       DFFARX1_RVT     saed32rvt_tt1p05v25c
                                                          7.116032  n
u_pc/pc_out_reg[31]       DFFARX1_RVT     saed32rvt_tt1p05v25c
                                                          7.116032  n
u_regfile                 regfile                         13531.897432
                                                                    h, n
--------------------------------------------------------------------------------
Total 543 cells                                           15151.303003
1
