 
****************************************
Report : design
Design : riscv_core_synth
Version: V-2023.12-SP4
Date   : Tue May  5 16:47:15 2026
****************************************

Design allows ideal nets on clock nets.

Library(s) Used:

    saed32rvt_tt1p05v25c (File: /home/vdevaraj/Projects/RISC_v_single_cycle/lib/saed/saed32rvt_tt1p05v25c.db)

Local Link Library:

    {saed32rvt_tt1p05v25c.db}

Flip-Flop Types:

    No flip-flop types specified.

Latch Types:

    No latch types specified.

Operating Conditions:


    Operating Condition Name : tt1p05v25c
    Library : saed32rvt_tt1p05v25c
    Process :   1.00
    Temperature :  25.00
    Voltage :  1.050
    Interconnect Model : balanced_tree

Wire Loading Model:

    Selected automatically from the total cell area.

Name           :   16000
Location       :   saed32rvt_tt1p05v25c
Resistance     :   0.001282
Capacitance    :   0.000569
Area           :   0.01
Slope          :   108.438
Fanout   Length   Points Average Cap Std Deviation
--------------------------------------------------------------
     1    15.10
     2    34.61
     3    56.42
     4    80.84
     5   108.20
     6   138.79
     7   172.92
     8   210.91
     9   253.07
    10   299.71
    11   351.13
    12   407.64
    13   469.57
    14   537.20
    15   610.87
    16   690.86
    17   777.51
    18   871.11
    19   971.97
    20  1080.41



Wire Loading Model Mode: enclosed.

Timing Ranges:

    No timing ranges specified.

Pin Input Delays:

    None specified.

Pin Output Delays:

    None specified.

Disabled Timing Arcs:

    No arcs disabled.

Required Licenses:

    DesignWare

Design Parameters:

    None specified.
1
