 
****************************************
Report : hierarchy
Design : riscv_core_synth
Version: V-2023.12-SP4
Date   : Tue May  5 16:47:15 2026
****************************************

Attributes:
    r - licensed design

riscv_core_synth   r
    AND2X1_RVT              saed32rvt_tt1p05v25c
    AO21X1_RVT              saed32rvt_tt1p05v25c
    AO22X1_RVT              saed32rvt_tt1p05v25c
    AOI22X1_RVT             saed32rvt_tt1p05v25c
    DFFARX1_RVT             saed32rvt_tt1p05v25c
    FADDX1_RVT              saed32rvt_tt1p05v25c
    INVX0_RVT               saed32rvt_tt1p05v25c
    INVX1_RVT               saed32rvt_tt1p05v25c
    MUX21X1_RVT             saed32rvt_tt1p05v25c
    NAND2X0_RVT             saed32rvt_tt1p05v25c
    NAND3X0_RVT             saed32rvt_tt1p05v25c
    NAND4X0_RVT             saed32rvt_tt1p05v25c
    NOR2X0_RVT              saed32rvt_tt1p05v25c
    NOR3X0_RVT              saed32rvt_tt1p05v25c
    NOR4X1_RVT              saed32rvt_tt1p05v25c
    OA22X1_RVT              saed32rvt_tt1p05v25c
    OA221X1_RVT             saed32rvt_tt1p05v25c
    OAI21X1_RVT             saed32rvt_tt1p05v25c
    OAI22X1_RVT             saed32rvt_tt1p05v25c
    OR2X1_RVT               saed32rvt_tt1p05v25c
    OR3X2_RVT               saed32rvt_tt1p05v25c
    XNOR2X1_RVT             saed32rvt_tt1p05v25c
    XOR2X1_RVT              saed32rvt_tt1p05v25c
    regfile
        AND2X1_RVT          saed32rvt_tt1p05v25c
        AND3X1_RVT          saed32rvt_tt1p05v25c
        AND4X1_RVT          saed32rvt_tt1p05v25c
        AO22X1_RVT          saed32rvt_tt1p05v25c
        DFFARX1_RVT         saed32rvt_tt1p05v25c
        INVX0_RVT           saed32rvt_tt1p05v25c
        INVX1_RVT           saed32rvt_tt1p05v25c
        NAND2X0_RVT         saed32rvt_tt1p05v25c
        NAND4X0_RVT         saed32rvt_tt1p05v25c
        NBUFFX2_RVT         saed32rvt_tt1p05v25c
        NOR2X0_RVT          saed32rvt_tt1p05v25c
        NOR4X1_RVT          saed32rvt_tt1p05v25c
1
