 
****************************************
Report : power
        -analysis_effort low
Design : riscv_core_synth
Version: V-2023.12-SP4
Date   : Tue May  5 16:47:15 2026
****************************************


Library(s) Used:

    saed32rvt_tt1p05v25c (File: /home/vdevaraj/Projects/RISC_v_single_cycle/lib/saed/saed32rvt_tt1p05v25c.db)


Operating Conditions: tt1p05v25c   Library: saed32rvt_tt1p05v25c
Wire Load Model Mode: enclosed

Design        Wire Load Model            Library
------------------------------------------------
riscv_core_synth       16000             saed32rvt_tt1p05v25c
regfile                16000             saed32rvt_tt1p05v25c


Global Operating Voltage = 1.05 
Power-specific unit information :
    Voltage Units = 1V
    Capacitance Units = 1.000000ff
    Time Units = 1ns
    Dynamic Power Units = 1uW    (derived from V,C,T units)
    Leakage Power Units = 1pW


Attributes
----------
i - Including register clock pin internal power


  Cell Internal Power  =   0.0000 uW    (0%)
  Net Switching Power  =  14.0997 uW  (100%)
                         ---------
Total Dynamic Power    =  14.0997 uW  (100%)

Cell Leakage Power     = 394.4459 uW


                 Internal         Switching           Leakage            Total
Power Group      Power            Power               Power              Power   (   %    )  Attrs
--------------------------------------------------------------------------------------------------
io_pad             0.0000            0.0000            0.0000            0.0000  (   0.00%)
memory             0.0000            0.0000            0.0000            0.0000  (   0.00%)
black_box          0.0000            0.0000            0.0000            0.0000  (   0.00%)
clock_network      0.0000            0.0000            0.0000            0.0000  (   0.00%)  i
register           0.0000            0.1756        1.6860e+08          168.7724  (  41.31%)
sequential         0.0000            0.0000            0.0000            0.0000  (   0.00%)
combinational      0.0000           13.9242        2.2585e+08          239.7733  (  58.69%)
--------------------------------------------------------------------------------------------------
Total              0.0000 uW        14.0999 uW     3.9445e+08 pW       408.5457 uW
1
