 
****************************************
Report : timing
        -path full
        -delay max
        -max_paths 10
Design : riscv_core_synth
Version: V-2023.12-SP4
Date   : Tue May  5 16:47:15 2026
****************************************

 # A fanout number of 1000 was used for high fanout net computations.

Operating Conditions: tt1p05v25c   Library: saed32rvt_tt1p05v25c
Wire Load Model Mode: enclosed

  Startpoint: imem_rdata[4]
              (input port clocked by clk)
  Endpoint: dmem_addr[31]
            (output port clocked by clk)
  Path Group: clk
  Path Type: max

  Des/Clust/Port     Wire Load Model       Library
  ------------------------------------------------
  riscv_core_synth   16000                 saed32rvt_tt1p05v25c

  Point                                                   Incr       Path
  --------------------------------------------------------------------------
  clock clk (rise edge)                                   0.00       0.00
  clock network delay (ideal)                             0.00       0.00
  input external delay                                    1.00       1.00 f
  imem_rdata[4] (in)                                      0.00       1.00 f
  U485/Y (INVX0_RVT)                                      0.09       1.09 r
  U532/Y (NOR3X0_RVT)                                     0.06       1.15 f
  U534/Y (NAND4X0_RVT)                                    0.07       1.22 r
  U535/Y (NOR4X1_RVT)                                     0.08       1.30 f
  U536/Y (NAND2X0_RVT)                                    0.07       1.37 r
  U537/Y (NOR2X0_RVT)                                     0.06       1.43 f
  U538/Y (OR2X1_RVT)                                      0.66       2.09 f
  DP_OP_53J1_125_6992/U33/CO (FADDX1_RVT)                 0.96       3.05 f
  DP_OP_53J1_125_6992/U32/CO (FADDX1_RVT)                 0.19       3.24 f
  DP_OP_53J1_125_6992/U31/CO (FADDX1_RVT)                 0.19       3.43 f
  DP_OP_53J1_125_6992/U30/CO (FADDX1_RVT)                 0.19       3.61 f
  DP_OP_53J1_125_6992/U29/CO (FADDX1_RVT)                 0.19       3.80 f
  DP_OP_53J1_125_6992/U28/CO (FADDX1_RVT)                 0.19       3.98 f
  DP_OP_53J1_125_6992/U27/CO (FADDX1_RVT)                 0.19       4.17 f
  DP_OP_53J1_125_6992/U26/CO (FADDX1_RVT)                 0.19       4.35 f
  DP_OP_53J1_125_6992/U25/CO (FADDX1_RVT)                 0.19       4.54 f
  DP_OP_53J1_125_6992/U24/CO (FADDX1_RVT)                 0.19       4.73 f
  DP_OP_53J1_125_6992/U23/CO (FADDX1_RVT)                 0.19       4.91 f
  DP_OP_53J1_125_6992/U22/CO (FADDX1_RVT)                 0.19       5.10 f
  DP_OP_53J1_125_6992/U21/CO (FADDX1_RVT)                 0.19       5.28 f
  DP_OP_53J1_125_6992/U20/CO (FADDX1_RVT)                 0.19       5.47 f
  DP_OP_53J1_125_6992/U19/CO (FADDX1_RVT)                 0.19       5.65 f
  DP_OP_53J1_125_6992/U18/CO (FADDX1_RVT)                 0.19       5.84 f
  DP_OP_53J1_125_6992/U17/CO (FADDX1_RVT)                 0.19       6.02 f
  DP_OP_53J1_125_6992/U16/CO (FADDX1_RVT)                 0.19       6.21 f
  DP_OP_53J1_125_6992/U15/CO (FADDX1_RVT)                 0.19       6.39 f
  DP_OP_53J1_125_6992/U14/CO (FADDX1_RVT)                 0.19       6.58 f
  DP_OP_53J1_125_6992/U13/CO (FADDX1_RVT)                 0.19       6.76 f
  DP_OP_53J1_125_6992/U12/CO (FADDX1_RVT)                 0.19       6.95 f
  DP_OP_53J1_125_6992/U11/CO (FADDX1_RVT)                 0.19       7.13 f
  DP_OP_53J1_125_6992/U10/CO (FADDX1_RVT)                 0.19       7.32 f
  DP_OP_53J1_125_6992/U9/CO (FADDX1_RVT)                  0.19       7.50 f
  DP_OP_53J1_125_6992/U8/CO (FADDX1_RVT)                  0.19       7.69 f
  DP_OP_53J1_125_6992/U7/CO (FADDX1_RVT)                  0.19       7.87 f
  DP_OP_53J1_125_6992/U6/CO (FADDX1_RVT)                  0.19       8.06 f
  DP_OP_53J1_125_6992/U5/CO (FADDX1_RVT)                  0.19       8.24 f
  DP_OP_53J1_125_6992/U4/CO (FADDX1_RVT)                  0.19       8.43 f
  DP_OP_53J1_125_6992/U3/CO (FADDX1_RVT)                  0.18       8.61 f
  U518/Y (XOR2X1_RVT)                                     0.14       8.74 f
  U802/Y (AO22X1_RVT)                                     0.09       8.83 f
  dmem_addr[31] (out)                                     0.00       8.83 f
  data arrival time                                                  8.83

  clock clk (rise edge)                                  30.00      30.00
  clock network delay (ideal)                             0.00      30.00
  output external delay                                  -1.00      29.00
  data required time                                                29.00
  --------------------------------------------------------------------------
  data required time                                                29.00
  data arrival time                                                 -8.83
  --------------------------------------------------------------------------
  slack (MET)                                                       20.17


  Startpoint: imem_rdata[4]
              (input port clocked by clk)
  Endpoint: dmem_addr[30]
            (output port clocked by clk)
  Path Group: clk
  Path Type: max

  Des/Clust/Port     Wire Load Model       Library
  ------------------------------------------------
  riscv_core_synth   16000                 saed32rvt_tt1p05v25c

  Point                                                   Incr       Path
  --------------------------------------------------------------------------
  clock clk (rise edge)                                   0.00       0.00
  clock network delay (ideal)                             0.00       0.00
  input external delay                                    1.00       1.00 f
  imem_rdata[4] (in)                                      0.00       1.00 f
  U485/Y (INVX0_RVT)                                      0.09       1.09 r
  U532/Y (NOR3X0_RVT)                                     0.06       1.15 f
  U534/Y (NAND4X0_RVT)                                    0.07       1.22 r
  U535/Y (NOR4X1_RVT)                                     0.08       1.30 f
  U536/Y (NAND2X0_RVT)                                    0.07       1.37 r
  U537/Y (NOR2X0_RVT)                                     0.06       1.43 f
  U538/Y (OR2X1_RVT)                                      0.66       2.09 f
  DP_OP_53J1_125_6992/U33/CO (FADDX1_RVT)                 0.96       3.05 f
  DP_OP_53J1_125_6992/U32/CO (FADDX1_RVT)                 0.19       3.24 f
  DP_OP_53J1_125_6992/U31/CO (FADDX1_RVT)                 0.19       3.43 f
  DP_OP_53J1_125_6992/U30/CO (FADDX1_RVT)                 0.19       3.61 f
  DP_OP_53J1_125_6992/U29/CO (FADDX1_RVT)                 0.19       3.80 f
  DP_OP_53J1_125_6992/U28/CO (FADDX1_RVT)                 0.19       3.98 f
  DP_OP_53J1_125_6992/U27/CO (FADDX1_RVT)                 0.19       4.17 f
  DP_OP_53J1_125_6992/U26/CO (FADDX1_RVT)                 0.19       4.35 f
  DP_OP_53J1_125_6992/U25/CO (FADDX1_RVT)                 0.19       4.54 f
  DP_OP_53J1_125_6992/U24/CO (FADDX1_RVT)                 0.19       4.73 f
  DP_OP_53J1_125_6992/U23/CO (FADDX1_RVT)                 0.19       4.91 f
  DP_OP_53J1_125_6992/U22/CO (FADDX1_RVT)                 0.19       5.10 f
  DP_OP_53J1_125_6992/U21/CO (FADDX1_RVT)                 0.19       5.28 f
  DP_OP_53J1_125_6992/U20/CO (FADDX1_RVT)                 0.19       5.47 f
  DP_OP_53J1_125_6992/U19/CO (FADDX1_RVT)                 0.19       5.65 f
  DP_OP_53J1_125_6992/U18/CO (FADDX1_RVT)                 0.19       5.84 f
  DP_OP_53J1_125_6992/U17/CO (FADDX1_RVT)                 0.19       6.02 f
  DP_OP_53J1_125_6992/U16/CO (FADDX1_RVT)                 0.19       6.21 f
  DP_OP_53J1_125_6992/U15/CO (FADDX1_RVT)                 0.19       6.39 f
  DP_OP_53J1_125_6992/U14/CO (FADDX1_RVT)                 0.19       6.58 f
  DP_OP_53J1_125_6992/U13/CO (FADDX1_RVT)                 0.19       6.76 f
  DP_OP_53J1_125_6992/U12/CO (FADDX1_RVT)                 0.19       6.95 f
  DP_OP_53J1_125_6992/U11/CO (FADDX1_RVT)                 0.19       7.13 f
  DP_OP_53J1_125_6992/U10/CO (FADDX1_RVT)                 0.19       7.32 f
  DP_OP_53J1_125_6992/U9/CO (FADDX1_RVT)                  0.19       7.50 f
  DP_OP_53J1_125_6992/U8/CO (FADDX1_RVT)                  0.19       7.69 f
  DP_OP_53J1_125_6992/U7/CO (FADDX1_RVT)                  0.19       7.87 f
  DP_OP_53J1_125_6992/U6/CO (FADDX1_RVT)                  0.19       8.06 f
  DP_OP_53J1_125_6992/U5/CO (FADDX1_RVT)                  0.19       8.24 f
  DP_OP_53J1_125_6992/U4/CO (FADDX1_RVT)                  0.19       8.43 f
  DP_OP_53J1_125_6992/U3/S (FADDX1_RVT)                   0.17       8.60 f
  U796/Y (AO22X1_RVT)                                     0.09       8.69 f
  dmem_addr[30] (out)                                     0.00       8.69 f
  data arrival time                                                  8.69

  clock clk (rise edge)                                  30.00      30.00
  clock network delay (ideal)                             0.00      30.00
  output external delay                                  -1.00      29.00
  data required time                                                29.00
  --------------------------------------------------------------------------
  data required time                                                29.00
  data arrival time                                                 -8.69
  --------------------------------------------------------------------------
  slack (MET)                                                       20.31


  Startpoint: imem_rdata[4]
              (input port clocked by clk)
  Endpoint: u_regfile/registers_reg[3][31]
            (rising edge-triggered flip-flop clocked by clk)
  Path Group: clk
  Path Type: max

  Des/Clust/Port     Wire Load Model       Library
  ------------------------------------------------
  riscv_core_synth   16000                 saed32rvt_tt1p05v25c
  regfile            16000                 saed32rvt_tt1p05v25c

  Point                                                   Incr       Path
  --------------------------------------------------------------------------
  clock clk (rise edge)                                   0.00       0.00
  clock network delay (ideal)                             0.00       0.00
  input external delay                                    1.00       1.00 f
  imem_rdata[4] (in)                                      0.00       1.00 f
  U485/Y (INVX0_RVT)                                      0.09       1.09 r
  U532/Y (NOR3X0_RVT)                                     0.06       1.15 f
  U534/Y (NAND4X0_RVT)                                    0.07       1.22 r
  U535/Y (NOR4X1_RVT)                                     0.08       1.30 f
  U536/Y (NAND2X0_RVT)                                    0.07       1.37 r
  U537/Y (NOR2X0_RVT)                                     0.06       1.43 f
  U538/Y (OR2X1_RVT)                                      0.66       2.09 f
  DP_OP_53J1_125_6992/U33/CO (FADDX1_RVT)                 0.96       3.05 f
  DP_OP_53J1_125_6992/U32/CO (FADDX1_RVT)                 0.19       3.24 f
  DP_OP_53J1_125_6992/U31/CO (FADDX1_RVT)                 0.19       3.43 f
  DP_OP_53J1_125_6992/U30/CO (FADDX1_RVT)                 0.19       3.61 f
  DP_OP_53J1_125_6992/U29/CO (FADDX1_RVT)                 0.19       3.80 f
  DP_OP_53J1_125_6992/U28/CO (FADDX1_RVT)                 0.19       3.98 f
  DP_OP_53J1_125_6992/U27/CO (FADDX1_RVT)                 0.19       4.17 f
  DP_OP_53J1_125_6992/U26/CO (FADDX1_RVT)                 0.19       4.35 f
  DP_OP_53J1_125_6992/U25/CO (FADDX1_RVT)                 0.19       4.54 f
  DP_OP_53J1_125_6992/U24/CO (FADDX1_RVT)                 0.19       4.73 f
  DP_OP_53J1_125_6992/U23/CO (FADDX1_RVT)                 0.19       4.91 f
  DP_OP_53J1_125_6992/U22/CO (FADDX1_RVT)                 0.19       5.10 f
  DP_OP_53J1_125_6992/U21/CO (FADDX1_RVT)                 0.19       5.28 f
  DP_OP_53J1_125_6992/U20/CO (FADDX1_RVT)                 0.19       5.47 f
  DP_OP_53J1_125_6992/U19/CO (FADDX1_RVT)                 0.19       5.65 f
  DP_OP_53J1_125_6992/U18/CO (FADDX1_RVT)                 0.19       5.84 f
  DP_OP_53J1_125_6992/U17/CO (FADDX1_RVT)                 0.19       6.02 f
  DP_OP_53J1_125_6992/U16/CO (FADDX1_RVT)                 0.19       6.21 f
  DP_OP_53J1_125_6992/U15/CO (FADDX1_RVT)                 0.19       6.39 f
  DP_OP_53J1_125_6992/U14/CO (FADDX1_RVT)                 0.19       6.58 f
  DP_OP_53J1_125_6992/U13/CO (FADDX1_RVT)                 0.19       6.76 f
  DP_OP_53J1_125_6992/U12/CO (FADDX1_RVT)                 0.19       6.95 f
  DP_OP_53J1_125_6992/U11/CO (FADDX1_RVT)                 0.19       7.13 f
  DP_OP_53J1_125_6992/U10/CO (FADDX1_RVT)                 0.19       7.32 f
  DP_OP_53J1_125_6992/U9/CO (FADDX1_RVT)                  0.19       7.50 f
  DP_OP_53J1_125_6992/U8/CO (FADDX1_RVT)                  0.19       7.69 f
  DP_OP_53J1_125_6992/U7/CO (FADDX1_RVT)                  0.19       7.87 f
  DP_OP_53J1_125_6992/U6/CO (FADDX1_RVT)                  0.19       8.06 f
  DP_OP_53J1_125_6992/U5/CO (FADDX1_RVT)                  0.19       8.24 f
  DP_OP_53J1_125_6992/U4/CO (FADDX1_RVT)                  0.19       8.43 f
  DP_OP_53J1_125_6992/U3/CO (FADDX1_RVT)                  0.18       8.61 f
  U518/Y (XOR2X1_RVT)                                     0.14       8.74 f
  U802/Y (AO22X1_RVT)                                     0.09       8.83 f
  U803/Y (MUX21X1_RVT)                                    0.40       9.24 f
  u_regfile/write_data[31] (regfile)                      0.00       9.24 f
  u_regfile/U1624/Y (AO22X1_RVT)                          0.32       9.56 f
  u_regfile/registers_reg[3][31]/D (DFFARX1_RVT)          0.05       9.61 f
  data arrival time                                                  9.61

  clock clk (rise edge)                                  30.00      30.00
  clock network delay (ideal)                             0.00      30.00
  u_regfile/registers_reg[3][31]/CLK (DFFARX1_RVT)        0.00      30.00 r
  library setup time                                     -0.05      29.95
  data required time                                                29.95
  --------------------------------------------------------------------------
  data required time                                                29.95
  data arrival time                                                 -9.61
  --------------------------------------------------------------------------
  slack (MET)                                                       20.35


  Startpoint: imem_rdata[4]
              (input port clocked by clk)
  Endpoint: u_regfile/registers_reg[4][31]
            (rising edge-triggered flip-flop clocked by clk)
  Path Group: clk
  Path Type: max

  Des/Clust/Port     Wire Load Model       Library
  ------------------------------------------------
  riscv_core_synth   16000                 saed32rvt_tt1p05v25c
  regfile            16000                 saed32rvt_tt1p05v25c

  Point                                                   Incr       Path
  --------------------------------------------------------------------------
  clock clk (rise edge)                                   0.00       0.00
  clock network delay (ideal)                             0.00       0.00
  input external delay                                    1.00       1.00 f
  imem_rdata[4] (in)                                      0.00       1.00 f
  U485/Y (INVX0_RVT)                                      0.09       1.09 r
  U532/Y (NOR3X0_RVT)                                     0.06       1.15 f
  U534/Y (NAND4X0_RVT)                                    0.07       1.22 r
  U535/Y (NOR4X1_RVT)                                     0.08       1.30 f
  U536/Y (NAND2X0_RVT)                                    0.07       1.37 r
  U537/Y (NOR2X0_RVT)                                     0.06       1.43 f
  U538/Y (OR2X1_RVT)                                      0.66       2.09 f
  DP_OP_53J1_125_6992/U33/CO (FADDX1_RVT)                 0.96       3.05 f
  DP_OP_53J1_125_6992/U32/CO (FADDX1_RVT)                 0.19       3.24 f
  DP_OP_53J1_125_6992/U31/CO (FADDX1_RVT)                 0.19       3.43 f
  DP_OP_53J1_125_6992/U30/CO (FADDX1_RVT)                 0.19       3.61 f
  DP_OP_53J1_125_6992/U29/CO (FADDX1_RVT)                 0.19       3.80 f
  DP_OP_53J1_125_6992/U28/CO (FADDX1_RVT)                 0.19       3.98 f
  DP_OP_53J1_125_6992/U27/CO (FADDX1_RVT)                 0.19       4.17 f
  DP_OP_53J1_125_6992/U26/CO (FADDX1_RVT)                 0.19       4.35 f
  DP_OP_53J1_125_6992/U25/CO (FADDX1_RVT)                 0.19       4.54 f
  DP_OP_53J1_125_6992/U24/CO (FADDX1_RVT)                 0.19       4.73 f
  DP_OP_53J1_125_6992/U23/CO (FADDX1_RVT)                 0.19       4.91 f
  DP_OP_53J1_125_6992/U22/CO (FADDX1_RVT)                 0.19       5.10 f
  DP_OP_53J1_125_6992/U21/CO (FADDX1_RVT)                 0.19       5.28 f
  DP_OP_53J1_125_6992/U20/CO (FADDX1_RVT)                 0.19       5.47 f
  DP_OP_53J1_125_6992/U19/CO (FADDX1_RVT)                 0.19       5.65 f
  DP_OP_53J1_125_6992/U18/CO (FADDX1_RVT)                 0.19       5.84 f
  DP_OP_53J1_125_6992/U17/CO (FADDX1_RVT)                 0.19       6.02 f
  DP_OP_53J1_125_6992/U16/CO (FADDX1_RVT)                 0.19       6.21 f
  DP_OP_53J1_125_6992/U15/CO (FADDX1_RVT)                 0.19       6.39 f
  DP_OP_53J1_125_6992/U14/CO (FADDX1_RVT)                 0.19       6.58 f
  DP_OP_53J1_125_6992/U13/CO (FADDX1_RVT)                 0.19       6.76 f
  DP_OP_53J1_125_6992/U12/CO (FADDX1_RVT)                 0.19       6.95 f
  DP_OP_53J1_125_6992/U11/CO (FADDX1_RVT)                 0.19       7.13 f
  DP_OP_53J1_125_6992/U10/CO (FADDX1_RVT)                 0.19       7.32 f
  DP_OP_53J1_125_6992/U9/CO (FADDX1_RVT)                  0.19       7.50 f
  DP_OP_53J1_125_6992/U8/CO (FADDX1_RVT)                  0.19       7.69 f
  DP_OP_53J1_125_6992/U7/CO (FADDX1_RVT)                  0.19       7.87 f
  DP_OP_53J1_125_6992/U6/CO (FADDX1_RVT)                  0.19       8.06 f
  DP_OP_53J1_125_6992/U5/CO (FADDX1_RVT)                  0.19       8.24 f
  DP_OP_53J1_125_6992/U4/CO (FADDX1_RVT)                  0.19       8.43 f
  DP_OP_53J1_125_6992/U3/CO (FADDX1_RVT)                  0.18       8.61 f
  U518/Y (XOR2X1_RVT)                                     0.14       8.74 f
  U802/Y (AO22X1_RVT)                                     0.09       8.83 f
  U803/Y (MUX21X1_RVT)                                    0.40       9.24 f
  u_regfile/write_data[31] (regfile)                      0.00       9.24 f
  u_regfile/U1657/Y (AO22X1_RVT)                          0.32       9.56 f
  u_regfile/registers_reg[4][31]/D (DFFARX1_RVT)          0.05       9.61 f
  data arrival time                                                  9.61

  clock clk (rise edge)                                  30.00      30.00
  clock network delay (ideal)                             0.00      30.00
  u_regfile/registers_reg[4][31]/CLK (DFFARX1_RVT)        0.00      30.00 r
  library setup time                                     -0.05      29.95
  data required time                                                29.95
  --------------------------------------------------------------------------
  data required time                                                29.95
  data arrival time                                                 -9.61
  --------------------------------------------------------------------------
  slack (MET)                                                       20.35


  Startpoint: imem_rdata[4]
              (input port clocked by clk)
  Endpoint: u_regfile/registers_reg[5][31]
            (rising edge-triggered flip-flop clocked by clk)
  Path Group: clk
  Path Type: max

  Des/Clust/Port     Wire Load Model       Library
  ------------------------------------------------
  riscv_core_synth   16000                 saed32rvt_tt1p05v25c
  regfile            16000                 saed32rvt_tt1p05v25c

  Point                                                   Incr       Path
  --------------------------------------------------------------------------
  clock clk (rise edge)                                   0.00       0.00
  clock network delay (ideal)                             0.00       0.00
  input external delay                                    1.00       1.00 f
  imem_rdata[4] (in)                                      0.00       1.00 f
  U485/Y (INVX0_RVT)                                      0.09       1.09 r
  U532/Y (NOR3X0_RVT)                                     0.06       1.15 f
  U534/Y (NAND4X0_RVT)                                    0.07       1.22 r
  U535/Y (NOR4X1_RVT)                                     0.08       1.30 f
  U536/Y (NAND2X0_RVT)                                    0.07       1.37 r
  U537/Y (NOR2X0_RVT)                                     0.06       1.43 f
  U538/Y (OR2X1_RVT)                                      0.66       2.09 f
  DP_OP_53J1_125_6992/U33/CO (FADDX1_RVT)                 0.96       3.05 f
  DP_OP_53J1_125_6992/U32/CO (FADDX1_RVT)                 0.19       3.24 f
  DP_OP_53J1_125_6992/U31/CO (FADDX1_RVT)                 0.19       3.43 f
  DP_OP_53J1_125_6992/U30/CO (FADDX1_RVT)                 0.19       3.61 f
  DP_OP_53J1_125_6992/U29/CO (FADDX1_RVT)                 0.19       3.80 f
  DP_OP_53J1_125_6992/U28/CO (FADDX1_RVT)                 0.19       3.98 f
  DP_OP_53J1_125_6992/U27/CO (FADDX1_RVT)                 0.19       4.17 f
  DP_OP_53J1_125_6992/U26/CO (FADDX1_RVT)                 0.19       4.35 f
  DP_OP_53J1_125_6992/U25/CO (FADDX1_RVT)                 0.19       4.54 f
  DP_OP_53J1_125_6992/U24/CO (FADDX1_RVT)                 0.19       4.73 f
  DP_OP_53J1_125_6992/U23/CO (FADDX1_RVT)                 0.19       4.91 f
  DP_OP_53J1_125_6992/U22/CO (FADDX1_RVT)                 0.19       5.10 f
  DP_OP_53J1_125_6992/U21/CO (FADDX1_RVT)                 0.19       5.28 f
  DP_OP_53J1_125_6992/U20/CO (FADDX1_RVT)                 0.19       5.47 f
  DP_OP_53J1_125_6992/U19/CO (FADDX1_RVT)                 0.19       5.65 f
  DP_OP_53J1_125_6992/U18/CO (FADDX1_RVT)                 0.19       5.84 f
  DP_OP_53J1_125_6992/U17/CO (FADDX1_RVT)                 0.19       6.02 f
  DP_OP_53J1_125_6992/U16/CO (FADDX1_RVT)                 0.19       6.21 f
  DP_OP_53J1_125_6992/U15/CO (FADDX1_RVT)                 0.19       6.39 f
  DP_OP_53J1_125_6992/U14/CO (FADDX1_RVT)                 0.19       6.58 f
  DP_OP_53J1_125_6992/U13/CO (FADDX1_RVT)                 0.19       6.76 f
  DP_OP_53J1_125_6992/U12/CO (FADDX1_RVT)                 0.19       6.95 f
  DP_OP_53J1_125_6992/U11/CO (FADDX1_RVT)                 0.19       7.13 f
  DP_OP_53J1_125_6992/U10/CO (FADDX1_RVT)                 0.19       7.32 f
  DP_OP_53J1_125_6992/U9/CO (FADDX1_RVT)                  0.19       7.50 f
  DP_OP_53J1_125_6992/U8/CO (FADDX1_RVT)                  0.19       7.69 f
  DP_OP_53J1_125_6992/U7/CO (FADDX1_RVT)                  0.19       7.87 f
  DP_OP_53J1_125_6992/U6/CO (FADDX1_RVT)                  0.19       8.06 f
  DP_OP_53J1_125_6992/U5/CO (FADDX1_RVT)                  0.19       8.24 f
  DP_OP_53J1_125_6992/U4/CO (FADDX1_RVT)                  0.19       8.43 f
  DP_OP_53J1_125_6992/U3/CO (FADDX1_RVT)                  0.18       8.61 f
  U518/Y (XOR2X1_RVT)                                     0.14       8.74 f
  U802/Y (AO22X1_RVT)                                     0.09       8.83 f
  U803/Y (MUX21X1_RVT)                                    0.40       9.24 f
  u_regfile/write_data[31] (regfile)                      0.00       9.24 f
  u_regfile/U1690/Y (AO22X1_RVT)                          0.32       9.56 f
  u_regfile/registers_reg[5][31]/D (DFFARX1_RVT)          0.05       9.61 f
  data arrival time                                                  9.61

  clock clk (rise edge)                                  30.00      30.00
  clock network delay (ideal)                             0.00      30.00
  u_regfile/registers_reg[5][31]/CLK (DFFARX1_RVT)        0.00      30.00 r
  library setup time                                     -0.05      29.95
  data required time                                                29.95
  --------------------------------------------------------------------------
  data required time                                                29.95
  data arrival time                                                 -9.61
  --------------------------------------------------------------------------
  slack (MET)                                                       20.35


  Startpoint: imem_rdata[4]
              (input port clocked by clk)
  Endpoint: u_regfile/registers_reg[7][31]
            (rising edge-triggered flip-flop clocked by clk)
  Path Group: clk
  Path Type: max

  Des/Clust/Port     Wire Load Model       Library
  ------------------------------------------------
  riscv_core_synth   16000                 saed32rvt_tt1p05v25c
  regfile            16000                 saed32rvt_tt1p05v25c

  Point                                                   Incr       Path
  --------------------------------------------------------------------------
  clock clk (rise edge)                                   0.00       0.00
  clock network delay (ideal)                             0.00       0.00
  input external delay                                    1.00       1.00 f
  imem_rdata[4] (in)                                      0.00       1.00 f
  U485/Y (INVX0_RVT)                                      0.09       1.09 r
  U532/Y (NOR3X0_RVT)                                     0.06       1.15 f
  U534/Y (NAND4X0_RVT)                                    0.07       1.22 r
  U535/Y (NOR4X1_RVT)                                     0.08       1.30 f
  U536/Y (NAND2X0_RVT)                                    0.07       1.37 r
  U537/Y (NOR2X0_RVT)                                     0.06       1.43 f
  U538/Y (OR2X1_RVT)                                      0.66       2.09 f
  DP_OP_53J1_125_6992/U33/CO (FADDX1_RVT)                 0.96       3.05 f
  DP_OP_53J1_125_6992/U32/CO (FADDX1_RVT)                 0.19       3.24 f
  DP_OP_53J1_125_6992/U31/CO (FADDX1_RVT)                 0.19       3.43 f
  DP_OP_53J1_125_6992/U30/CO (FADDX1_RVT)                 0.19       3.61 f
  DP_OP_53J1_125_6992/U29/CO (FADDX1_RVT)                 0.19       3.80 f
  DP_OP_53J1_125_6992/U28/CO (FADDX1_RVT)                 0.19       3.98 f
  DP_OP_53J1_125_6992/U27/CO (FADDX1_RVT)                 0.19       4.17 f
  DP_OP_53J1_125_6992/U26/CO (FADDX1_RVT)                 0.19       4.35 f
  DP_OP_53J1_125_6992/U25/CO (FADDX1_RVT)                 0.19       4.54 f
  DP_OP_53J1_125_6992/U24/CO (FADDX1_RVT)                 0.19       4.73 f
  DP_OP_53J1_125_6992/U23/CO (FADDX1_RVT)                 0.19       4.91 f
  DP_OP_53J1_125_6992/U22/CO (FADDX1_RVT)                 0.19       5.10 f
  DP_OP_53J1_125_6992/U21/CO (FADDX1_RVT)                 0.19       5.28 f
  DP_OP_53J1_125_6992/U20/CO (FADDX1_RVT)                 0.19       5.47 f
  DP_OP_53J1_125_6992/U19/CO (FADDX1_RVT)                 0.19       5.65 f
  DP_OP_53J1_125_6992/U18/CO (FADDX1_RVT)                 0.19       5.84 f
  DP_OP_53J1_125_6992/U17/CO (FADDX1_RVT)                 0.19       6.02 f
  DP_OP_53J1_125_6992/U16/CO (FADDX1_RVT)                 0.19       6.21 f
  DP_OP_53J1_125_6992/U15/CO (FADDX1_RVT)                 0.19       6.39 f
  DP_OP_53J1_125_6992/U14/CO (FADDX1_RVT)                 0.19       6.58 f
  DP_OP_53J1_125_6992/U13/CO (FADDX1_RVT)                 0.19       6.76 f
  DP_OP_53J1_125_6992/U12/CO (FADDX1_RVT)                 0.19       6.95 f
  DP_OP_53J1_125_6992/U11/CO (FADDX1_RVT)                 0.19       7.13 f
  DP_OP_53J1_125_6992/U10/CO (FADDX1_RVT)                 0.19       7.32 f
  DP_OP_53J1_125_6992/U9/CO (FADDX1_RVT)                  0.19       7.50 f
  DP_OP_53J1_125_6992/U8/CO (FADDX1_RVT)                  0.19       7.69 f
  DP_OP_53J1_125_6992/U7/CO (FADDX1_RVT)                  0.19       7.87 f
  DP_OP_53J1_125_6992/U6/CO (FADDX1_RVT)                  0.19       8.06 f
  DP_OP_53J1_125_6992/U5/CO (FADDX1_RVT)                  0.19       8.24 f
  DP_OP_53J1_125_6992/U4/CO (FADDX1_RVT)                  0.19       8.43 f
  DP_OP_53J1_125_6992/U3/CO (FADDX1_RVT)                  0.18       8.61 f
  U518/Y (XOR2X1_RVT)                                     0.14       8.74 f
  U802/Y (AO22X1_RVT)                                     0.09       8.83 f
  U803/Y (MUX21X1_RVT)                                    0.40       9.24 f
  u_regfile/write_data[31] (regfile)                      0.00       9.24 f
  u_regfile/U1756/Y (AO22X1_RVT)                          0.32       9.56 f
  u_regfile/registers_reg[7][31]/D (DFFARX1_RVT)          0.05       9.61 f
  data arrival time                                                  9.61

  clock clk (rise edge)                                  30.00      30.00
  clock network delay (ideal)                             0.00      30.00
  u_regfile/registers_reg[7][31]/CLK (DFFARX1_RVT)        0.00      30.00 r
  library setup time                                     -0.05      29.95
  data required time                                                29.95
  --------------------------------------------------------------------------
  data required time                                                29.95
  data arrival time                                                 -9.61
  --------------------------------------------------------------------------
  slack (MET)                                                       20.35


  Startpoint: imem_rdata[4]
              (input port clocked by clk)
  Endpoint: u_regfile/registers_reg[11][31]
            (rising edge-triggered flip-flop clocked by clk)
  Path Group: clk
  Path Type: max

  Des/Clust/Port     Wire Load Model       Library
  ------------------------------------------------
  riscv_core_synth   16000                 saed32rvt_tt1p05v25c
  regfile            16000                 saed32rvt_tt1p05v25c

  Point                                                   Incr       Path
  --------------------------------------------------------------------------
  clock clk (rise edge)                                   0.00       0.00
  clock network delay (ideal)                             0.00       0.00
  input external delay                                    1.00       1.00 f
  imem_rdata[4] (in)                                      0.00       1.00 f
  U485/Y (INVX0_RVT)                                      0.09       1.09 r
  U532/Y (NOR3X0_RVT)                                     0.06       1.15 f
  U534/Y (NAND4X0_RVT)                                    0.07       1.22 r
  U535/Y (NOR4X1_RVT)                                     0.08       1.30 f
  U536/Y (NAND2X0_RVT)                                    0.07       1.37 r
  U537/Y (NOR2X0_RVT)                                     0.06       1.43 f
  U538/Y (OR2X1_RVT)                                      0.66       2.09 f
  DP_OP_53J1_125_6992/U33/CO (FADDX1_RVT)                 0.96       3.05 f
  DP_OP_53J1_125_6992/U32/CO (FADDX1_RVT)                 0.19       3.24 f
  DP_OP_53J1_125_6992/U31/CO (FADDX1_RVT)                 0.19       3.43 f
  DP_OP_53J1_125_6992/U30/CO (FADDX1_RVT)                 0.19       3.61 f
  DP_OP_53J1_125_6992/U29/CO (FADDX1_RVT)                 0.19       3.80 f
  DP_OP_53J1_125_6992/U28/CO (FADDX1_RVT)                 0.19       3.98 f
  DP_OP_53J1_125_6992/U27/CO (FADDX1_RVT)                 0.19       4.17 f
  DP_OP_53J1_125_6992/U26/CO (FADDX1_RVT)                 0.19       4.35 f
  DP_OP_53J1_125_6992/U25/CO (FADDX1_RVT)                 0.19       4.54 f
  DP_OP_53J1_125_6992/U24/CO (FADDX1_RVT)                 0.19       4.73 f
  DP_OP_53J1_125_6992/U23/CO (FADDX1_RVT)                 0.19       4.91 f
  DP_OP_53J1_125_6992/U22/CO (FADDX1_RVT)                 0.19       5.10 f
  DP_OP_53J1_125_6992/U21/CO (FADDX1_RVT)                 0.19       5.28 f
  DP_OP_53J1_125_6992/U20/CO (FADDX1_RVT)                 0.19       5.47 f
  DP_OP_53J1_125_6992/U19/CO (FADDX1_RVT)                 0.19       5.65 f
  DP_OP_53J1_125_6992/U18/CO (FADDX1_RVT)                 0.19       5.84 f
  DP_OP_53J1_125_6992/U17/CO (FADDX1_RVT)                 0.19       6.02 f
  DP_OP_53J1_125_6992/U16/CO (FADDX1_RVT)                 0.19       6.21 f
  DP_OP_53J1_125_6992/U15/CO (FADDX1_RVT)                 0.19       6.39 f
  DP_OP_53J1_125_6992/U14/CO (FADDX1_RVT)                 0.19       6.58 f
  DP_OP_53J1_125_6992/U13/CO (FADDX1_RVT)                 0.19       6.76 f
  DP_OP_53J1_125_6992/U12/CO (FADDX1_RVT)                 0.19       6.95 f
  DP_OP_53J1_125_6992/U11/CO (FADDX1_RVT)                 0.19       7.13 f
  DP_OP_53J1_125_6992/U10/CO (FADDX1_RVT)                 0.19       7.32 f
  DP_OP_53J1_125_6992/U9/CO (FADDX1_RVT)                  0.19       7.50 f
  DP_OP_53J1_125_6992/U8/CO (FADDX1_RVT)                  0.19       7.69 f
  DP_OP_53J1_125_6992/U7/CO (FADDX1_RVT)                  0.19       7.87 f
  DP_OP_53J1_125_6992/U6/CO (FADDX1_RVT)                  0.19       8.06 f
  DP_OP_53J1_125_6992/U5/CO (FADDX1_RVT)                  0.19       8.24 f
  DP_OP_53J1_125_6992/U4/CO (FADDX1_RVT)                  0.19       8.43 f
  DP_OP_53J1_125_6992/U3/CO (FADDX1_RVT)                  0.18       8.61 f
  U518/Y (XOR2X1_RVT)                                     0.14       8.74 f
  U802/Y (AO22X1_RVT)                                     0.09       8.83 f
  U803/Y (MUX21X1_RVT)                                    0.40       9.24 f
  u_regfile/write_data[31] (regfile)                      0.00       9.24 f
  u_regfile/U1889/Y (AO22X1_RVT)                          0.32       9.56 f
  u_regfile/registers_reg[11][31]/D (DFFARX1_RVT)         0.05       9.61 f
  data arrival time                                                  9.61

  clock clk (rise edge)                                  30.00      30.00
  clock network delay (ideal)                             0.00      30.00
  u_regfile/registers_reg[11][31]/CLK (DFFARX1_RVT)       0.00      30.00 r
  library setup time                                     -0.05      29.95
  data required time                                                29.95
  --------------------------------------------------------------------------
  data required time                                                29.95
  data arrival time                                                 -9.61
  --------------------------------------------------------------------------
  slack (MET)                                                       20.35


  Startpoint: imem_rdata[4]
              (input port clocked by clk)
  Endpoint: u_regfile/registers_reg[12][31]
            (rising edge-triggered flip-flop clocked by clk)
  Path Group: clk
  Path Type: max

  Des/Clust/Port     Wire Load Model       Library
  ------------------------------------------------
  riscv_core_synth   16000                 saed32rvt_tt1p05v25c
  regfile            16000                 saed32rvt_tt1p05v25c

  Point                                                   Incr       Path
  --------------------------------------------------------------------------
  clock clk (rise edge)                                   0.00       0.00
  clock network delay (ideal)                             0.00       0.00
  input external delay                                    1.00       1.00 f
  imem_rdata[4] (in)                                      0.00       1.00 f
  U485/Y (INVX0_RVT)                                      0.09       1.09 r
  U532/Y (NOR3X0_RVT)                                     0.06       1.15 f
  U534/Y (NAND4X0_RVT)                                    0.07       1.22 r
  U535/Y (NOR4X1_RVT)                                     0.08       1.30 f
  U536/Y (NAND2X0_RVT)                                    0.07       1.37 r
  U537/Y (NOR2X0_RVT)                                     0.06       1.43 f
  U538/Y (OR2X1_RVT)                                      0.66       2.09 f
  DP_OP_53J1_125_6992/U33/CO (FADDX1_RVT)                 0.96       3.05 f
  DP_OP_53J1_125_6992/U32/CO (FADDX1_RVT)                 0.19       3.24 f
  DP_OP_53J1_125_6992/U31/CO (FADDX1_RVT)                 0.19       3.43 f
  DP_OP_53J1_125_6992/U30/CO (FADDX1_RVT)                 0.19       3.61 f
  DP_OP_53J1_125_6992/U29/CO (FADDX1_RVT)                 0.19       3.80 f
  DP_OP_53J1_125_6992/U28/CO (FADDX1_RVT)                 0.19       3.98 f
  DP_OP_53J1_125_6992/U27/CO (FADDX1_RVT)                 0.19       4.17 f
  DP_OP_53J1_125_6992/U26/CO (FADDX1_RVT)                 0.19       4.35 f
  DP_OP_53J1_125_6992/U25/CO (FADDX1_RVT)                 0.19       4.54 f
  DP_OP_53J1_125_6992/U24/CO (FADDX1_RVT)                 0.19       4.73 f
  DP_OP_53J1_125_6992/U23/CO (FADDX1_RVT)                 0.19       4.91 f
  DP_OP_53J1_125_6992/U22/CO (FADDX1_RVT)                 0.19       5.10 f
  DP_OP_53J1_125_6992/U21/CO (FADDX1_RVT)                 0.19       5.28 f
  DP_OP_53J1_125_6992/U20/CO (FADDX1_RVT)                 0.19       5.47 f
  DP_OP_53J1_125_6992/U19/CO (FADDX1_RVT)                 0.19       5.65 f
  DP_OP_53J1_125_6992/U18/CO (FADDX1_RVT)                 0.19       5.84 f
  DP_OP_53J1_125_6992/U17/CO (FADDX1_RVT)                 0.19       6.02 f
  DP_OP_53J1_125_6992/U16/CO (FADDX1_RVT)                 0.19       6.21 f
  DP_OP_53J1_125_6992/U15/CO (FADDX1_RVT)                 0.19       6.39 f
  DP_OP_53J1_125_6992/U14/CO (FADDX1_RVT)                 0.19       6.58 f
  DP_OP_53J1_125_6992/U13/CO (FADDX1_RVT)                 0.19       6.76 f
  DP_OP_53J1_125_6992/U12/CO (FADDX1_RVT)                 0.19       6.95 f
  DP_OP_53J1_125_6992/U11/CO (FADDX1_RVT)                 0.19       7.13 f
  DP_OP_53J1_125_6992/U10/CO (FADDX1_RVT)                 0.19       7.32 f
  DP_OP_53J1_125_6992/U9/CO (FADDX1_RVT)                  0.19       7.50 f
  DP_OP_53J1_125_6992/U8/CO (FADDX1_RVT)                  0.19       7.69 f
  DP_OP_53J1_125_6992/U7/CO (FADDX1_RVT)                  0.19       7.87 f
  DP_OP_53J1_125_6992/U6/CO (FADDX1_RVT)                  0.19       8.06 f
  DP_OP_53J1_125_6992/U5/CO (FADDX1_RVT)                  0.19       8.24 f
  DP_OP_53J1_125_6992/U4/CO (FADDX1_RVT)                  0.19       8.43 f
  DP_OP_53J1_125_6992/U3/CO (FADDX1_RVT)                  0.18       8.61 f
  U518/Y (XOR2X1_RVT)                                     0.14       8.74 f
  U802/Y (AO22X1_RVT)                                     0.09       8.83 f
  U803/Y (MUX21X1_RVT)                                    0.40       9.24 f
  u_regfile/write_data[31] (regfile)                      0.00       9.24 f
  u_regfile/U1922/Y (AO22X1_RVT)                          0.32       9.56 f
  u_regfile/registers_reg[12][31]/D (DFFARX1_RVT)         0.05       9.61 f
  data arrival time                                                  9.61

  clock clk (rise edge)                                  30.00      30.00
  clock network delay (ideal)                             0.00      30.00
  u_regfile/registers_reg[12][31]/CLK (DFFARX1_RVT)       0.00      30.00 r
  library setup time                                     -0.05      29.95
  data required time                                                29.95
  --------------------------------------------------------------------------
  data required time                                                29.95
  data arrival time                                                 -9.61
  --------------------------------------------------------------------------
  slack (MET)                                                       20.35


  Startpoint: imem_rdata[4]
              (input port clocked by clk)
  Endpoint: u_regfile/registers_reg[14][31]
            (rising edge-triggered flip-flop clocked by clk)
  Path Group: clk
  Path Type: max

  Des/Clust/Port     Wire Load Model       Library
  ------------------------------------------------
  riscv_core_synth   16000                 saed32rvt_tt1p05v25c
  regfile            16000                 saed32rvt_tt1p05v25c

  Point                                                   Incr       Path
  --------------------------------------------------------------------------
  clock clk (rise edge)                                   0.00       0.00
  clock network delay (ideal)                             0.00       0.00
  input external delay                                    1.00       1.00 f
  imem_rdata[4] (in)                                      0.00       1.00 f
  U485/Y (INVX0_RVT)                                      0.09       1.09 r
  U532/Y (NOR3X0_RVT)                                     0.06       1.15 f
  U534/Y (NAND4X0_RVT)                                    0.07       1.22 r
  U535/Y (NOR4X1_RVT)                                     0.08       1.30 f
  U536/Y (NAND2X0_RVT)                                    0.07       1.37 r
  U537/Y (NOR2X0_RVT)                                     0.06       1.43 f
  U538/Y (OR2X1_RVT)                                      0.66       2.09 f
  DP_OP_53J1_125_6992/U33/CO (FADDX1_RVT)                 0.96       3.05 f
  DP_OP_53J1_125_6992/U32/CO (FADDX1_RVT)                 0.19       3.24 f
  DP_OP_53J1_125_6992/U31/CO (FADDX1_RVT)                 0.19       3.43 f
  DP_OP_53J1_125_6992/U30/CO (FADDX1_RVT)                 0.19       3.61 f
  DP_OP_53J1_125_6992/U29/CO (FADDX1_RVT)                 0.19       3.80 f
  DP_OP_53J1_125_6992/U28/CO (FADDX1_RVT)                 0.19       3.98 f
  DP_OP_53J1_125_6992/U27/CO (FADDX1_RVT)                 0.19       4.17 f
  DP_OP_53J1_125_6992/U26/CO (FADDX1_RVT)                 0.19       4.35 f
  DP_OP_53J1_125_6992/U25/CO (FADDX1_RVT)                 0.19       4.54 f
  DP_OP_53J1_125_6992/U24/CO (FADDX1_RVT)                 0.19       4.73 f
  DP_OP_53J1_125_6992/U23/CO (FADDX1_RVT)                 0.19       4.91 f
  DP_OP_53J1_125_6992/U22/CO (FADDX1_RVT)                 0.19       5.10 f
  DP_OP_53J1_125_6992/U21/CO (FADDX1_RVT)                 0.19       5.28 f
  DP_OP_53J1_125_6992/U20/CO (FADDX1_RVT)                 0.19       5.47 f
  DP_OP_53J1_125_6992/U19/CO (FADDX1_RVT)                 0.19       5.65 f
  DP_OP_53J1_125_6992/U18/CO (FADDX1_RVT)                 0.19       5.84 f
  DP_OP_53J1_125_6992/U17/CO (FADDX1_RVT)                 0.19       6.02 f
  DP_OP_53J1_125_6992/U16/CO (FADDX1_RVT)                 0.19       6.21 f
  DP_OP_53J1_125_6992/U15/CO (FADDX1_RVT)                 0.19       6.39 f
  DP_OP_53J1_125_6992/U14/CO (FADDX1_RVT)                 0.19       6.58 f
  DP_OP_53J1_125_6992/U13/CO (FADDX1_RVT)                 0.19       6.76 f
  DP_OP_53J1_125_6992/U12/CO (FADDX1_RVT)                 0.19       6.95 f
  DP_OP_53J1_125_6992/U11/CO (FADDX1_RVT)                 0.19       7.13 f
  DP_OP_53J1_125_6992/U10/CO (FADDX1_RVT)                 0.19       7.32 f
  DP_OP_53J1_125_6992/U9/CO (FADDX1_RVT)                  0.19       7.50 f
  DP_OP_53J1_125_6992/U8/CO (FADDX1_RVT)                  0.19       7.69 f
  DP_OP_53J1_125_6992/U7/CO (FADDX1_RVT)                  0.19       7.87 f
  DP_OP_53J1_125_6992/U6/CO (FADDX1_RVT)                  0.19       8.06 f
  DP_OP_53J1_125_6992/U5/CO (FADDX1_RVT)                  0.19       8.24 f
  DP_OP_53J1_125_6992/U4/CO (FADDX1_RVT)                  0.19       8.43 f
  DP_OP_53J1_125_6992/U3/CO (FADDX1_RVT)                  0.18       8.61 f
  U518/Y (XOR2X1_RVT)                                     0.14       8.74 f
  U802/Y (AO22X1_RVT)                                     0.09       8.83 f
  U803/Y (MUX21X1_RVT)                                    0.40       9.24 f
  u_regfile/write_data[31] (regfile)                      0.00       9.24 f
  u_regfile/U1988/Y (AO22X1_RVT)                          0.32       9.56 f
  u_regfile/registers_reg[14][31]/D (DFFARX1_RVT)         0.05       9.61 f
  data arrival time                                                  9.61

  clock clk (rise edge)                                  30.00      30.00
  clock network delay (ideal)                             0.00      30.00
  u_regfile/registers_reg[14][31]/CLK (DFFARX1_RVT)       0.00      30.00 r
  library setup time                                     -0.05      29.95
  data required time                                                29.95
  --------------------------------------------------------------------------
  data required time                                                29.95
  data arrival time                                                 -9.61
  --------------------------------------------------------------------------
  slack (MET)                                                       20.35


  Startpoint: imem_rdata[4]
              (input port clocked by clk)
  Endpoint: u_regfile/registers_reg[15][31]
            (rising edge-triggered flip-flop clocked by clk)
  Path Group: clk
  Path Type: max

  Des/Clust/Port     Wire Load Model       Library
  ------------------------------------------------
  riscv_core_synth   16000                 saed32rvt_tt1p05v25c
  regfile            16000                 saed32rvt_tt1p05v25c

  Point                                                   Incr       Path
  --------------------------------------------------------------------------
  clock clk (rise edge)                                   0.00       0.00
  clock network delay (ideal)                             0.00       0.00
  input external delay                                    1.00       1.00 f
  imem_rdata[4] (in)                                      0.00       1.00 f
  U485/Y (INVX0_RVT)                                      0.09       1.09 r
  U532/Y (NOR3X0_RVT)                                     0.06       1.15 f
  U534/Y (NAND4X0_RVT)                                    0.07       1.22 r
  U535/Y (NOR4X1_RVT)                                     0.08       1.30 f
  U536/Y (NAND2X0_RVT)                                    0.07       1.37 r
  U537/Y (NOR2X0_RVT)                                     0.06       1.43 f
  U538/Y (OR2X1_RVT)                                      0.66       2.09 f
  DP_OP_53J1_125_6992/U33/CO (FADDX1_RVT)                 0.96       3.05 f
  DP_OP_53J1_125_6992/U32/CO (FADDX1_RVT)                 0.19       3.24 f
  DP_OP_53J1_125_6992/U31/CO (FADDX1_RVT)                 0.19       3.43 f
  DP_OP_53J1_125_6992/U30/CO (FADDX1_RVT)                 0.19       3.61 f
  DP_OP_53J1_125_6992/U29/CO (FADDX1_RVT)                 0.19       3.80 f
  DP_OP_53J1_125_6992/U28/CO (FADDX1_RVT)                 0.19       3.98 f
  DP_OP_53J1_125_6992/U27/CO (FADDX1_RVT)                 0.19       4.17 f
  DP_OP_53J1_125_6992/U26/CO (FADDX1_RVT)                 0.19       4.35 f
  DP_OP_53J1_125_6992/U25/CO (FADDX1_RVT)                 0.19       4.54 f
  DP_OP_53J1_125_6992/U24/CO (FADDX1_RVT)                 0.19       4.73 f
  DP_OP_53J1_125_6992/U23/CO (FADDX1_RVT)                 0.19       4.91 f
  DP_OP_53J1_125_6992/U22/CO (FADDX1_RVT)                 0.19       5.10 f
  DP_OP_53J1_125_6992/U21/CO (FADDX1_RVT)                 0.19       5.28 f
  DP_OP_53J1_125_6992/U20/CO (FADDX1_RVT)                 0.19       5.47 f
  DP_OP_53J1_125_6992/U19/CO (FADDX1_RVT)                 0.19       5.65 f
  DP_OP_53J1_125_6992/U18/CO (FADDX1_RVT)                 0.19       5.84 f
  DP_OP_53J1_125_6992/U17/CO (FADDX1_RVT)                 0.19       6.02 f
  DP_OP_53J1_125_6992/U16/CO (FADDX1_RVT)                 0.19       6.21 f
  DP_OP_53J1_125_6992/U15/CO (FADDX1_RVT)                 0.19       6.39 f
  DP_OP_53J1_125_6992/U14/CO (FADDX1_RVT)                 0.19       6.58 f
  DP_OP_53J1_125_6992/U13/CO (FADDX1_RVT)                 0.19       6.76 f
  DP_OP_53J1_125_6992/U12/CO (FADDX1_RVT)                 0.19       6.95 f
  DP_OP_53J1_125_6992/U11/CO (FADDX1_RVT)                 0.19       7.13 f
  DP_OP_53J1_125_6992/U10/CO (FADDX1_RVT)                 0.19       7.32 f
  DP_OP_53J1_125_6992/U9/CO (FADDX1_RVT)                  0.19       7.50 f
  DP_OP_53J1_125_6992/U8/CO (FADDX1_RVT)                  0.19       7.69 f
  DP_OP_53J1_125_6992/U7/CO (FADDX1_RVT)                  0.19       7.87 f
  DP_OP_53J1_125_6992/U6/CO (FADDX1_RVT)                  0.19       8.06 f
  DP_OP_53J1_125_6992/U5/CO (FADDX1_RVT)                  0.19       8.24 f
  DP_OP_53J1_125_6992/U4/CO (FADDX1_RVT)                  0.19       8.43 f
  DP_OP_53J1_125_6992/U3/CO (FADDX1_RVT)                  0.18       8.61 f
  U518/Y (XOR2X1_RVT)                                     0.14       8.74 f
  U802/Y (AO22X1_RVT)                                     0.09       8.83 f
  U803/Y (MUX21X1_RVT)                                    0.40       9.24 f
  u_regfile/write_data[31] (regfile)                      0.00       9.24 f
  u_regfile/U2021/Y (AO22X1_RVT)                          0.32       9.56 f
  u_regfile/registers_reg[15][31]/D (DFFARX1_RVT)         0.05       9.61 f
  data arrival time                                                  9.61

  clock clk (rise edge)                                  30.00      30.00
  clock network delay (ideal)                             0.00      30.00
  u_regfile/registers_reg[15][31]/CLK (DFFARX1_RVT)       0.00      30.00 r
  library setup time                                     -0.05      29.95
  data required time                                                29.95
  --------------------------------------------------------------------------
  data required time                                                29.95
  data arrival time                                                 -9.61
  --------------------------------------------------------------------------
  slack (MET)                                                       20.35


1
