 
****************************************
Report : area
Design : riscv_core_synth
Version: V-2023.12-SP4
Date   : Tue May  5 16:07:50 2026
****************************************

Information: Updating design information... (UID-85)
Warning: Design 'riscv_core_synth' contains 1 high-fanout nets. A fanout number of 1000 will be used for delay calculations involving these nets. (TIM-134)
Library(s) Used:

    saed90nm_typ_ht (File: /home/vdevaraj/Projects/RISC_v_single_cycle/lib/saed/saed90nm_typ_ht.db)

Number of ports:                          278
Number of nets:                          5255
Number of cells:                         5028
Number of combinational cells:           4003
Number of sequential cells:              1023
Number of macros/black boxes:               0
Number of buf/inv:                        557
Number of references:                      32

Combinational area:              38037.196790
Buf/Inv area:                     3079.987280
Noncombinational area:           32997.888531
Macro/Black Box area:                0.000000
Net Interconnect area:            7471.305700

Total cell area:                 71035.085320
Total area:                      78506.391020
1
