 
****************************************
Report : cell
Design : riscv_core_synth
Version: V-2023.12-SP4
Date   : Tue May  5 16:23:25 2026
****************************************

Attributes:
    b - black box (unknown)
    h - hierarchical
    n - noncombinational
    r - removable
    u - contains unmapped logic

Cell                      Reference       Library             Area  Attributes
--------------------------------------------------------------------------------
U360                      XNOR2X1         saed90nm_typ_ht 13.824000 
U361                      NOR4X0          saed90nm_typ_ht 9.216000  
U362                      XOR2X1          saed90nm_typ_ht 13.824000 
U363                      NOR2X0          saed90nm_typ_ht 5.529600  
U364                      NOR2X0          saed90nm_typ_ht 5.529600  
U365                      NOR2X0          saed90nm_typ_ht 5.529600  
U366                      OR2X1           saed90nm_typ_ht 7.372800  
U367                      MUX21X1         saed90nm_typ_ht 11.059200 
U368                      MUX21X1         saed90nm_typ_ht 11.059200 
U369                      NAND2X0         saed90nm_typ_ht 5.529600  
U370                      NOR2X0          saed90nm_typ_ht 5.529600  
U371                      XOR2X1          saed90nm_typ_ht 13.824000 
U372                      XNOR2X1         saed90nm_typ_ht 13.824000 
U373                      XNOR2X1         saed90nm_typ_ht 13.824000 
U374                      NAND2X0         saed90nm_typ_ht 5.529600  
U375                      XOR2X2          saed90nm_typ_ht 15.667200 
U376                      AND2X4          saed90nm_typ_ht 11.059200 
U377                      AND2X1          saed90nm_typ_ht 7.372800  
U378                      NAND3X1         saed90nm_typ_ht 11.980800 
U379                      NAND2X0         saed90nm_typ_ht 5.529600  
U380                      OR2X1           saed90nm_typ_ht 7.372800  
U381                      OR2X1           saed90nm_typ_ht 7.372800  
U382                      OR2X1           saed90nm_typ_ht 7.372800  
U383                      NAND2X0         saed90nm_typ_ht 5.529600  
U384                      NAND2X0         saed90nm_typ_ht 5.529600  
U385                      NAND2X0         saed90nm_typ_ht 5.529600  
U386                      NAND2X0         saed90nm_typ_ht 5.529600  
U387                      OR2X1           saed90nm_typ_ht 7.372800  
U388                      NAND2X0         saed90nm_typ_ht 5.529600  
U389                      NAND2X0         saed90nm_typ_ht 5.529600  
U390                      NAND2X0         saed90nm_typ_ht 5.529600  
U391                      NAND2X0         saed90nm_typ_ht 5.529600  
U392                      NAND2X0         saed90nm_typ_ht 5.529600  
U393                      NAND2X0         saed90nm_typ_ht 5.529600  
U394                      NAND2X0         saed90nm_typ_ht 5.529600  
U395                      OR2X1           saed90nm_typ_ht 7.372800  
U396                      NOR2X1          saed90nm_typ_ht 6.451200  
U397                      INVX0           saed90nm_typ_ht 5.529600  
U398                      OAI21X1         saed90nm_typ_ht 11.059200 
U399                      OAI21X1         saed90nm_typ_ht 11.059200 
U400                      OAI21X1         saed90nm_typ_ht 11.059200 
U401                      OAI21X1         saed90nm_typ_ht 11.059200 
U402                      AND2X1          saed90nm_typ_ht 7.372800  
U403                      MUX21X1         saed90nm_typ_ht 11.059200 
U404                      MUX21X1         saed90nm_typ_ht 11.059200 
U405                      MUX21X1         saed90nm_typ_ht 11.059200 
U406                      MUX21X1         saed90nm_typ_ht 11.059200 
U407                      MUX21X1         saed90nm_typ_ht 11.059200 
U408                      MUX21X1         saed90nm_typ_ht 11.059200 
U409                      MUX21X1         saed90nm_typ_ht 11.059200 
U410                      MUX21X1         saed90nm_typ_ht 11.059200 
U411                      MUX21X1         saed90nm_typ_ht 11.059200 
U412                      MUX21X1         saed90nm_typ_ht 11.059200 
U413                      MUX21X1         saed90nm_typ_ht 11.059200 
U414                      MUX21X1         saed90nm_typ_ht 11.059200 
U415                      MUX21X1         saed90nm_typ_ht 11.059200 
U416                      MUX21X1         saed90nm_typ_ht 11.059200 
U417                      MUX21X1         saed90nm_typ_ht 11.059200 
U418                      NAND2X0         saed90nm_typ_ht 5.529600  
U419                      XNOR2X1         saed90nm_typ_ht 13.824000 
U420                      XNOR2X1         saed90nm_typ_ht 13.824000 
U421                      XNOR2X1         saed90nm_typ_ht 13.824000 
U422                      NAND2X0         saed90nm_typ_ht 5.529600  
U423                      XNOR2X1         saed90nm_typ_ht 13.824000 
U424                      XNOR2X1         saed90nm_typ_ht 13.824000 
U425                      OAI21X1         saed90nm_typ_ht 11.059200 
U426                      XNOR2X1         saed90nm_typ_ht 13.824000 
U427                      XNOR2X1         saed90nm_typ_ht 13.824000 
U428                      XNOR2X1         saed90nm_typ_ht 13.824000 
U429                      OAI21X1         saed90nm_typ_ht 11.059200 
U430                      XNOR2X1         saed90nm_typ_ht 13.824000 
U431                      XNOR2X1         saed90nm_typ_ht 13.824000 
U432                      XNOR2X1         saed90nm_typ_ht 13.824000 
U433                      OAI21X1         saed90nm_typ_ht 11.059200 
U434                      XNOR2X1         saed90nm_typ_ht 13.824000 
U435                      OAI21X1         saed90nm_typ_ht 11.059200 
U436                      XNOR2X1         saed90nm_typ_ht 13.824000 
U437                      NAND2X0         saed90nm_typ_ht 5.529600  
U438                      NAND2X0         saed90nm_typ_ht 5.529600  
U439                      NAND2X0         saed90nm_typ_ht 5.529600  
U440                      NAND2X0         saed90nm_typ_ht 5.529600  
U441                      NAND2X0         saed90nm_typ_ht 5.529600  
U442                      NAND2X0         saed90nm_typ_ht 5.529600  
U443                      INVX0           saed90nm_typ_ht 5.529600  
U444                      NAND2X0         saed90nm_typ_ht 5.529600  
U445                      NOR2X0          saed90nm_typ_ht 5.529600  
U446                      NAND2X0         saed90nm_typ_ht 5.529600  
U447                      OR2X1           saed90nm_typ_ht 7.372800  
U448                      NAND2X0         saed90nm_typ_ht 5.529600  
U449                      NAND2X0         saed90nm_typ_ht 5.529600  
U450                      NAND2X0         saed90nm_typ_ht 5.529600  
U451                      NAND2X0         saed90nm_typ_ht 5.529600  
U452                      NAND2X0         saed90nm_typ_ht 5.529600  
U453                      NAND2X0         saed90nm_typ_ht 5.529600  
U454                      NAND2X0         saed90nm_typ_ht 5.529600  
U455                      NAND2X0         saed90nm_typ_ht 5.529600  
U456                      NAND2X0         saed90nm_typ_ht 5.529600  
U457                      NAND2X0         saed90nm_typ_ht 5.529600  
U458                      NAND2X0         saed90nm_typ_ht 5.529600  
U459                      NAND2X0         saed90nm_typ_ht 5.529600  
U460                      NAND2X0         saed90nm_typ_ht 5.529600  
U461                      INVX0           saed90nm_typ_ht 5.529600  
U462                      NAND2X0         saed90nm_typ_ht 5.529600  
U463                      NAND2X0         saed90nm_typ_ht 5.529600  
U464                      NAND2X0         saed90nm_typ_ht 5.529600  
U465                      NAND2X0         saed90nm_typ_ht 5.529600  
U466                      NAND2X0         saed90nm_typ_ht 5.529600  
U467                      NOR2X0          saed90nm_typ_ht 5.529600  
U468                      INVX0           saed90nm_typ_ht 5.529600  
U469                      INVX0           saed90nm_typ_ht 5.529600  
U470                      NOR2X0          saed90nm_typ_ht 5.529600  
U471                      MUX21X1         saed90nm_typ_ht 11.059200 
U472                      INVX0           saed90nm_typ_ht 5.529600  
U473                      OAI21X1         saed90nm_typ_ht 11.059200 
U474                      NAND2X0         saed90nm_typ_ht 5.529600  
U475                      AND2X1          saed90nm_typ_ht 7.372800  
U476                      INVX0           saed90nm_typ_ht 5.529600  
U477                      INVX0           saed90nm_typ_ht 5.529600  
U478                      INVX0           saed90nm_typ_ht 5.529600  
U479                      NAND2X0         saed90nm_typ_ht 5.529600  
U480                      INVX0           saed90nm_typ_ht 5.529600  
U481                      INVX0           saed90nm_typ_ht 5.529600  
U482                      NAND2X0         saed90nm_typ_ht 5.529600  
U483                      INVX0           saed90nm_typ_ht 5.529600  
U484                      MUX21X1         saed90nm_typ_ht 11.059200 
U485                      NAND2X0         saed90nm_typ_ht 5.529600  
U486                      INVX0           saed90nm_typ_ht 5.529600  
U487                      INVX0           saed90nm_typ_ht 5.529600  
U488                      NAND2X0         saed90nm_typ_ht 5.529600  
U489                      NAND2X0         saed90nm_typ_ht 5.529600  
U490                      NAND2X0         saed90nm_typ_ht 5.529600  
U491                      INVX0           saed90nm_typ_ht 5.529600  
U492                      OAI21X1         saed90nm_typ_ht 11.059200 
U493                      NAND2X0         saed90nm_typ_ht 5.529600  
U494                      NAND2X0         saed90nm_typ_ht 5.529600  
U495                      AOI21X1         saed90nm_typ_ht 11.980800 
U496                      INVX0           saed90nm_typ_ht 5.529600  
U497                      INVX0           saed90nm_typ_ht 5.529600  
U498                      NAND2X0         saed90nm_typ_ht 5.529600  
U499                      INVX0           saed90nm_typ_ht 5.529600  
U500                      INVX0           saed90nm_typ_ht 5.529600  
U501                      INVX0           saed90nm_typ_ht 5.529600  
U502                      NAND2X0         saed90nm_typ_ht 5.529600  
U503                      INVX0           saed90nm_typ_ht 5.529600  
U504                      XOR3X1          saed90nm_typ_ht 22.118401 
U505                      INVX0           saed90nm_typ_ht 5.529600  
U506                      INVX0           saed90nm_typ_ht 5.529600  
U507                      INVX0           saed90nm_typ_ht 5.529600  
U508                      INVX0           saed90nm_typ_ht 5.529600  
U509                      INVX0           saed90nm_typ_ht 5.529600  
U510                      INVX0           saed90nm_typ_ht 5.529600  
U511                      OR2X1           saed90nm_typ_ht 7.372800  
U512                      INVX0           saed90nm_typ_ht 5.529600  
U513                      INVX0           saed90nm_typ_ht 5.529600  
U514                      INVX0           saed90nm_typ_ht 5.529600  
U515                      INVX0           saed90nm_typ_ht 5.529600  
U516                      INVX0           saed90nm_typ_ht 5.529600  
U517                      NAND2X0         saed90nm_typ_ht 5.529600  
U518                      INVX0           saed90nm_typ_ht 5.529600  
U519                      NAND2X0         saed90nm_typ_ht 5.529600  
U520                      NOR2X0          saed90nm_typ_ht 5.529600  
U521                      INVX0           saed90nm_typ_ht 5.529600  
U522                      OR2X1           saed90nm_typ_ht 7.372800  
U523                      INVX0           saed90nm_typ_ht 5.529600  
U524                      INVX0           saed90nm_typ_ht 5.529600  
U525                      NAND2X0         saed90nm_typ_ht 5.529600  
U526                      NAND2X0         saed90nm_typ_ht 5.529600  
U527                      INVX0           saed90nm_typ_ht 5.529600  
U528                      INVX0           saed90nm_typ_ht 5.529600  
U529                      INVX0           saed90nm_typ_ht 5.529600  
U530                      OAI21X1         saed90nm_typ_ht 11.059200 
U531                      NAND2X0         saed90nm_typ_ht 5.529600  
U532                      NOR4X0          saed90nm_typ_ht 9.216000  
U533                      NAND2X0         saed90nm_typ_ht 5.529600  
U534                      OR2X1           saed90nm_typ_ht 7.372800  
U535                      AND2X1          saed90nm_typ_ht 7.372800  
U536                      AND2X1          saed90nm_typ_ht 7.372800  
U537                      XOR2X1          saed90nm_typ_ht 13.824000 
U538                      AO21X1          saed90nm_typ_ht 10.137600 
U539                      NBUFFX2         saed90nm_typ_ht 5.529600  
U540                      MUX21X1         saed90nm_typ_ht 11.059200 
U541                      INVX0           saed90nm_typ_ht 5.529600  
U542                      NBUFFX2         saed90nm_typ_ht 5.529600  
U543                      AO22X1          saed90nm_typ_ht 11.980800 
U544                      AO22X1          saed90nm_typ_ht 11.980800 
U545                      NBUFFX2         saed90nm_typ_ht 5.529600  
U546                      AO22X1          saed90nm_typ_ht 11.980800 
U547                      NBUFFX2         saed90nm_typ_ht 5.529600  
U548                      INVX0           saed90nm_typ_ht 5.529600  
U549                      INVX0           saed90nm_typ_ht 5.529600  
U550                      NBUFFX2         saed90nm_typ_ht 5.529600  
U551                      AND2X1          saed90nm_typ_ht 7.372800  
U552                      OR2X1           saed90nm_typ_ht 7.372800  
U553                      NOR2X0          saed90nm_typ_ht 5.529600  
U554                      NAND2X0         saed90nm_typ_ht 5.529600  
U555                      NAND2X0         saed90nm_typ_ht 5.529600  
U556                      NAND2X0         saed90nm_typ_ht 5.529600  
U557                      INVX0           saed90nm_typ_ht 5.529600  
U558                      AO22X1          saed90nm_typ_ht 11.980800 
U559                      NBUFFX2         saed90nm_typ_ht 5.529600  
U560                      AND2X1          saed90nm_typ_ht 7.372800  
U561                      NAND2X0         saed90nm_typ_ht 5.529600  
U562                      INVX0           saed90nm_typ_ht 5.529600  
U563                      XNOR2X1         saed90nm_typ_ht 13.824000 
U564                      AND4X1          saed90nm_typ_ht 10.137600 
U565                      AND2X1          saed90nm_typ_ht 7.372800  
U566                      XNOR2X2         saed90nm_typ_ht 15.667200 
U567                      OA21X1          saed90nm_typ_ht 9.216000  
U568                      AND2X1          saed90nm_typ_ht 7.372800  
U569                      AND2X1          saed90nm_typ_ht 7.372800  
U570                      XNOR2X2         saed90nm_typ_ht 15.667200 
U571                      OA21X1          saed90nm_typ_ht 9.216000  
U572                      AND2X1          saed90nm_typ_ht 7.372800  
U573                      OA21X1          saed90nm_typ_ht 9.216000  
U574                      INVX0           saed90nm_typ_ht 5.529600  
U575                      NAND2X0         saed90nm_typ_ht 5.529600  
U576                      AND2X1          saed90nm_typ_ht 7.372800  
U577                      AND2X1          saed90nm_typ_ht 7.372800  
U578                      AND2X1          saed90nm_typ_ht 7.372800  
U579                      AND2X1          saed90nm_typ_ht 7.372800  
U580                      AND2X1          saed90nm_typ_ht 7.372800  
U581                      AND2X1          saed90nm_typ_ht 7.372800  
U582                      NBUFFX2         saed90nm_typ_ht 5.529600  
U583                      MUX21X1         saed90nm_typ_ht 11.059200 
U584                      MUX21X1         saed90nm_typ_ht 11.059200 
U585                      AOI21X1         saed90nm_typ_ht 11.980800 
U586                      AND2X1          saed90nm_typ_ht 7.372800  
U587                      AND2X1          saed90nm_typ_ht 7.372800  
U588                      AND2X1          saed90nm_typ_ht 7.372800  
U589                      XOR2X1          saed90nm_typ_ht 13.824000 
U590                      AND2X1          saed90nm_typ_ht 7.372800  
U591                      AND2X1          saed90nm_typ_ht 7.372800  
U592                      NAND2X0         saed90nm_typ_ht 5.529600  
U593                      AOI21X1         saed90nm_typ_ht 11.980800 
U594                      OR2X1           saed90nm_typ_ht 7.372800  
U595                      OR3X1           saed90nm_typ_ht 9.216000  
U596                      INVX0           saed90nm_typ_ht 5.529600  
U597                      OAI21X1         saed90nm_typ_ht 11.059200 
U598                      OAI21X1         saed90nm_typ_ht 11.059200 
U599                      OA21X1          saed90nm_typ_ht 9.216000  
U600                      OA21X1          saed90nm_typ_ht 9.216000  
U601                      NBUFFX2         saed90nm_typ_ht 5.529600  
U602                      NAND2X0         saed90nm_typ_ht 5.529600  
U603                      INVX0           saed90nm_typ_ht 5.529600  
U604                      OA21X1          saed90nm_typ_ht 9.216000  
U605                      OA21X1          saed90nm_typ_ht 9.216000  
U606                      MUX21X1         saed90nm_typ_ht 11.059200 
U607                      AO21X1          saed90nm_typ_ht 10.137600 
U608                      OA21X1          saed90nm_typ_ht 9.216000  
U609                      OA21X1          saed90nm_typ_ht 9.216000  
U610                      OA21X1          saed90nm_typ_ht 9.216000  
U611                      AOI21X1         saed90nm_typ_ht 11.980800 
U612                      INVX0           saed90nm_typ_ht 5.529600  
U613                      NAND2X0         saed90nm_typ_ht 5.529600  
U614                      AO21X1          saed90nm_typ_ht 10.137600 
U615                      NOR2X0          saed90nm_typ_ht 5.529600  
U616                      NAND2X0         saed90nm_typ_ht 5.529600  
U617                      NOR2X0          saed90nm_typ_ht 5.529600  
U618                      OR2X1           saed90nm_typ_ht 7.372800  
U619                      OR2X1           saed90nm_typ_ht 7.372800  
U620                      OR2X1           saed90nm_typ_ht 7.372800  
U621                      OR2X1           saed90nm_typ_ht 7.372800  
U622                      INVX0           saed90nm_typ_ht 5.529600  
U623                      AO21X1          saed90nm_typ_ht 10.137600 
U624                      AOI21X1         saed90nm_typ_ht 11.980800 
U625                      NOR2X0          saed90nm_typ_ht 5.529600  
U626                      NAND2X0         saed90nm_typ_ht 5.529600  
U627                      AND2X1          saed90nm_typ_ht 7.372800  
U628                      AND2X1          saed90nm_typ_ht 7.372800  
U629                      AND2X1          saed90nm_typ_ht 7.372800  
U630                      NAND2X0         saed90nm_typ_ht 5.529600  
U631                      INVX0           saed90nm_typ_ht 5.529600  
U632                      AND2X1          saed90nm_typ_ht 7.372800  
U633                      NAND2X0         saed90nm_typ_ht 5.529600  
U634                      INVX0           saed90nm_typ_ht 5.529600  
U635                      AND2X1          saed90nm_typ_ht 7.372800  
U636                      AO21X1          saed90nm_typ_ht 10.137600 
U637                      NOR2X0          saed90nm_typ_ht 5.529600  
U638                      NAND2X0         saed90nm_typ_ht 5.529600  
U639                      AOI21X1         saed90nm_typ_ht 11.980800 
U640                      NOR2X0          saed90nm_typ_ht 5.529600  
U641                      XOR2X1          saed90nm_typ_ht 13.824000 
U642                      NAND2X0         saed90nm_typ_ht 5.529600  
U643                      INVX0           saed90nm_typ_ht 5.529600  
U644                      INVX0           saed90nm_typ_ht 5.529600  
U645                      NAND2X0         saed90nm_typ_ht 5.529600  
U646                      NAND2X0         saed90nm_typ_ht 5.529600  
U647                      NOR2X0          saed90nm_typ_ht 5.529600  
U648                      NAND2X0         saed90nm_typ_ht 5.529600  
U649                      INVX0           saed90nm_typ_ht 5.529600  
U650                      OR2X1           saed90nm_typ_ht 7.372800  
U651                      AND2X1          saed90nm_typ_ht 7.372800  
U652                      OR2X1           saed90nm_typ_ht 7.372800  
U653                      NAND2X0         saed90nm_typ_ht 5.529600  
U654                      OAI21X1         saed90nm_typ_ht 11.059200 
U655                      INVX0           saed90nm_typ_ht 5.529600  
U656                      OR2X1           saed90nm_typ_ht 7.372800  
U657                      NAND2X0         saed90nm_typ_ht 5.529600  
U658                      INVX0           saed90nm_typ_ht 5.529600  
U659                      AOI21X1         saed90nm_typ_ht 11.980800 
U660                      NAND2X0         saed90nm_typ_ht 5.529600  
U661                      NAND2X0         saed90nm_typ_ht 5.529600  
U662                      NAND2X0         saed90nm_typ_ht 5.529600  
U663                      OR2X1           saed90nm_typ_ht 7.372800  
U664                      NAND2X0         saed90nm_typ_ht 5.529600  
U665                      INVX0           saed90nm_typ_ht 5.529600  
U666                      NAND2X0         saed90nm_typ_ht 5.529600  
U667                      NBUFFX2         saed90nm_typ_ht 5.529600  
U668                      INVX0           saed90nm_typ_ht 5.529600  
U669                      NAND2X0         saed90nm_typ_ht 5.529600  
U670                      INVX0           saed90nm_typ_ht 5.529600  
U671                      NAND2X0         saed90nm_typ_ht 5.529600  
U672                      MUX21X1         saed90nm_typ_ht 11.059200 
U673                      NAND2X0         saed90nm_typ_ht 5.529600  
U674                      NOR4X1          saed90nm_typ_ht 15.667200 
U675                      NAND2X0         saed90nm_typ_ht 5.529600  
U676                      OR2X1           saed90nm_typ_ht 7.372800  
U677                      NAND2X0         saed90nm_typ_ht 5.529600  
U678                      XOR2X1          saed90nm_typ_ht 13.824000 
U679                      NOR2X0          saed90nm_typ_ht 5.529600  
U680                      NBUFFX2         saed90nm_typ_ht 5.529600  
U681                      INVX0           saed90nm_typ_ht 5.529600  
U682                      NOR2X0          saed90nm_typ_ht 5.529600  
U683                      NBUFFX2         saed90nm_typ_ht 5.529600  
U684                      OR2X1           saed90nm_typ_ht 7.372800  
U685                      XOR2X1          saed90nm_typ_ht 13.824000 
U686                      XOR2X1          saed90nm_typ_ht 13.824000 
U687                      XOR2X1          saed90nm_typ_ht 13.824000 
U688                      XOR2X1          saed90nm_typ_ht 13.824000 
U689                      NAND2X0         saed90nm_typ_ht 5.529600  
U690                      AND2X1          saed90nm_typ_ht 7.372800  
U691                      AND2X1          saed90nm_typ_ht 7.372800  
U692                      OAI21X1         saed90nm_typ_ht 11.059200 
U693                      OAI21X1         saed90nm_typ_ht 11.059200 
U694                      OAI21X1         saed90nm_typ_ht 11.059200 
U695                      OAI21X1         saed90nm_typ_ht 11.059200 
U696                      XOR2X1          saed90nm_typ_ht 13.824000 
U697                      NAND2X0         saed90nm_typ_ht 5.529600  
U698                      INVX0           saed90nm_typ_ht 5.529600  
U699                      AO21X1          saed90nm_typ_ht 10.137600 
U700                      NAND2X0         saed90nm_typ_ht 5.529600  
U701                      INVX0           saed90nm_typ_ht 5.529600  
U702                      NAND2X0         saed90nm_typ_ht 5.529600  
U703                      NOR2X0          saed90nm_typ_ht 5.529600  
U704                      INVX0           saed90nm_typ_ht 5.529600  
U705                      OR2X1           saed90nm_typ_ht 7.372800  
U706                      INVX0           saed90nm_typ_ht 5.529600  
U707                      OR2X1           saed90nm_typ_ht 7.372800  
U708                      AND2X1          saed90nm_typ_ht 7.372800  
U709                      AND2X1          saed90nm_typ_ht 7.372800  
U710                      AND2X1          saed90nm_typ_ht 7.372800  
U711                      INVX0           saed90nm_typ_ht 5.529600  
U712                      NAND2X0         saed90nm_typ_ht 5.529600  
U713                      XNOR2X2         saed90nm_typ_ht 15.667200 
U714                      INVX0           saed90nm_typ_ht 5.529600  
U715                      NAND2X0         saed90nm_typ_ht 5.529600  
U716                      NAND2X0         saed90nm_typ_ht 5.529600  
U717                      INVX0           saed90nm_typ_ht 5.529600  
U718                      INVX0           saed90nm_typ_ht 5.529600  
U719                      INVX0           saed90nm_typ_ht 5.529600  
U720                      INVX0           saed90nm_typ_ht 5.529600  
U721                      NOR2X0          saed90nm_typ_ht 5.529600  
U722                      XNOR2X1         saed90nm_typ_ht 13.824000 
U723                      INVX0           saed90nm_typ_ht 5.529600  
U724                      NOR2X0          saed90nm_typ_ht 5.529600  
U725                      INVX0           saed90nm_typ_ht 5.529600  
U726                      NOR2X0          saed90nm_typ_ht 5.529600  
U727                      NAND2X0         saed90nm_typ_ht 5.529600  
U728                      NAND2X0         saed90nm_typ_ht 5.529600  
U729                      NAND2X0         saed90nm_typ_ht 5.529600  
U730                      NAND2X0         saed90nm_typ_ht 5.529600  
U731                      MUX21X1         saed90nm_typ_ht 11.059200 
U732                      NAND2X0         saed90nm_typ_ht 5.529600  
U733                      NOR2X0          saed90nm_typ_ht 5.529600  
U734                      NAND2X0         saed90nm_typ_ht 5.529600  
U735                      NAND2X0         saed90nm_typ_ht 5.529600  
U736                      NAND2X0         saed90nm_typ_ht 5.529600  
U737                      NAND2X0         saed90nm_typ_ht 5.529600  
U738                      NAND2X0         saed90nm_typ_ht 5.529600  
U739                      NAND2X0         saed90nm_typ_ht 5.529600  
U740                      NAND2X0         saed90nm_typ_ht 5.529600  
U741                      NAND2X0         saed90nm_typ_ht 5.529600  
U742                      NOR2X0          saed90nm_typ_ht 5.529600  
U743                      INVX0           saed90nm_typ_ht 5.529600  
U744                      NOR2X0          saed90nm_typ_ht 5.529600  
U745                      NAND2X0         saed90nm_typ_ht 5.529600  
U746                      NAND2X0         saed90nm_typ_ht 5.529600  
U747                      NOR2X0          saed90nm_typ_ht 5.529600  
U748                      NAND2X0         saed90nm_typ_ht 5.529600  
U749                      OR2X1           saed90nm_typ_ht 7.372800  
U750                      OR3X1           saed90nm_typ_ht 9.216000  
U751                      NOR2X0          saed90nm_typ_ht 5.529600  
U752                      AO21X1          saed90nm_typ_ht 10.137600 
U753                      NAND2X0         saed90nm_typ_ht 5.529600  
U754                      NAND2X0         saed90nm_typ_ht 5.529600  
U755                      NOR2X0          saed90nm_typ_ht 5.529600  
U756                      NOR2X0          saed90nm_typ_ht 5.529600  
U757                      NOR2X0          saed90nm_typ_ht 5.529600  
U758                      NOR2X0          saed90nm_typ_ht 5.529600  
U759                      NOR2X0          saed90nm_typ_ht 5.529600  
U760                      NBUFFX2         saed90nm_typ_ht 5.529600  
U761                      AND2X1          saed90nm_typ_ht 7.372800  
U762                      AND2X1          saed90nm_typ_ht 7.372800  
U763                      NAND2X0         saed90nm_typ_ht 5.529600  
U764                      NOR2X0          saed90nm_typ_ht 5.529600  
U765                      INVX0           saed90nm_typ_ht 5.529600  
U766                      INVX0           saed90nm_typ_ht 5.529600  
U767                      NOR2X0          saed90nm_typ_ht 5.529600  
U768                      NOR2X0          saed90nm_typ_ht 5.529600  
U769                      INVX0           saed90nm_typ_ht 5.529600  
U770                      INVX0           saed90nm_typ_ht 5.529600  
U771                      INVX0           saed90nm_typ_ht 5.529600  
U772                      INVX0           saed90nm_typ_ht 5.529600  
U773                      NOR2X0          saed90nm_typ_ht 5.529600  
U774                      NOR2X0          saed90nm_typ_ht 5.529600  
U775                      NOR2X0          saed90nm_typ_ht 5.529600  
U776                      NOR2X0          saed90nm_typ_ht 5.529600  
U777                      INVX0           saed90nm_typ_ht 5.529600  
U778                      NOR2X0          saed90nm_typ_ht 5.529600  
U779                      NOR2X0          saed90nm_typ_ht 5.529600  
U780                      NOR2X0          saed90nm_typ_ht 5.529600  
U781                      NOR2X0          saed90nm_typ_ht 5.529600  
U782                      INVX0           saed90nm_typ_ht 5.529600  
U783                      NOR2X0          saed90nm_typ_ht 5.529600  
U784                      INVX0           saed90nm_typ_ht 5.529600  
U785                      NOR2X0          saed90nm_typ_ht 5.529600  
U786                      NOR2X0          saed90nm_typ_ht 5.529600  
U787                      NOR2X0          saed90nm_typ_ht 5.529600  
U788                      INVX0           saed90nm_typ_ht 5.529600  
U789                      NOR2X0          saed90nm_typ_ht 5.529600  
U790                      NAND2X0         saed90nm_typ_ht 5.529600  
U791                      NAND2X0         saed90nm_typ_ht 5.529600  
U792                      INVX0           saed90nm_typ_ht 5.529600  
U793                      NBUFFX2         saed90nm_typ_ht 5.529600  
U794                      INVX0           saed90nm_typ_ht 5.529600  
U795                      NAND2X0         saed90nm_typ_ht 5.529600  
U796                      INVX0           saed90nm_typ_ht 5.529600  
U797                      INVX0           saed90nm_typ_ht 5.529600  
U798                      NAND2X0         saed90nm_typ_ht 5.529600  
U799                      NAND2X0         saed90nm_typ_ht 5.529600  
U800                      NAND2X0         saed90nm_typ_ht 5.529600  
U801                      NAND2X0         saed90nm_typ_ht 5.529600  
U802                      NOR2X0          saed90nm_typ_ht 5.529600  
U803                      INVX0           saed90nm_typ_ht 5.529600  
U804                      NAND2X0         saed90nm_typ_ht 5.529600  
U805                      NAND2X0         saed90nm_typ_ht 5.529600  
U806                      NAND2X0         saed90nm_typ_ht 5.529600  
U807                      NAND2X0         saed90nm_typ_ht 5.529600  
U808                      NAND2X0         saed90nm_typ_ht 5.529600  
U809                      NAND2X0         saed90nm_typ_ht 5.529600  
U810                      NAND2X0         saed90nm_typ_ht 5.529600  
U811                      NAND2X0         saed90nm_typ_ht 5.529600  
U812                      NOR2X1          saed90nm_typ_ht 6.451200  
U813                      NAND2X0         saed90nm_typ_ht 5.529600  
U814                      NAND2X0         saed90nm_typ_ht 5.529600  
U815                      INVX0           saed90nm_typ_ht 5.529600  
U816                      NOR2X0          saed90nm_typ_ht 5.529600  
U818                      INVX0           saed90nm_typ_ht 5.529600  
U819                      INVX0           saed90nm_typ_ht 5.529600  
U820                      INVX0           saed90nm_typ_ht 5.529600  
U821                      OAI22X1         saed90nm_typ_ht 12.902400 
U822                      AO221X1         saed90nm_typ_ht 12.902400 
U823                      INVX0           saed90nm_typ_ht 5.529600  
U824                      MUX21X1         saed90nm_typ_ht 11.059200 
U825                      INVX0           saed90nm_typ_ht 5.529600  
U826                      MUX21X1         saed90nm_typ_ht 11.059200 
U827                      INVX0           saed90nm_typ_ht 5.529600  
U828                      MUX21X1         saed90nm_typ_ht 11.059200 
U829                      INVX0           saed90nm_typ_ht 5.529600  
U830                      MUX21X1         saed90nm_typ_ht 11.059200 
U831                      INVX0           saed90nm_typ_ht 5.529600  
U832                      MUX21X1         saed90nm_typ_ht 11.059200 
U833                      INVX0           saed90nm_typ_ht 5.529600  
U834                      MUX21X1         saed90nm_typ_ht 11.059200 
U835                      NAND4X0         saed90nm_typ_ht 8.294400  
U836                      NOR4X1          saed90nm_typ_ht 15.667200 
U837                      INVX0           saed90nm_typ_ht 5.529600  
U838                      MUX21X1         saed90nm_typ_ht 11.059200 
U839                      INVX0           saed90nm_typ_ht 5.529600  
U840                      INVX0           saed90nm_typ_ht 5.529600  
U841                      MUX21X1         saed90nm_typ_ht 11.059200 
U842                      INVX0           saed90nm_typ_ht 5.529600  
U843                      MUX21X1         saed90nm_typ_ht 11.059200 
U844                      NAND4X0         saed90nm_typ_ht 8.294400  
U845                      INVX0           saed90nm_typ_ht 5.529600  
U846                      INVX0           saed90nm_typ_ht 5.529600  
U847                      INVX0           saed90nm_typ_ht 5.529600  
U848                      MUX21X1         saed90nm_typ_ht 11.059200 
U849                      INVX0           saed90nm_typ_ht 5.529600  
U850                      NAND4X0         saed90nm_typ_ht 8.294400  
U851                      INVX0           saed90nm_typ_ht 5.529600  
U852                      INVX0           saed90nm_typ_ht 5.529600  
U853                      MUX21X1         saed90nm_typ_ht 11.059200 
U854                      INVX0           saed90nm_typ_ht 5.529600  
U855                      MUX21X1         saed90nm_typ_ht 11.059200 
U856                      INVX0           saed90nm_typ_ht 5.529600  
U857                      MUX21X1         saed90nm_typ_ht 11.059200 
U858                      NAND4X0         saed90nm_typ_ht 8.294400  
U859                      INVX0           saed90nm_typ_ht 5.529600  
U860                      MUX21X1         saed90nm_typ_ht 11.059200 
U861                      INVX0           saed90nm_typ_ht 5.529600  
U862                      MUX21X1         saed90nm_typ_ht 11.059200 
U863                      INVX0           saed90nm_typ_ht 5.529600  
U864                      MUX21X1         saed90nm_typ_ht 11.059200 
U865                      INVX0           saed90nm_typ_ht 5.529600  
U866                      MUX21X1         saed90nm_typ_ht 11.059200 
U867                      NAND4X0         saed90nm_typ_ht 8.294400  
U868                      INVX0           saed90nm_typ_ht 5.529600  
U869                      MUX21X1         saed90nm_typ_ht 11.059200 
U870                      INVX0           saed90nm_typ_ht 5.529600  
U871                      MUX21X1         saed90nm_typ_ht 11.059200 
U872                      INVX0           saed90nm_typ_ht 5.529600  
U873                      MUX21X1         saed90nm_typ_ht 11.059200 
U874                      INVX0           saed90nm_typ_ht 5.529600  
U875                      MUX21X1         saed90nm_typ_ht 11.059200 
U876                      NOR4X0          saed90nm_typ_ht 9.216000  
U877                      INVX0           saed90nm_typ_ht 5.529600  
U878                      MUX21X1         saed90nm_typ_ht 11.059200 
U879                      INVX0           saed90nm_typ_ht 5.529600  
U880                      MUX21X1         saed90nm_typ_ht 11.059200 
U881                      INVX0           saed90nm_typ_ht 5.529600  
U882                      MUX21X1         saed90nm_typ_ht 11.059200 
U883                      INVX0           saed90nm_typ_ht 5.529600  
U884                      MUX21X1         saed90nm_typ_ht 11.059200 
U885                      NOR2X0          saed90nm_typ_ht 5.529600  
U886                      INVX0           saed90nm_typ_ht 5.529600  
U887                      NOR2X0          saed90nm_typ_ht 5.529600  
U888                      AND2X1          saed90nm_typ_ht 7.372800  
U889                      INVX0           saed90nm_typ_ht 5.529600  
U890                      NAND2X0         saed90nm_typ_ht 5.529600  
U891                      OR2X1           saed90nm_typ_ht 7.372800  
U892                      NOR2X0          saed90nm_typ_ht 5.529600  
U893                      NAND2X0         saed90nm_typ_ht 5.529600  
U894                      NAND2X0         saed90nm_typ_ht 5.529600  
U895                      NAND2X0         saed90nm_typ_ht 5.529600  
U896                      NOR2X0          saed90nm_typ_ht 5.529600  
U897                      INVX0           saed90nm_typ_ht 5.529600  
U898                      INVX0           saed90nm_typ_ht 5.529600  
U899                      INVX0           saed90nm_typ_ht 5.529600  
U900                      AOI21X1         saed90nm_typ_ht 11.980800 
U901                      NAND2X0         saed90nm_typ_ht 5.529600  
U902                      NAND2X0         saed90nm_typ_ht 5.529600  
U903                      INVX0           saed90nm_typ_ht 5.529600  
U904                      AOI21X1         saed90nm_typ_ht 11.980800 
U905                      INVX0           saed90nm_typ_ht 5.529600  
U906                      INVX0           saed90nm_typ_ht 5.529600  
U907                      AOI21X1         saed90nm_typ_ht 11.980800 
U908                      OAI21X1         saed90nm_typ_ht 11.059200 
U909                      NOR2X0          saed90nm_typ_ht 5.529600  
U910                      OAI21X1         saed90nm_typ_ht 11.059200 
U911                      INVX0           saed90nm_typ_ht 5.529600  
U912                      AOI21X1         saed90nm_typ_ht 11.980800 
U913                      OA21X1          saed90nm_typ_ht 9.216000  
U914                      OR2X1           saed90nm_typ_ht 7.372800  
U915                      AND2X1          saed90nm_typ_ht 7.372800  
U916                      AND2X1          saed90nm_typ_ht 7.372800  
U917                      OR2X1           saed90nm_typ_ht 7.372800  
U918                      NOR2X0          saed90nm_typ_ht 5.529600  
U919                      OR2X1           saed90nm_typ_ht 7.372800  
U920                      OR2X1           saed90nm_typ_ht 7.372800  
U921                      NOR2X0          saed90nm_typ_ht 5.529600  
U922                      NAND2X0         saed90nm_typ_ht 5.529600  
U923                      NOR2X0          saed90nm_typ_ht 5.529600  
U924                      OR2X1           saed90nm_typ_ht 7.372800  
U925                      OR2X1           saed90nm_typ_ht 7.372800  
U926                      NAND2X0         saed90nm_typ_ht 5.529600  
U927                      NAND2X0         saed90nm_typ_ht 5.529600  
U928                      AND2X1          saed90nm_typ_ht 7.372800  
U929                      INVX0           saed90nm_typ_ht 5.529600  
U930                      AND2X1          saed90nm_typ_ht 7.372800  
U931                      INVX0           saed90nm_typ_ht 5.529600  
U932                      NOR2X0          saed90nm_typ_ht 5.529600  
U933                      NAND2X0         saed90nm_typ_ht 5.529600  
U934                      AND2X1          saed90nm_typ_ht 7.372800  
U935                      INVX0           saed90nm_typ_ht 5.529600  
U936                      NOR2X0          saed90nm_typ_ht 5.529600  
U937                      NAND2X0         saed90nm_typ_ht 5.529600  
U938                      NOR2X0          saed90nm_typ_ht 5.529600  
U939                      AND2X1          saed90nm_typ_ht 7.372800  
U940                      AND2X1          saed90nm_typ_ht 7.372800  
U941                      NAND2X0         saed90nm_typ_ht 5.529600  
U942                      AND2X1          saed90nm_typ_ht 7.372800  
U943                      NAND2X0         saed90nm_typ_ht 5.529600  
U944                      NOR2X0          saed90nm_typ_ht 5.529600  
U945                      NAND2X0         saed90nm_typ_ht 5.529600  
U946                      NOR2X0          saed90nm_typ_ht 5.529600  
U947                      NAND2X0         saed90nm_typ_ht 5.529600  
U948                      AOI21X1         saed90nm_typ_ht 11.980800 
U949                      XOR2X1          saed90nm_typ_ht 13.824000 
U950                      NAND2X0         saed90nm_typ_ht 5.529600  
U951                      INVX0           saed90nm_typ_ht 5.529600  
U952                      INVX0           saed90nm_typ_ht 5.529600  
U953                      NOR2X0          saed90nm_typ_ht 5.529600  
U954                      NAND2X0         saed90nm_typ_ht 5.529600  
U955                      AOI21X1         saed90nm_typ_ht 11.980800 
U956                      XOR2X1          saed90nm_typ_ht 13.824000 
U957                      INVX0           saed90nm_typ_ht 5.529600  
U958                      INVX0           saed90nm_typ_ht 5.529600  
U959                      XNOR2X1         saed90nm_typ_ht 13.824000 
U960                      NAND2X0         saed90nm_typ_ht 5.529600  
U961                      INVX0           saed90nm_typ_ht 5.529600  
U962                      NOR2X0          saed90nm_typ_ht 5.529600  
U963                      INVX0           saed90nm_typ_ht 5.529600  
U964                      NOR2X0          saed90nm_typ_ht 5.529600  
U965                      NAND2X0         saed90nm_typ_ht 5.529600  
U966                      AOI21X1         saed90nm_typ_ht 11.980800 
U967                      XOR2X1          saed90nm_typ_ht 13.824000 
U968                      INVX0           saed90nm_typ_ht 5.529600  
U969                      NOR2X0          saed90nm_typ_ht 5.529600  
U970                      AND2X1          saed90nm_typ_ht 7.372800  
U971                      INVX0           saed90nm_typ_ht 5.529600  
U972                      INVX0           saed90nm_typ_ht 5.529600  
U973                      AND4X1          saed90nm_typ_ht 10.137600 
U974                      INVX0           saed90nm_typ_ht 5.529600  
U975                      INVX0           saed90nm_typ_ht 5.529600  
U976                      INVX0           saed90nm_typ_ht 5.529600  
U977                      NOR2X0          saed90nm_typ_ht 5.529600  
U978                      AND4X1          saed90nm_typ_ht 10.137600 
U979                      AND3X1          saed90nm_typ_ht 8.294400  
U980                      AO21X1          saed90nm_typ_ht 10.137600 
U981                      AND4X1          saed90nm_typ_ht 10.137600 
U982                      NOR2X0          saed90nm_typ_ht 5.529600  
U983                      NBUFFX2         saed90nm_typ_ht 5.529600  
U984                      AO21X1          saed90nm_typ_ht 10.137600 
U985                      OA221X1         saed90nm_typ_ht 12.902400 
U986                      XOR2X1          saed90nm_typ_ht 13.824000 
U987                      NOR2X0          saed90nm_typ_ht 5.529600  
U988                      AO21X1          saed90nm_typ_ht 10.137600 
U989                      AO21X1          saed90nm_typ_ht 10.137600 
U990                      AO21X1          saed90nm_typ_ht 10.137600 
U991                      XOR2X1          saed90nm_typ_ht 13.824000 
U992                      AO21X1          saed90nm_typ_ht 10.137600 
U993                      XOR2X1          saed90nm_typ_ht 13.824000 
U994                      AO21X1          saed90nm_typ_ht 10.137600 
U995                      XOR2X1          saed90nm_typ_ht 13.824000 
U996                      AO21X1          saed90nm_typ_ht 10.137600 
U997                      XOR2X1          saed90nm_typ_ht 13.824000 
U998                      AO21X1          saed90nm_typ_ht 10.137600 
U999                      XOR2X1          saed90nm_typ_ht 13.824000 
U1000                     XOR2X1          saed90nm_typ_ht 13.824000 
U1001                     OR2X1           saed90nm_typ_ht 7.372800  
U1002                     INVX0           saed90nm_typ_ht 5.529600  
U1003                     NOR2X0          saed90nm_typ_ht 5.529600  
U1004                     OR2X1           saed90nm_typ_ht 7.372800  
U1005                     XOR2X1          saed90nm_typ_ht 13.824000 
U1006                     MUX21X1         saed90nm_typ_ht 11.059200 
U1007                     XOR2X1          saed90nm_typ_ht 13.824000 
U1008                     XOR2X1          saed90nm_typ_ht 13.824000 
U1009                     OR2X1           saed90nm_typ_ht 7.372800  
U1010                     AO22X1          saed90nm_typ_ht 11.980800 
U1011                     XOR2X1          saed90nm_typ_ht 13.824000 
U1012                     OR2X1           saed90nm_typ_ht 7.372800  
U1013                     XOR2X1          saed90nm_typ_ht 13.824000 
U1014                     MUX21X1         saed90nm_typ_ht 11.059200 
U1015                     MUX21X1         saed90nm_typ_ht 11.059200 
U1016                     MUX21X1         saed90nm_typ_ht 11.059200 
U1017                     AO22X1          saed90nm_typ_ht 11.980800 
U1018                     AO21X1          saed90nm_typ_ht 10.137600 
U1019                     XOR2X1          saed90nm_typ_ht 13.824000 
U1020                     NAND2X0         saed90nm_typ_ht 5.529600  
U1021                     OAI21X1         saed90nm_typ_ht 11.059200 
U1022                     AO22X1          saed90nm_typ_ht 11.980800 
U1023                     XOR2X1          saed90nm_typ_ht 13.824000 
U1024                     XOR2X1          saed90nm_typ_ht 13.824000 
U1025                     AO22X1          saed90nm_typ_ht 11.980800 
U1026                     XOR2X1          saed90nm_typ_ht 13.824000 
U1027                     NOR2X0          saed90nm_typ_ht 5.529600  
U1028                     NAND2X0         saed90nm_typ_ht 5.529600  
U1029                     OAI21X1         saed90nm_typ_ht 11.059200 
U1030                     AOI21X1         saed90nm_typ_ht 11.980800 
U1031                     AOI21X1         saed90nm_typ_ht 11.980800 
U1032                     AO21X1          saed90nm_typ_ht 10.137600 
U1033                     XOR2X1          saed90nm_typ_ht 13.824000 
U1034                     AO21X1          saed90nm_typ_ht 10.137600 
U1035                     XOR2X1          saed90nm_typ_ht 13.824000 
U1036                     AO21X1          saed90nm_typ_ht 10.137600 
U1037                     XOR2X1          saed90nm_typ_ht 13.824000 
U1038                     AO21X1          saed90nm_typ_ht 10.137600 
U1039                     XOR2X1          saed90nm_typ_ht 13.824000 
U1040                     AO21X1          saed90nm_typ_ht 10.137600 
U1041                     AO21X1          saed90nm_typ_ht 10.137600 
U1042                     XOR2X1          saed90nm_typ_ht 13.824000 
U1043                     NOR2X0          saed90nm_typ_ht 5.529600  
U1044                     AO21X1          saed90nm_typ_ht 10.137600 
U1045                     XOR2X1          saed90nm_typ_ht 13.824000 
U1046                     AO21X1          saed90nm_typ_ht 10.137600 
U1047                     OAI21X1         saed90nm_typ_ht 11.059200 
U1048                     OAI21X1         saed90nm_typ_ht 11.059200 
U1049                     AOI21X1         saed90nm_typ_ht 11.980800 
U1050                     OAI21X1         saed90nm_typ_ht 11.059200 
U1051                     AOI21X1         saed90nm_typ_ht 11.980800 
U1052                     OAI21X1         saed90nm_typ_ht 11.059200 
U1053                     OAI21X1         saed90nm_typ_ht 11.059200 
U1054                     AOI21X1         saed90nm_typ_ht 11.980800 
U1055                     OAI21X1         saed90nm_typ_ht 11.059200 
U1056                     OAI21X1         saed90nm_typ_ht 11.059200 
U1057                     AOI21X1         saed90nm_typ_ht 11.980800 
U1058                     OAI21X1         saed90nm_typ_ht 11.059200 
U1059                     AOI21X1         saed90nm_typ_ht 11.980800 
U1060                     AO21X1          saed90nm_typ_ht 10.137600 
U1061                     XOR2X1          saed90nm_typ_ht 13.824000 
U1062                     NBUFFX2         saed90nm_typ_ht 5.529600  
U1063                     NAND2X0         saed90nm_typ_ht 5.529600  
U1064                     MUX21X1         saed90nm_typ_ht 11.059200 
U1065                     OA22X1          saed90nm_typ_ht 11.059200 
U1066                     AO21X1          saed90nm_typ_ht 10.137600 
U1067                     OR2X1           saed90nm_typ_ht 7.372800  
U1068                     NAND2X0         saed90nm_typ_ht 5.529600  
U1069                     NAND2X0         saed90nm_typ_ht 5.529600  
U1070                     AOI21X1         saed90nm_typ_ht 11.980800 
U1071                     NAND2X0         saed90nm_typ_ht 5.529600  
U1072                     XOR2X1          saed90nm_typ_ht 13.824000 
U1073                     AOI21X1         saed90nm_typ_ht 11.980800 
U1074                     NAND2X0         saed90nm_typ_ht 5.529600  
U1075                     XOR2X1          saed90nm_typ_ht 13.824000 
U1076                     INVX0           saed90nm_typ_ht 5.529600  
U1077                     AOI21X1         saed90nm_typ_ht 11.980800 
U1078                     NAND2X0         saed90nm_typ_ht 5.529600  
U1079                     XOR2X1          saed90nm_typ_ht 13.824000 
U1080                     INVX0           saed90nm_typ_ht 5.529600  
U1081                     NOR2X0          saed90nm_typ_ht 5.529600  
U1082                     OR2X1           saed90nm_typ_ht 7.372800  
U1083                     AOI21X1         saed90nm_typ_ht 11.980800 
U1084                     NAND2X0         saed90nm_typ_ht 5.529600  
U1085                     AOI21X1         saed90nm_typ_ht 11.980800 
U1086                     NAND2X0         saed90nm_typ_ht 5.529600  
U1087                     XOR2X1          saed90nm_typ_ht 13.824000 
U1088                     INVX0           saed90nm_typ_ht 5.529600  
U1089                     INVX0           saed90nm_typ_ht 5.529600  
U1090                     AOI21X1         saed90nm_typ_ht 11.980800 
U1091                     NAND2X0         saed90nm_typ_ht 5.529600  
U1092                     XOR2X1          saed90nm_typ_ht 13.824000 
U1093                     NAND2X0         saed90nm_typ_ht 5.529600  
U1094                     AOI21X1         saed90nm_typ_ht 11.980800 
U1095                     NAND2X0         saed90nm_typ_ht 5.529600  
U1096                     XOR2X1          saed90nm_typ_ht 13.824000 
U1097                     NAND2X0         saed90nm_typ_ht 5.529600  
U1098                     XOR2X1          saed90nm_typ_ht 13.824000 
U1099                     INVX0           saed90nm_typ_ht 5.529600  
U1100                     INVX0           saed90nm_typ_ht 5.529600  
U1101                     NOR2X0          saed90nm_typ_ht 5.529600  
U1102                     NOR2X0          saed90nm_typ_ht 5.529600  
U1103                     NAND2X0         saed90nm_typ_ht 5.529600  
U1104                     AOI21X1         saed90nm_typ_ht 11.980800 
U1105                     NAND2X0         saed90nm_typ_ht 5.529600  
U1106                     XOR2X1          saed90nm_typ_ht 13.824000 
U1107                     INVX0           saed90nm_typ_ht 5.529600  
U1108                     INVX0           saed90nm_typ_ht 5.529600  
U1109                     AOI21X1         saed90nm_typ_ht 11.980800 
U1110                     NAND2X0         saed90nm_typ_ht 5.529600  
U1111                     XOR2X1          saed90nm_typ_ht 13.824000 
U1112                     INVX0           saed90nm_typ_ht 5.529600  
U1113                     INVX0           saed90nm_typ_ht 5.529600  
U1114                     NAND2X0         saed90nm_typ_ht 5.529600  
U1115                     AOI21X1         saed90nm_typ_ht 11.980800 
U1116                     NAND2X0         saed90nm_typ_ht 5.529600  
U1117                     XOR2X1          saed90nm_typ_ht 13.824000 
U1118                     AOI21X1         saed90nm_typ_ht 11.980800 
U1119                     NAND2X0         saed90nm_typ_ht 5.529600  
U1120                     XOR2X1          saed90nm_typ_ht 13.824000 
U1121                     NOR2X0          saed90nm_typ_ht 5.529600  
U1122                     NAND2X0         saed90nm_typ_ht 5.529600  
U1123                     AOI21X1         saed90nm_typ_ht 11.980800 
U1124                     NAND2X0         saed90nm_typ_ht 5.529600  
U1125                     XOR2X1          saed90nm_typ_ht 13.824000 
U1126                     INVX0           saed90nm_typ_ht 5.529600  
U1127                     INVX0           saed90nm_typ_ht 5.529600  
U1128                     AOI21X1         saed90nm_typ_ht 11.980800 
U1129                     NAND2X0         saed90nm_typ_ht 5.529600  
U1130                     XOR2X1          saed90nm_typ_ht 13.824000 
U1131                     AOI21X1         saed90nm_typ_ht 11.980800 
U1132                     NAND2X0         saed90nm_typ_ht 5.529600  
U1133                     XOR2X1          saed90nm_typ_ht 13.824000 
U1134                     NAND2X0         saed90nm_typ_ht 5.529600  
U1135                     INVX0           saed90nm_typ_ht 5.529600  
U1136                     XOR2X1          saed90nm_typ_ht 13.824000 
U1137                     INVX0           saed90nm_typ_ht 5.529600  
U1138                     NBUFFX2         saed90nm_typ_ht 5.529600  
U1139                     INVX0           saed90nm_typ_ht 5.529600  
U1140                     OAI21X1         saed90nm_typ_ht 11.059200 
U1141                     NAND2X0         saed90nm_typ_ht 5.529600  
U1142                     XNOR2X1         saed90nm_typ_ht 13.824000 
U1143                     OAI21X1         saed90nm_typ_ht 11.059200 
U1144                     INVX0           saed90nm_typ_ht 5.529600  
U1145                     NAND2X0         saed90nm_typ_ht 5.529600  
U1146                     XNOR2X1         saed90nm_typ_ht 13.824000 
U1147                     INVX0           saed90nm_typ_ht 5.529600  
U1148                     NAND2X0         saed90nm_typ_ht 5.529600  
U1149                     XOR2X1          saed90nm_typ_ht 13.824000 
U1150                     NOR2X0          saed90nm_typ_ht 5.529600  
U1151                     OAI21X1         saed90nm_typ_ht 11.059200 
U1152                     AOI21X1         saed90nm_typ_ht 11.980800 
U1153                     NAND2X0         saed90nm_typ_ht 5.529600  
U1154                     XOR2X1          saed90nm_typ_ht 13.824000 
U1155                     INVX0           saed90nm_typ_ht 5.529600  
U1156                     AOI21X1         saed90nm_typ_ht 11.980800 
U1157                     XOR2X1          saed90nm_typ_ht 13.824000 
U1158                     AOI21X1         saed90nm_typ_ht 11.980800 
U1159                     XOR2X1          saed90nm_typ_ht 13.824000 
U1160                     XNOR2X1         saed90nm_typ_ht 13.824000 
U1161                     OAI21X1         saed90nm_typ_ht 11.059200 
U1162                     XNOR2X1         saed90nm_typ_ht 13.824000 
U1163                     NAND2X0         saed90nm_typ_ht 5.529600  
U1164                     XNOR2X1         saed90nm_typ_ht 13.824000 
U1165                     XOR2X1          saed90nm_typ_ht 13.824000 
U1166                     XOR2X1          saed90nm_typ_ht 13.824000 
U1167                     NAND2X0         saed90nm_typ_ht 5.529600  
U1168                     MUX21X1         saed90nm_typ_ht 11.059200 
U1169                     OA22X1          saed90nm_typ_ht 11.059200 
U1170                     AO21X1          saed90nm_typ_ht 10.137600 
U1171                     NAND2X0         saed90nm_typ_ht 5.529600  
U1172                     MUX21X1         saed90nm_typ_ht 11.059200 
U1173                     OA22X1          saed90nm_typ_ht 11.059200 
U1174                     AO21X1          saed90nm_typ_ht 10.137600 
U1175                     NAND2X0         saed90nm_typ_ht 5.529600  
U1176                     MUX21X1         saed90nm_typ_ht 11.059200 
U1177                     OA22X1          saed90nm_typ_ht 11.059200 
U1178                     AO21X1          saed90nm_typ_ht 10.137600 
U1179                     MUX21X1         saed90nm_typ_ht 11.059200 
U1180                     OAI21X1         saed90nm_typ_ht 11.059200 
U1181                     XNOR2X1         saed90nm_typ_ht 13.824000 
U1182                     NAND2X0         saed90nm_typ_ht 5.529600  
U1183                     MUX21X1         saed90nm_typ_ht 11.059200 
U1184                     OA22X1          saed90nm_typ_ht 11.059200 
U1185                     AO21X1          saed90nm_typ_ht 10.137600 
U1186                     MUX21X1         saed90nm_typ_ht 11.059200 
U1187                     XOR2X1          saed90nm_typ_ht 13.824000 
U1188                     NAND2X0         saed90nm_typ_ht 5.529600  
U1189                     MUX21X1         saed90nm_typ_ht 11.059200 
U1190                     OA22X1          saed90nm_typ_ht 11.059200 
U1191                     AO21X1          saed90nm_typ_ht 10.137600 
U1192                     MUX21X1         saed90nm_typ_ht 11.059200 
U1193                     OAI21X1         saed90nm_typ_ht 11.059200 
U1194                     XNOR2X1         saed90nm_typ_ht 13.824000 
U1195                     NAND2X0         saed90nm_typ_ht 5.529600  
U1196                     MUX21X1         saed90nm_typ_ht 11.059200 
U1197                     OA22X1          saed90nm_typ_ht 11.059200 
U1198                     AO21X1          saed90nm_typ_ht 10.137600 
U1199                     MUX21X1         saed90nm_typ_ht 11.059200 
U1200                     OAI21X1         saed90nm_typ_ht 11.059200 
U1201                     XNOR2X1         saed90nm_typ_ht 13.824000 
U1202                     NAND2X0         saed90nm_typ_ht 5.529600  
U1203                     MUX21X1         saed90nm_typ_ht 11.059200 
U1204                     OA22X1          saed90nm_typ_ht 11.059200 
U1205                     AO21X1          saed90nm_typ_ht 10.137600 
U1206                     MUX21X1         saed90nm_typ_ht 11.059200 
U1207                     AOI21X1         saed90nm_typ_ht 11.980800 
U1208                     OAI21X1         saed90nm_typ_ht 11.059200 
U1209                     XNOR2X1         saed90nm_typ_ht 13.824000 
U1210                     NAND2X0         saed90nm_typ_ht 5.529600  
U1211                     MUX21X1         saed90nm_typ_ht 11.059200 
U1212                     OA22X1          saed90nm_typ_ht 11.059200 
U1213                     AO21X1          saed90nm_typ_ht 10.137600 
U1214                     MUX21X1         saed90nm_typ_ht 11.059200 
U1215                     XNOR2X1         saed90nm_typ_ht 13.824000 
U1216                     NAND2X0         saed90nm_typ_ht 5.529600  
U1217                     MUX21X1         saed90nm_typ_ht 11.059200 
U1218                     OA22X1          saed90nm_typ_ht 11.059200 
U1219                     AO21X1          saed90nm_typ_ht 10.137600 
U1220                     MUX21X1         saed90nm_typ_ht 11.059200 
U1221                     AOI21X1         saed90nm_typ_ht 11.980800 
U1222                     XOR2X1          saed90nm_typ_ht 13.824000 
U1223                     NAND2X0         saed90nm_typ_ht 5.529600  
U1224                     MUX21X1         saed90nm_typ_ht 11.059200 
U1225                     OA22X1          saed90nm_typ_ht 11.059200 
U1226                     AO21X1          saed90nm_typ_ht 10.137600 
U1227                     MUX21X1         saed90nm_typ_ht 11.059200 
U1228                     AOI21X1         saed90nm_typ_ht 11.980800 
U1229                     XOR2X1          saed90nm_typ_ht 13.824000 
U1230                     NAND2X0         saed90nm_typ_ht 5.529600  
U1231                     MUX21X1         saed90nm_typ_ht 11.059200 
U1232                     OA22X1          saed90nm_typ_ht 11.059200 
U1233                     AO21X1          saed90nm_typ_ht 10.137600 
U1234                     MUX21X1         saed90nm_typ_ht 11.059200 
U1235                     XOR3X1          saed90nm_typ_ht 22.118401 
U1236                     NAND2X0         saed90nm_typ_ht 5.529600  
U1237                     MUX21X1         saed90nm_typ_ht 11.059200 
U1238                     OA22X1          saed90nm_typ_ht 11.059200 
U1239                     AO21X1          saed90nm_typ_ht 10.137600 
U1240                     MUX21X1         saed90nm_typ_ht 11.059200 
U1241                     NAND2X0         saed90nm_typ_ht 5.529600  
U1242                     MUX21X1         saed90nm_typ_ht 11.059200 
U1243                     OA22X1          saed90nm_typ_ht 11.059200 
U1244                     AO21X1          saed90nm_typ_ht 10.137600 
U1245                     MUX21X1         saed90nm_typ_ht 11.059200 
U1246                     XOR2X1          saed90nm_typ_ht 13.824000 
U1247                     NAND2X0         saed90nm_typ_ht 5.529600  
U1248                     MUX21X1         saed90nm_typ_ht 11.059200 
U1249                     OA22X1          saed90nm_typ_ht 11.059200 
U1250                     AO21X1          saed90nm_typ_ht 10.137600 
U1251                     MUX21X1         saed90nm_typ_ht 11.059200 
U1252                     OAI21X1         saed90nm_typ_ht 11.059200 
U1253                     NAND2X0         saed90nm_typ_ht 5.529600  
U1254                     MUX21X1         saed90nm_typ_ht 11.059200 
U1255                     OA22X1          saed90nm_typ_ht 11.059200 
U1256                     AO21X1          saed90nm_typ_ht 10.137600 
U1257                     OAI21X1         saed90nm_typ_ht 11.059200 
U1258                     NAND2X0         saed90nm_typ_ht 5.529600  
U1259                     MUX21X1         saed90nm_typ_ht 11.059200 
U1260                     OA22X1          saed90nm_typ_ht 11.059200 
U1261                     AO21X1          saed90nm_typ_ht 10.137600 
U1262                     AOI21X1         saed90nm_typ_ht 11.980800 
U1263                     OAI21X1         saed90nm_typ_ht 11.059200 
U1264                     NAND2X0         saed90nm_typ_ht 5.529600  
U1265                     MUX21X1         saed90nm_typ_ht 11.059200 
U1266                     OA22X1          saed90nm_typ_ht 11.059200 
U1267                     AO21X1          saed90nm_typ_ht 10.137600 
U1268                     OAI21X1         saed90nm_typ_ht 11.059200 
U1269                     NAND2X0         saed90nm_typ_ht 5.529600  
U1270                     MUX21X1         saed90nm_typ_ht 11.059200 
U1271                     OA22X1          saed90nm_typ_ht 11.059200 
U1272                     AO21X1          saed90nm_typ_ht 10.137600 
U1273                     NAND2X0         saed90nm_typ_ht 5.529600  
U1274                     AOI21X1         saed90nm_typ_ht 11.980800 
U1275                     OAI21X1         saed90nm_typ_ht 11.059200 
U1276                     NAND2X0         saed90nm_typ_ht 5.529600  
U1277                     MUX21X1         saed90nm_typ_ht 11.059200 
U1278                     OA22X1          saed90nm_typ_ht 11.059200 
U1279                     AO21X1          saed90nm_typ_ht 10.137600 
U1280                     AOI21X1         saed90nm_typ_ht 11.980800 
U1281                     OAI21X1         saed90nm_typ_ht 11.059200 
U1282                     NAND2X0         saed90nm_typ_ht 5.529600  
U1283                     MUX21X1         saed90nm_typ_ht 11.059200 
U1284                     OA22X1          saed90nm_typ_ht 11.059200 
U1285                     AO21X1          saed90nm_typ_ht 10.137600 
U1286                     OAI21X1         saed90nm_typ_ht 11.059200 
U1287                     AOI21X1         saed90nm_typ_ht 11.980800 
U1288                     OAI21X1         saed90nm_typ_ht 11.059200 
U1289                     NAND2X0         saed90nm_typ_ht 5.529600  
U1290                     MUX21X1         saed90nm_typ_ht 11.059200 
U1291                     OA22X1          saed90nm_typ_ht 11.059200 
U1292                     AO21X1          saed90nm_typ_ht 10.137600 
U1293                     NAND2X0         saed90nm_typ_ht 5.529600  
U1294                     MUX21X1         saed90nm_typ_ht 11.059200 
U1295                     OA22X1          saed90nm_typ_ht 11.059200 
U1296                     AO21X1          saed90nm_typ_ht 10.137600 
U1297                     NAND2X0         saed90nm_typ_ht 5.529600  
U1298                     MUX21X1         saed90nm_typ_ht 11.059200 
U1299                     OA22X1          saed90nm_typ_ht 11.059200 
U1300                     AO21X1          saed90nm_typ_ht 10.137600 
U1301                     NAND2X0         saed90nm_typ_ht 5.529600  
U1302                     MUX21X1         saed90nm_typ_ht 11.059200 
U1303                     OA22X1          saed90nm_typ_ht 11.059200 
U1304                     AO21X1          saed90nm_typ_ht 10.137600 
U1305                     AOI21X1         saed90nm_typ_ht 11.980800 
U1306                     NAND2X0         saed90nm_typ_ht 5.529600  
U1307                     MUX21X1         saed90nm_typ_ht 11.059200 
U1308                     OA22X1          saed90nm_typ_ht 11.059200 
U1309                     AO21X1          saed90nm_typ_ht 10.137600 
U1310                     NAND2X0         saed90nm_typ_ht 5.529600  
U1311                     MUX21X1         saed90nm_typ_ht 11.059200 
U1312                     OA22X1          saed90nm_typ_ht 11.059200 
U1313                     AO21X1          saed90nm_typ_ht 10.137600 
U1314                     AOI21X1         saed90nm_typ_ht 11.980800 
U1315                     NAND2X0         saed90nm_typ_ht 5.529600  
U1316                     MUX21X1         saed90nm_typ_ht 11.059200 
U1317                     OA22X1          saed90nm_typ_ht 11.059200 
U1318                     AO21X1          saed90nm_typ_ht 10.137600 
U1319                     AOI21X1         saed90nm_typ_ht 11.980800 
U1320                     NAND2X0         saed90nm_typ_ht 5.529600  
U1321                     MUX21X1         saed90nm_typ_ht 11.059200 
U1322                     OA22X1          saed90nm_typ_ht 11.059200 
U1323                     AO21X1          saed90nm_typ_ht 10.137600 
U1324                     OAI21X1         saed90nm_typ_ht 11.059200 
U1325                     AOI21X1         saed90nm_typ_ht 11.980800 
U1326                     NAND2X0         saed90nm_typ_ht 5.529600  
U1327                     MUX21X1         saed90nm_typ_ht 11.059200 
U1328                     OA22X1          saed90nm_typ_ht 11.059200 
U1329                     AO21X1          saed90nm_typ_ht 10.137600 
U1330                     NAND2X0         saed90nm_typ_ht 5.529600  
U1331                     MUX21X1         saed90nm_typ_ht 11.059200 
U1332                     OA22X1          saed90nm_typ_ht 11.059200 
U1333                     AOI21X1         saed90nm_typ_ht 11.980800 
U1334                     AO21X1          saed90nm_typ_ht 10.137600 
U1335                     XOR2X1          saed90nm_typ_ht 13.824000 
U1336                     NAND2X0         saed90nm_typ_ht 5.529600  
U1337                     MUX21X1         saed90nm_typ_ht 11.059200 
U1338                     OA22X1          saed90nm_typ_ht 11.059200 
U1339                     AO21X1          saed90nm_typ_ht 10.137600 
U1340                     NBUFFX2         saed90nm_typ_ht 5.529600  
u_pc/pc_out_reg[1]        DFFARX1         saed90nm_typ_ht 32.256001 n
u_pc/pc_out_reg[2]        DFFARX1         saed90nm_typ_ht 32.256001 n
u_pc/pc_out_reg[3]        DFFARX1         saed90nm_typ_ht 32.256001 n
u_pc/pc_out_reg[4]        DFFARX1         saed90nm_typ_ht 32.256001 n
u_pc/pc_out_reg[5]        DFFARX1         saed90nm_typ_ht 32.256001 n
u_pc/pc_out_reg[6]        DFFARX1         saed90nm_typ_ht 32.256001 n
u_pc/pc_out_reg[7]        DFFARX1         saed90nm_typ_ht 32.256001 n
u_pc/pc_out_reg[8]        DFFARX1         saed90nm_typ_ht 32.256001 n
u_pc/pc_out_reg[9]        DFFARX1         saed90nm_typ_ht 32.256001 n
u_pc/pc_out_reg[10]       DFFARX1         saed90nm_typ_ht 32.256001 n
u_pc/pc_out_reg[11]       DFFARX1         saed90nm_typ_ht 32.256001 n
u_pc/pc_out_reg[12]       DFFARX1         saed90nm_typ_ht 32.256001 n
u_pc/pc_out_reg[13]       DFFARX1         saed90nm_typ_ht 32.256001 n
u_pc/pc_out_reg[14]       DFFARX1         saed90nm_typ_ht 32.256001 n
u_pc/pc_out_reg[15]       DFFARX1         saed90nm_typ_ht 32.256001 n
u_pc/pc_out_reg[16]       DFFARX1         saed90nm_typ_ht 32.256001 n
u_pc/pc_out_reg[17]       DFFARX1         saed90nm_typ_ht 32.256001 n
u_pc/pc_out_reg[18]       DFFARX1         saed90nm_typ_ht 32.256001 n
u_pc/pc_out_reg[19]       DFFARX1         saed90nm_typ_ht 32.256001 n
u_pc/pc_out_reg[20]       DFFARX1         saed90nm_typ_ht 32.256001 n
u_pc/pc_out_reg[21]       DFFARX1         saed90nm_typ_ht 32.256001 n
u_pc/pc_out_reg[22]       DFFARX1         saed90nm_typ_ht 32.256001 n
u_pc/pc_out_reg[23]       DFFARX1         saed90nm_typ_ht 32.256001 n
u_pc/pc_out_reg[24]       DFFARX1         saed90nm_typ_ht 32.256001 n
u_pc/pc_out_reg[25]       DFFARX1         saed90nm_typ_ht 32.256001 n
u_pc/pc_out_reg[26]       DFFARX1         saed90nm_typ_ht 32.256001 n
u_pc/pc_out_reg[27]       DFFARX1         saed90nm_typ_ht 32.256001 n
u_pc/pc_out_reg[28]       DFFARX1         saed90nm_typ_ht 32.256001 n
u_pc/pc_out_reg[29]       DFFARX1         saed90nm_typ_ht 32.256001 n
u_pc/pc_out_reg[30]       DFFARX1         saed90nm_typ_ht 32.256001 n
u_pc/pc_out_reg[31]       DFFARX1         saed90nm_typ_ht 32.256001 n
u_regfile                 regfile                         61855.949189
                                                                    h, n
--------------------------------------------------------------------------------
Total 1012 cells                                          71035.085320
1
