 
****************************************
Report : design
Design : riscv_core_synth
Version: V-2023.12-SP4
Date   : Tue May  5 16:23:26 2026
****************************************

Design allows ideal nets on clock nets.

Library(s) Used:

    saed90nm_typ_ht (File: /home/vdevaraj/Projects/RISC_v_single_cycle/lib/saed/saed90nm_typ_ht.db)

Local Link Library:

    {saed90nm_typ_ht.db}

Flip-Flop Types:

    No flip-flop types specified.

Latch Types:

    No latch types specified.

Operating Conditions:


    Operating Condition Name : TYPICAL
    Library : saed90nm_typ_ht
    Process :   1.00
    Temperature : 125.00
    Voltage :   1.20
    Interconnect Model : balanced_tree

Wire Loading Model:

    Selected automatically from the total cell area.

Name           :   140000
Location       :   saed90nm_typ_ht
Resistance     :   0.01
Capacitance    :   0.000143
Area           :   0.01
Slope          :   211.204
Fanout   Length   Points Average Cap Std Deviation
--------------------------------------------------------------
     1    20.20
     2    47.15
     3    78.39
     4   114.63
     5   156.57
     6   204.90
     7   260.33
     8   323.54
     9   395.25
    10   476.14
    11   566.92
    12   668.29
    13   780.94
    14   905.58
    15  1042.89
    16  1193.59
    17  1358.37
    18  1537.92
    19  1732.95
    20  1944.15



Wire Loading Model Mode: enclosed.

Timing Ranges:

    No timing ranges specified.

Pin Input Delays:

    None specified.

Pin Output Delays:

    None specified.

Disabled Timing Arcs:

    No arcs disabled.

Required Licenses:

    DesignWare

Design Parameters:

    None specified.
1
