 
****************************************
Report : cell
Design : riscv_core_synth
Version: V-2023.12-SP4
Date   : Tue May  5 16:14:27 2026
****************************************

Attributes:
    b - black box (unknown)
    h - hierarchical
    n - noncombinational
    r - removable
    u - contains unmapped logic

Cell                      Reference       Library             Area  Attributes
--------------------------------------------------------------------------------
U360                      INVX0           saed90nm_typ_ht 5.529600  
U361                      INVX0           saed90nm_typ_ht 5.529600  
U362                      INVX0           saed90nm_typ_ht 5.529600  
U363                      INVX0           saed90nm_typ_ht 5.529600  
U364                      INVX0           saed90nm_typ_ht 5.529600  
U365                      NOR2X0          saed90nm_typ_ht 5.529600  
U366                      NOR2X0          saed90nm_typ_ht 5.529600  
U367                      NOR2X0          saed90nm_typ_ht 5.529600  
U368                      NOR2X0          saed90nm_typ_ht 5.529600  
U369                      NAND2X0         saed90nm_typ_ht 5.529600  
U370                      INVX0           saed90nm_typ_ht 5.529600  
U371                      NAND2X0         saed90nm_typ_ht 5.529600  
U372                      NOR2X0          saed90nm_typ_ht 5.529600  
U373                      NAND2X0         saed90nm_typ_ht 5.529600  
U374                      NAND2X0         saed90nm_typ_ht 5.529600  
U375                      NAND2X0         saed90nm_typ_ht 5.529600  
U376                      NAND2X0         saed90nm_typ_ht 5.529600  
U377                      NOR2X0          saed90nm_typ_ht 5.529600  
U378                      AND2X1          saed90nm_typ_ht 7.372800  
U379                      NAND2X0         saed90nm_typ_ht 5.529600  
U380                      NAND2X0         saed90nm_typ_ht 5.529600  
U381                      NAND2X0         saed90nm_typ_ht 5.529600  
U382                      NAND2X0         saed90nm_typ_ht 5.529600  
U383                      NOR2X0          saed90nm_typ_ht 5.529600  
U384                      NOR2X0          saed90nm_typ_ht 5.529600  
U385                      NAND2X0         saed90nm_typ_ht 5.529600  
U386                      NAND2X0         saed90nm_typ_ht 5.529600  
U387                      NAND2X0         saed90nm_typ_ht 5.529600  
U388                      NAND2X0         saed90nm_typ_ht 5.529600  
U389                      NAND2X0         saed90nm_typ_ht 5.529600  
U390                      NOR2X0          saed90nm_typ_ht 5.529600  
U391                      NAND2X0         saed90nm_typ_ht 5.529600  
U392                      NAND2X0         saed90nm_typ_ht 5.529600  
U393                      NAND2X0         saed90nm_typ_ht 5.529600  
U394                      NAND2X0         saed90nm_typ_ht 5.529600  
U395                      NOR2X0          saed90nm_typ_ht 5.529600  
U396                      NOR2X0          saed90nm_typ_ht 5.529600  
U397                      NOR2X0          saed90nm_typ_ht 5.529600  
U398                      INVX0           saed90nm_typ_ht 5.529600  
U399                      OR2X1           saed90nm_typ_ht 7.372800  
U400                      INVX0           saed90nm_typ_ht 5.529600  
U401                      AO22X1          saed90nm_typ_ht 11.980800 
U402                      NAND2X0         saed90nm_typ_ht 5.529600  
U403                      NAND2X0         saed90nm_typ_ht 5.529600  
U404                      MUX21X1         saed90nm_typ_ht 11.059200 
U405                      INVX0           saed90nm_typ_ht 5.529600  
U406                      NOR2X0          saed90nm_typ_ht 5.529600  
U407                      MUX21X1         saed90nm_typ_ht 11.059200 
U408                      MUX21X1         saed90nm_typ_ht 11.059200 
U409                      NOR2X0          saed90nm_typ_ht 5.529600  
U410                      MUX21X1         saed90nm_typ_ht 11.059200 
U411                      NOR2X0          saed90nm_typ_ht 5.529600  
U412                      MUX21X1         saed90nm_typ_ht 11.059200 
U413                      NOR2X0          saed90nm_typ_ht 5.529600  
U414                      MUX21X1         saed90nm_typ_ht 11.059200 
U415                      INVX0           saed90nm_typ_ht 5.529600  
U416                      MUX21X1         saed90nm_typ_ht 11.059200 
U417                      INVX0           saed90nm_typ_ht 5.529600  
U418                      OR2X1           saed90nm_typ_ht 7.372800  
U419                      FADDX1          saed90nm_typ_ht 29.491199 r
U420                      AND2X1          saed90nm_typ_ht 7.372800  
U421                      OR2X1           saed90nm_typ_ht 7.372800  
U422                      MUX21X1         saed90nm_typ_ht 11.059200 
U423                      NAND2X0         saed90nm_typ_ht 5.529600  
U424                      MUX21X1         saed90nm_typ_ht 11.059200 
U425                      INVX0           saed90nm_typ_ht 5.529600  
U426                      NAND2X0         saed90nm_typ_ht 5.529600  
U427                      AND2X1          saed90nm_typ_ht 7.372800  
U428                      AND2X1          saed90nm_typ_ht 7.372800  
U429                      NAND2X0         saed90nm_typ_ht 5.529600  
U430                      INVX0           saed90nm_typ_ht 5.529600  
U431                      NOR2X0          saed90nm_typ_ht 5.529600  
U432                      MUX21X1         saed90nm_typ_ht 11.059200 
U433                      NAND2X0         saed90nm_typ_ht 5.529600  
U434                      NAND2X0         saed90nm_typ_ht 5.529600  
U435                      INVX0           saed90nm_typ_ht 5.529600  
U436                      NOR2X0          saed90nm_typ_ht 5.529600  
U437                      OR2X1           saed90nm_typ_ht 7.372800  
U438                      NAND2X0         saed90nm_typ_ht 5.529600  
U439                      NAND2X0         saed90nm_typ_ht 5.529600  
U440                      INVX0           saed90nm_typ_ht 5.529600  
U441                      NAND2X0         saed90nm_typ_ht 5.529600  
U442                      NAND2X0         saed90nm_typ_ht 5.529600  
U443                      NAND2X0         saed90nm_typ_ht 5.529600  
U444                      INVX0           saed90nm_typ_ht 5.529600  
U445                      MUX21X1         saed90nm_typ_ht 11.059200 
U446                      NAND2X0         saed90nm_typ_ht 5.529600  
U447                      NAND2X0         saed90nm_typ_ht 5.529600  
U448                      NAND2X0         saed90nm_typ_ht 5.529600  
U449                      INVX0           saed90nm_typ_ht 5.529600  
U450                      NAND2X0         saed90nm_typ_ht 5.529600  
U451                      INVX0           saed90nm_typ_ht 5.529600  
U452                      NAND2X0         saed90nm_typ_ht 5.529600  
U453                      INVX0           saed90nm_typ_ht 5.529600  
U454                      NAND2X0         saed90nm_typ_ht 5.529600  
U455                      NAND2X0         saed90nm_typ_ht 5.529600  
U456                      INVX0           saed90nm_typ_ht 5.529600  
U457                      NAND2X0         saed90nm_typ_ht 5.529600  
U458                      INVX0           saed90nm_typ_ht 5.529600  
U459                      INVX0           saed90nm_typ_ht 5.529600  
U460                      INVX0           saed90nm_typ_ht 5.529600  
U461                      NAND2X0         saed90nm_typ_ht 5.529600  
U462                      INVX0           saed90nm_typ_ht 5.529600  
U463                      INVX0           saed90nm_typ_ht 5.529600  
U464                      INVX0           saed90nm_typ_ht 5.529600  
U465                      INVX0           saed90nm_typ_ht 5.529600  
U466                      INVX0           saed90nm_typ_ht 5.529600  
U467                      INVX0           saed90nm_typ_ht 5.529600  
U468                      INVX0           saed90nm_typ_ht 5.529600  
U469                      NOR2X0          saed90nm_typ_ht 5.529600  
U470                      NAND2X0         saed90nm_typ_ht 5.529600  
U471                      INVX0           saed90nm_typ_ht 5.529600  
U472                      OR2X1           saed90nm_typ_ht 7.372800  
U473                      NAND2X0         saed90nm_typ_ht 5.529600  
U474                      INVX0           saed90nm_typ_ht 5.529600  
U475                      INVX0           saed90nm_typ_ht 5.529600  
U476                      INVX0           saed90nm_typ_ht 5.529600  
U477                      INVX0           saed90nm_typ_ht 5.529600  
U478                      INVX0           saed90nm_typ_ht 5.529600  
U479                      INVX0           saed90nm_typ_ht 5.529600  
U480                      NAND2X0         saed90nm_typ_ht 5.529600  
U481                      NAND2X0         saed90nm_typ_ht 5.529600  
U482                      INVX0           saed90nm_typ_ht 5.529600  
U483                      OR2X1           saed90nm_typ_ht 7.372800  
U484                      OR2X1           saed90nm_typ_ht 7.372800  
U485                      INVX0           saed90nm_typ_ht 5.529600  
U486                      OR2X1           saed90nm_typ_ht 7.372800  
U487                      XOR2X1          saed90nm_typ_ht 13.824000 
U488                      INVX0           saed90nm_typ_ht 5.529600  
U489                      OR2X1           saed90nm_typ_ht 7.372800  
U490                      NAND2X0         saed90nm_typ_ht 5.529600  
U491                      XOR2X1          saed90nm_typ_ht 13.824000 
U492                      OR2X1           saed90nm_typ_ht 7.372800  
U493                      INVX0           saed90nm_typ_ht 5.529600  
U494                      NAND2X0         saed90nm_typ_ht 5.529600  
U495                      AND2X1          saed90nm_typ_ht 7.372800  
U496                      NOR2X0          saed90nm_typ_ht 5.529600  
U497                      OR2X1           saed90nm_typ_ht 7.372800  
U498                      AND2X1          saed90nm_typ_ht 7.372800  
U499                      XOR2X1          saed90nm_typ_ht 13.824000 
U500                      AND2X1          saed90nm_typ_ht 7.372800  
U501                      AND2X1          saed90nm_typ_ht 7.372800  
U502                      XOR2X1          saed90nm_typ_ht 13.824000 
U503                      XOR2X1          saed90nm_typ_ht 13.824000 
U504                      XOR2X1          saed90nm_typ_ht 13.824000 
U505                      XOR2X1          saed90nm_typ_ht 13.824000 
U506                      XOR2X1          saed90nm_typ_ht 13.824000 
U507                      XOR2X1          saed90nm_typ_ht 13.824000 
U508                      XOR2X1          saed90nm_typ_ht 13.824000 
U509                      XOR2X1          saed90nm_typ_ht 13.824000 
U510                      NAND2X0         saed90nm_typ_ht 5.529600  
U511                      NAND2X0         saed90nm_typ_ht 5.529600  
U512                      NOR4X0          saed90nm_typ_ht 9.216000  
U513                      XOR2X1          saed90nm_typ_ht 13.824000 
U514                      NAND2X0         saed90nm_typ_ht 5.529600  
U515                      XOR2X1          saed90nm_typ_ht 13.824000 
U516                      XOR2X1          saed90nm_typ_ht 13.824000 
U517                      XOR2X1          saed90nm_typ_ht 13.824000 
U518                      NAND2X0         saed90nm_typ_ht 5.529600  
U519                      NOR4X0          saed90nm_typ_ht 9.216000  
U520                      XOR2X1          saed90nm_typ_ht 13.824000 
U521                      XOR2X1          saed90nm_typ_ht 13.824000 
U522                      XOR2X1          saed90nm_typ_ht 13.824000 
U523                      XOR2X1          saed90nm_typ_ht 13.824000 
U524                      NOR4X0          saed90nm_typ_ht 9.216000  
U525                      XOR2X1          saed90nm_typ_ht 13.824000 
U526                      NOR4X0          saed90nm_typ_ht 9.216000  
U527                      XOR2X1          saed90nm_typ_ht 13.824000 
U528                      XOR2X1          saed90nm_typ_ht 13.824000 
U529                      XOR2X1          saed90nm_typ_ht 13.824000 
U530                      XOR2X1          saed90nm_typ_ht 13.824000 
U531                      XOR2X1          saed90nm_typ_ht 13.824000 
U532                      XOR2X1          saed90nm_typ_ht 13.824000 
U533                      XOR2X1          saed90nm_typ_ht 13.824000 
U534                      XOR2X1          saed90nm_typ_ht 13.824000 
U535                      XOR2X1          saed90nm_typ_ht 13.824000 
U536                      XOR2X1          saed90nm_typ_ht 13.824000 
U537                      NOR2X0          saed90nm_typ_ht 5.529600  
U538                      XOR2X1          saed90nm_typ_ht 13.824000 
U539                      XOR2X1          saed90nm_typ_ht 13.824000 
U540                      XOR2X1          saed90nm_typ_ht 13.824000 
U541                      XOR2X1          saed90nm_typ_ht 13.824000 
U542                      AND2X1          saed90nm_typ_ht 7.372800  
U543                      NOR2X1          saed90nm_typ_ht 6.451200  
U544                      INVX0           saed90nm_typ_ht 5.529600  
U545                      NAND2X0         saed90nm_typ_ht 5.529600  
U546                      INVX0           saed90nm_typ_ht 5.529600  
U547                      NAND2X0         saed90nm_typ_ht 5.529600  
U548                      NOR2X0          saed90nm_typ_ht 5.529600  
U549                      NAND2X0         saed90nm_typ_ht 5.529600  
U550                      NOR2X0          saed90nm_typ_ht 5.529600  
U551                      NAND2X0         saed90nm_typ_ht 5.529600  
U552                      NAND2X0         saed90nm_typ_ht 5.529600  
U553                      INVX0           saed90nm_typ_ht 5.529600  
U554                      NOR2X0          saed90nm_typ_ht 5.529600  
U555                      AND2X1          saed90nm_typ_ht 7.372800  
U556                      AND2X1          saed90nm_typ_ht 7.372800  
U557                      AND2X1          saed90nm_typ_ht 7.372800  
U558                      AND2X1          saed90nm_typ_ht 7.372800  
U559                      AND2X1          saed90nm_typ_ht 7.372800  
U560                      AND2X1          saed90nm_typ_ht 7.372800  
U561                      NAND2X0         saed90nm_typ_ht 5.529600  
U562                      AO21X1          saed90nm_typ_ht 10.137600 
U563                      AO21X1          saed90nm_typ_ht 10.137600 
U564                      AO21X1          saed90nm_typ_ht 10.137600 
U565                      NOR2X0          saed90nm_typ_ht 5.529600  
U566                      NOR2X0          saed90nm_typ_ht 5.529600  
U567                      AO21X1          saed90nm_typ_ht 10.137600 
U568                      NAND4X0         saed90nm_typ_ht 8.294400  
U569                      INVX0           saed90nm_typ_ht 5.529600  
U570                      AO22X1          saed90nm_typ_ht 11.980800 
U571                      NBUFFX2         saed90nm_typ_ht 5.529600  
U572                      AND2X1          saed90nm_typ_ht 7.372800  
U573                      AND2X1          saed90nm_typ_ht 7.372800  
U574                      NBUFFX2         saed90nm_typ_ht 5.529600  
U575                      NAND2X0         saed90nm_typ_ht 5.529600  
U576                      NOR2X0          saed90nm_typ_ht 5.529600  
U577                      INVX0           saed90nm_typ_ht 5.529600  
U578                      XOR2X1          saed90nm_typ_ht 13.824000 
U579                      XOR2X1          saed90nm_typ_ht 13.824000 
U580                      AND2X1          saed90nm_typ_ht 7.372800  
U581                      OR2X1           saed90nm_typ_ht 7.372800  
U582                      INVX0           saed90nm_typ_ht 5.529600  
U583                      AND2X1          saed90nm_typ_ht 7.372800  
U584                      AND2X1          saed90nm_typ_ht 7.372800  
U585                      AND2X1          saed90nm_typ_ht 7.372800  
U586                      NAND2X0         saed90nm_typ_ht 5.529600  
U587                      AND2X1          saed90nm_typ_ht 7.372800  
U588                      AND2X1          saed90nm_typ_ht 7.372800  
U589                      XNOR2X1         saed90nm_typ_ht 13.824000 
U590                      NAND2X0         saed90nm_typ_ht 5.529600  
U591                      MUX21X1         saed90nm_typ_ht 11.059200 
U592                      NAND2X0         saed90nm_typ_ht 5.529600  
U593                      NAND2X0         saed90nm_typ_ht 5.529600  
U594                      NAND2X0         saed90nm_typ_ht 5.529600  
U595                      AND2X1          saed90nm_typ_ht 7.372800  
U596                      MUX21X1         saed90nm_typ_ht 11.059200 
U597                      MUX21X1         saed90nm_typ_ht 11.059200 
U598                      NAND2X0         saed90nm_typ_ht 5.529600  
U599                      NAND2X0         saed90nm_typ_ht 5.529600  
U600                      AND2X1          saed90nm_typ_ht 7.372800  
U601                      AND2X1          saed90nm_typ_ht 7.372800  
U602                      AND2X1          saed90nm_typ_ht 7.372800  
U603                      AND2X1          saed90nm_typ_ht 7.372800  
U604                      OR2X1           saed90nm_typ_ht 7.372800  
U605                      AND2X1          saed90nm_typ_ht 7.372800  
U606                      AND2X1          saed90nm_typ_ht 7.372800  
U607                      AND2X1          saed90nm_typ_ht 7.372800  
U608                      AND2X1          saed90nm_typ_ht 7.372800  
U609                      INVX0           saed90nm_typ_ht 5.529600  
U610                      OR2X1           saed90nm_typ_ht 7.372800  
U611                      OR2X1           saed90nm_typ_ht 7.372800  
U612                      INVX0           saed90nm_typ_ht 5.529600  
U613                      OR3X1           saed90nm_typ_ht 9.216000  
U614                      AND2X1          saed90nm_typ_ht 7.372800  
U615                      AO21X1          saed90nm_typ_ht 10.137600 
U616                      AND2X1          saed90nm_typ_ht 7.372800  
U617                      AND2X1          saed90nm_typ_ht 7.372800  
U618                      OR2X1           saed90nm_typ_ht 7.372800  
U619                      NOR2X0          saed90nm_typ_ht 5.529600  
U620                      AND2X1          saed90nm_typ_ht 7.372800  
U621                      AND2X1          saed90nm_typ_ht 7.372800  
U622                      INVX0           saed90nm_typ_ht 5.529600  
U623                      INVX0           saed90nm_typ_ht 5.529600  
U624                      INVX0           saed90nm_typ_ht 5.529600  
U625                      NOR2X0          saed90nm_typ_ht 5.529600  
U626                      NOR2X0          saed90nm_typ_ht 5.529600  
U627                      INVX0           saed90nm_typ_ht 5.529600  
U628                      NOR2X0          saed90nm_typ_ht 5.529600  
U629                      NOR2X0          saed90nm_typ_ht 5.529600  
U630                      NOR2X0          saed90nm_typ_ht 5.529600  
U631                      NOR2X0          saed90nm_typ_ht 5.529600  
U632                      NOR2X0          saed90nm_typ_ht 5.529600  
U633                      NOR2X0          saed90nm_typ_ht 5.529600  
U634                      NOR2X0          saed90nm_typ_ht 5.529600  
U635                      NOR2X0          saed90nm_typ_ht 5.529600  
U636                      NOR2X0          saed90nm_typ_ht 5.529600  
U637                      NOR2X0          saed90nm_typ_ht 5.529600  
U638                      NOR2X0          saed90nm_typ_ht 5.529600  
U639                      INVX0           saed90nm_typ_ht 5.529600  
U640                      NOR2X0          saed90nm_typ_ht 5.529600  
U641                      NOR2X0          saed90nm_typ_ht 5.529600  
U642                      OR2X1           saed90nm_typ_ht 7.372800  
U643                      NOR2X0          saed90nm_typ_ht 5.529600  
U644                      INVX0           saed90nm_typ_ht 5.529600  
U645                      NAND2X0         saed90nm_typ_ht 5.529600  
U646                      NAND2X0         saed90nm_typ_ht 5.529600  
U647                      NAND2X0         saed90nm_typ_ht 5.529600  
U648                      INVX0           saed90nm_typ_ht 5.529600  
U649                      NAND2X0         saed90nm_typ_ht 5.529600  
U650                      NAND2X0         saed90nm_typ_ht 5.529600  
U651                      INVX0           saed90nm_typ_ht 5.529600  
U652                      NBUFFX2         saed90nm_typ_ht 5.529600  
U653                      NOR2X0          saed90nm_typ_ht 5.529600  
U654                      INVX0           saed90nm_typ_ht 5.529600  
U655                      INVX0           saed90nm_typ_ht 5.529600  
U656                      INVX0           saed90nm_typ_ht 5.529600  
U657                      INVX0           saed90nm_typ_ht 5.529600  
U658                      INVX0           saed90nm_typ_ht 5.529600  
U660                      NAND3X0         saed90nm_typ_ht 7.372800  
U661                      INVX0           saed90nm_typ_ht 5.529600  
U662                      NOR2X0          saed90nm_typ_ht 5.529600  
U663                      NAND2X0         saed90nm_typ_ht 5.529600  
U664                      NAND2X0         saed90nm_typ_ht 5.529600  
U665                      INVX0           saed90nm_typ_ht 5.529600  
U666                      INVX0           saed90nm_typ_ht 5.529600  
U667                      MUX21X1         saed90nm_typ_ht 11.059200 
U668                      INVX0           saed90nm_typ_ht 5.529600  
U669                      OAI22X1         saed90nm_typ_ht 12.902400 
U670                      AO221X1         saed90nm_typ_ht 12.902400 
U671                      INVX0           saed90nm_typ_ht 5.529600  
U672                      MUX21X1         saed90nm_typ_ht 11.059200 
U673                      INVX0           saed90nm_typ_ht 5.529600  
U674                      MUX21X1         saed90nm_typ_ht 11.059200 
U675                      INVX0           saed90nm_typ_ht 5.529600  
U676                      MUX21X1         saed90nm_typ_ht 11.059200 
U677                      INVX0           saed90nm_typ_ht 5.529600  
U678                      MUX21X1         saed90nm_typ_ht 11.059200 
U679                      NAND4X0         saed90nm_typ_ht 8.294400  
U680                      MUX21X1         saed90nm_typ_ht 11.059200 
U681                      XOR2X1          saed90nm_typ_ht 13.824000 
U682                      INVX0           saed90nm_typ_ht 5.529600  
U683                      INVX0           saed90nm_typ_ht 5.529600  
U684                      MUX21X1         saed90nm_typ_ht 11.059200 
U685                      INVX0           saed90nm_typ_ht 5.529600  
U686                      MUX21X1         saed90nm_typ_ht 11.059200 
U687                      INVX0           saed90nm_typ_ht 5.529600  
U688                      MUX21X1         saed90nm_typ_ht 11.059200 
U689                      INVX0           saed90nm_typ_ht 5.529600  
U690                      MUX21X1         saed90nm_typ_ht 11.059200 
U691                      INVX0           saed90nm_typ_ht 5.529600  
U692                      MUX21X1         saed90nm_typ_ht 11.059200 
U693                      NAND4X0         saed90nm_typ_ht 8.294400  
U694                      INVX0           saed90nm_typ_ht 5.529600  
U695                      MUX21X1         saed90nm_typ_ht 11.059200 
U696                      INVX0           saed90nm_typ_ht 5.529600  
U697                      MUX21X1         saed90nm_typ_ht 11.059200 
U698                      INVX0           saed90nm_typ_ht 5.529600  
U699                      MUX21X1         saed90nm_typ_ht 11.059200 
U700                      INVX0           saed90nm_typ_ht 5.529600  
U701                      MUX21X1         saed90nm_typ_ht 11.059200 
U702                      NAND4X0         saed90nm_typ_ht 8.294400  
U703                      INVX0           saed90nm_typ_ht 5.529600  
U704                      MUX21X1         saed90nm_typ_ht 11.059200 
U705                      INVX0           saed90nm_typ_ht 5.529600  
U706                      MUX21X1         saed90nm_typ_ht 11.059200 
U707                      INVX0           saed90nm_typ_ht 5.529600  
U708                      MUX21X1         saed90nm_typ_ht 11.059200 
U709                      INVX0           saed90nm_typ_ht 5.529600  
U710                      MUX21X1         saed90nm_typ_ht 11.059200 
U711                      NAND4X0         saed90nm_typ_ht 8.294400  
U712                      INVX0           saed90nm_typ_ht 5.529600  
U713                      MUX21X1         saed90nm_typ_ht 11.059200 
U714                      INVX0           saed90nm_typ_ht 5.529600  
U715                      MUX21X1         saed90nm_typ_ht 11.059200 
U716                      INVX0           saed90nm_typ_ht 5.529600  
U717                      MUX21X1         saed90nm_typ_ht 11.059200 
U718                      INVX0           saed90nm_typ_ht 5.529600  
U719                      MUX21X1         saed90nm_typ_ht 11.059200 
U720                      NAND4X0         saed90nm_typ_ht 8.294400  
U721                      INVX0           saed90nm_typ_ht 5.529600  
U722                      MUX21X1         saed90nm_typ_ht 11.059200 
U723                      INVX0           saed90nm_typ_ht 5.529600  
U724                      MUX21X1         saed90nm_typ_ht 11.059200 
U725                      INVX0           saed90nm_typ_ht 5.529600  
U726                      NAND4X0         saed90nm_typ_ht 8.294400  
U727                      XOR2X1          saed90nm_typ_ht 13.824000 
U728                      AND2X1          saed90nm_typ_ht 7.372800  
U729                      NAND2X0         saed90nm_typ_ht 5.529600  
U730                      INVX0           saed90nm_typ_ht 5.529600  
U731                      XOR2X1          saed90nm_typ_ht 13.824000 
U732                      NAND2X0         saed90nm_typ_ht 5.529600  
U733                      NAND2X0         saed90nm_typ_ht 5.529600  
U734                      OR2X1           saed90nm_typ_ht 7.372800  
U735                      NAND2X0         saed90nm_typ_ht 5.529600  
U736                      NAND2X0         saed90nm_typ_ht 5.529600  
U737                      AO22X1          saed90nm_typ_ht 11.980800 
U738                      OR2X1           saed90nm_typ_ht 7.372800  
U739                      NAND2X0         saed90nm_typ_ht 5.529600  
U740                      AND2X1          saed90nm_typ_ht 7.372800  
U741                      AO21X1          saed90nm_typ_ht 10.137600 
U742                      XOR2X1          saed90nm_typ_ht 13.824000 
U743                      XOR2X1          saed90nm_typ_ht 13.824000 
U744                      OR2X1           saed90nm_typ_ht 7.372800  
U745                      AO21X1          saed90nm_typ_ht 10.137600 
U746                      XOR2X1          saed90nm_typ_ht 13.824000 
U747                      XOR2X1          saed90nm_typ_ht 13.824000 
U748                      OR2X1           saed90nm_typ_ht 7.372800  
U749                      OR2X1           saed90nm_typ_ht 7.372800  
U750                      OR2X1           saed90nm_typ_ht 7.372800  
U751                      OR2X1           saed90nm_typ_ht 7.372800  
U752                      AO21X1          saed90nm_typ_ht 10.137600 
U753                      AO21X1          saed90nm_typ_ht 10.137600 
U754                      AO21X1          saed90nm_typ_ht 10.137600 
U755                      AO21X1          saed90nm_typ_ht 10.137600 
U756                      XOR2X1          saed90nm_typ_ht 13.824000 
U757                      XOR2X1          saed90nm_typ_ht 13.824000 
U758                      XOR2X1          saed90nm_typ_ht 13.824000 
U759                      XOR2X1          saed90nm_typ_ht 13.824000 
U760                      XOR2X1          saed90nm_typ_ht 13.824000 
U761                      XOR2X1          saed90nm_typ_ht 13.824000 
U762                      XOR2X1          saed90nm_typ_ht 13.824000 
U763                      XOR2X1          saed90nm_typ_ht 13.824000 
U764                      OR2X1           saed90nm_typ_ht 7.372800  
U765                      AO21X1          saed90nm_typ_ht 10.137600 
U766                      XOR2X1          saed90nm_typ_ht 13.824000 
U767                      NOR2X0          saed90nm_typ_ht 5.529600  
U768                      NBUFFX2         saed90nm_typ_ht 5.529600  
U769                      XOR2X1          saed90nm_typ_ht 13.824000 
U770                      OR2X1           saed90nm_typ_ht 7.372800  
U771                      OR2X1           saed90nm_typ_ht 7.372800  
U772                      OR2X1           saed90nm_typ_ht 7.372800  
U773                      OR2X1           saed90nm_typ_ht 7.372800  
U774                      OR2X1           saed90nm_typ_ht 7.372800  
U775                      OR2X1           saed90nm_typ_ht 7.372800  
U776                      OR2X1           saed90nm_typ_ht 7.372800  
U777                      OR2X1           saed90nm_typ_ht 7.372800  
U778                      OR2X1           saed90nm_typ_ht 7.372800  
U779                      AO21X1          saed90nm_typ_ht 10.137600 
U780                      AND2X1          saed90nm_typ_ht 7.372800  
U781                      AO21X1          saed90nm_typ_ht 10.137600 
U782                      AO22X1          saed90nm_typ_ht 11.980800 
U783                      AO21X1          saed90nm_typ_ht 10.137600 
U784                      AO21X1          saed90nm_typ_ht 10.137600 
U785                      AO21X1          saed90nm_typ_ht 10.137600 
U786                      AO22X1          saed90nm_typ_ht 11.980800 
U787                      NOR2X0          saed90nm_typ_ht 5.529600  
U788                      XOR2X1          saed90nm_typ_ht 13.824000 
U789                      XOR2X1          saed90nm_typ_ht 13.824000 
U790                      XOR2X1          saed90nm_typ_ht 13.824000 
U791                      XOR2X1          saed90nm_typ_ht 13.824000 
U792                      XOR2X1          saed90nm_typ_ht 13.824000 
U793                      XOR2X1          saed90nm_typ_ht 13.824000 
U794                      XOR2X1          saed90nm_typ_ht 13.824000 
U795                      XOR2X1          saed90nm_typ_ht 13.824000 
U796                      XOR2X1          saed90nm_typ_ht 13.824000 
U797                      XOR2X1          saed90nm_typ_ht 13.824000 
U798                      XOR2X1          saed90nm_typ_ht 13.824000 
U799                      OR2X1           saed90nm_typ_ht 7.372800  
U800                      OR2X1           saed90nm_typ_ht 7.372800  
U801                      OR2X1           saed90nm_typ_ht 7.372800  
U802                      AO22X1          saed90nm_typ_ht 11.980800 
U803                      AO22X1          saed90nm_typ_ht 11.980800 
U804                      AO22X1          saed90nm_typ_ht 11.980800 
U805                      AO22X1          saed90nm_typ_ht 11.980800 
U806                      XOR3X1          saed90nm_typ_ht 22.118401 
U807                      XOR2X1          saed90nm_typ_ht 13.824000 
U808                      XOR2X1          saed90nm_typ_ht 13.824000 
U809                      XOR2X1          saed90nm_typ_ht 13.824000 
U810                      XOR2X1          saed90nm_typ_ht 13.824000 
U811                      XOR3X1          saed90nm_typ_ht 22.118401 
U812                      XOR3X1          saed90nm_typ_ht 22.118401 
U813                      XOR3X1          saed90nm_typ_ht 22.118401 
U814                      XOR3X1          saed90nm_typ_ht 22.118401 
U815                      XOR3X1          saed90nm_typ_ht 22.118401 
U816                      XOR3X1          saed90nm_typ_ht 22.118401 
U817                      OR2X1           saed90nm_typ_ht 7.372800  
U818                      AO21X1          saed90nm_typ_ht 10.137600 
U819                      AO22X1          saed90nm_typ_ht 11.980800 
U820                      XOR3X1          saed90nm_typ_ht 22.118401 
U821                      XOR2X1          saed90nm_typ_ht 13.824000 
U822                      OR2X1           saed90nm_typ_ht 7.372800  
U823                      XOR2X1          saed90nm_typ_ht 13.824000 
U824                      XNOR2X1         saed90nm_typ_ht 13.824000 
U825                      XOR2X1          saed90nm_typ_ht 13.824000 
U826                      XNOR2X1         saed90nm_typ_ht 13.824000 
U827                      XOR2X1          saed90nm_typ_ht 13.824000 
U828                      XNOR2X1         saed90nm_typ_ht 13.824000 
U829                      XOR2X1          saed90nm_typ_ht 13.824000 
U830                      XOR3X1          saed90nm_typ_ht 22.118401 
U831                      XOR3X1          saed90nm_typ_ht 22.118401 
U832                      FADDX1          saed90nm_typ_ht 29.491199 r
U833                      INVX0           saed90nm_typ_ht 5.529600  
U834                      NOR2X0          saed90nm_typ_ht 5.529600  
U835                      AO21X1          saed90nm_typ_ht 10.137600 
U836                      INVX0           saed90nm_typ_ht 5.529600  
U837                      NOR2X0          saed90nm_typ_ht 5.529600  
U838                      INVX0           saed90nm_typ_ht 5.529600  
U839                      INVX0           saed90nm_typ_ht 5.529600  
U840                      AND4X1          saed90nm_typ_ht 10.137600 
U841                      AO21X1          saed90nm_typ_ht 10.137600 
U842                      AND2X1          saed90nm_typ_ht 7.372800  
U843                      AND3X1          saed90nm_typ_ht 8.294400  
U844                      NOR4X0          saed90nm_typ_ht 9.216000  
U845                      NOR2X0          saed90nm_typ_ht 5.529600  
U846                      NOR2X0          saed90nm_typ_ht 5.529600  
U847                      AO22X1          saed90nm_typ_ht 11.980800 
U848                      AO21X1          saed90nm_typ_ht 10.137600 
U849                      XOR2X1          saed90nm_typ_ht 13.824000 
U850                      NAND2X0         saed90nm_typ_ht 5.529600  
U851                      MUX21X1         saed90nm_typ_ht 11.059200 
U852                      OA22X1          saed90nm_typ_ht 11.059200 
U853                      AO21X1          saed90nm_typ_ht 10.137600 
U854                      AND2X1          saed90nm_typ_ht 7.372800  
U855                      OR2X1           saed90nm_typ_ht 7.372800  
U856                      MUX21X1         saed90nm_typ_ht 11.059200 
U857                      NAND2X0         saed90nm_typ_ht 5.529600  
U858                      MUX21X1         saed90nm_typ_ht 11.059200 
U859                      OA22X1          saed90nm_typ_ht 11.059200 
U860                      AO21X1          saed90nm_typ_ht 10.137600 
U861                      FADDX1          saed90nm_typ_ht 29.491199 r
U862                      MUX21X1         saed90nm_typ_ht 11.059200 
U863                      XOR3X1          saed90nm_typ_ht 22.118401 
U864                      NAND2X0         saed90nm_typ_ht 5.529600  
U865                      MUX21X1         saed90nm_typ_ht 11.059200 
U866                      OA22X1          saed90nm_typ_ht 11.059200 
U867                      AO21X1          saed90nm_typ_ht 10.137600 
U868                      NBUFFX2         saed90nm_typ_ht 5.529600  
U869                      MUX21X1         saed90nm_typ_ht 11.059200 
U870                      AO22X1          saed90nm_typ_ht 11.980800 
U871                      NAND2X0         saed90nm_typ_ht 5.529600  
U872                      MUX21X1         saed90nm_typ_ht 11.059200 
U873                      OA22X1          saed90nm_typ_ht 11.059200 
U874                      AO21X1          saed90nm_typ_ht 10.137600 
U875                      FADDX1          saed90nm_typ_ht 29.491199 r
U876                      MUX21X1         saed90nm_typ_ht 11.059200 
U877                      XOR3X1          saed90nm_typ_ht 22.118401 
U878                      NAND2X0         saed90nm_typ_ht 5.529600  
U879                      MUX21X1         saed90nm_typ_ht 11.059200 
U880                      OA22X1          saed90nm_typ_ht 11.059200 
U881                      AO21X1          saed90nm_typ_ht 10.137600 
U882                      AO22X1          saed90nm_typ_ht 11.980800 
U883                      OR2X1           saed90nm_typ_ht 7.372800  
U884                      AO22X1          saed90nm_typ_ht 11.980800 
U885                      NAND2X0         saed90nm_typ_ht 5.529600  
U886                      MUX21X1         saed90nm_typ_ht 11.059200 
U887                      OA22X1          saed90nm_typ_ht 11.059200 
U888                      AO21X1          saed90nm_typ_ht 10.137600 
U889                      AO22X1          saed90nm_typ_ht 11.980800 
U890                      XOR2X1          saed90nm_typ_ht 13.824000 
U891                      NAND2X0         saed90nm_typ_ht 5.529600  
U892                      MUX21X1         saed90nm_typ_ht 11.059200 
U893                      OA22X1          saed90nm_typ_ht 11.059200 
U894                      AO21X1          saed90nm_typ_ht 10.137600 
U895                      AO22X1          saed90nm_typ_ht 11.980800 
U896                      XOR2X1          saed90nm_typ_ht 13.824000 
U897                      AO21X1          saed90nm_typ_ht 10.137600 
U898                      XOR2X1          saed90nm_typ_ht 13.824000 
U899                      NAND2X0         saed90nm_typ_ht 5.529600  
U900                      MUX21X1         saed90nm_typ_ht 11.059200 
U901                      OA22X1          saed90nm_typ_ht 11.059200 
U902                      AO21X1          saed90nm_typ_ht 10.137600 
U903                      AO22X1          saed90nm_typ_ht 11.980800 
U904                      OR2X1           saed90nm_typ_ht 7.372800  
U905                      AO21X1          saed90nm_typ_ht 10.137600 
U906                      XOR2X1          saed90nm_typ_ht 13.824000 
U907                      NAND2X0         saed90nm_typ_ht 5.529600  
U908                      MUX21X1         saed90nm_typ_ht 11.059200 
U909                      OA22X1          saed90nm_typ_ht 11.059200 
U910                      AO21X1          saed90nm_typ_ht 10.137600 
U911                      AO22X1          saed90nm_typ_ht 11.980800 
U912                      XOR2X1          saed90nm_typ_ht 13.824000 
U913                      AO21X1          saed90nm_typ_ht 10.137600 
U914                      XOR2X1          saed90nm_typ_ht 13.824000 
U915                      NAND2X0         saed90nm_typ_ht 5.529600  
U916                      MUX21X1         saed90nm_typ_ht 11.059200 
U917                      OA22X1          saed90nm_typ_ht 11.059200 
U918                      AO21X1          saed90nm_typ_ht 10.137600 
U919                      AO21X1          saed90nm_typ_ht 10.137600 
U920                      INVX0           saed90nm_typ_ht 5.529600  
U921                      NOR2X0          saed90nm_typ_ht 5.529600  
U922                      OR2X1           saed90nm_typ_ht 7.372800  
U923                      MUX21X1         saed90nm_typ_ht 11.059200 
U924                      OR2X1           saed90nm_typ_ht 7.372800  
U925                      AO22X1          saed90nm_typ_ht 11.980800 
U926                      OR2X1           saed90nm_typ_ht 7.372800  
U927                      OR2X1           saed90nm_typ_ht 7.372800  
U928                      AO21X1          saed90nm_typ_ht 10.137600 
U929                      AO21X1          saed90nm_typ_ht 10.137600 
U930                      AO21X1          saed90nm_typ_ht 10.137600 
U931                      INVX0           saed90nm_typ_ht 5.529600  
U932                      AO21X1          saed90nm_typ_ht 10.137600 
U933                      AO21X1          saed90nm_typ_ht 10.137600 
U934                      AO21X1          saed90nm_typ_ht 10.137600 
U935                      AO21X1          saed90nm_typ_ht 10.137600 
U936                      AO21X1          saed90nm_typ_ht 10.137600 
U937                      AO21X1          saed90nm_typ_ht 10.137600 
U938                      AO21X1          saed90nm_typ_ht 10.137600 
U939                      AO21X1          saed90nm_typ_ht 10.137600 
U940                      AO21X1          saed90nm_typ_ht 10.137600 
U941                      OAI21X1         saed90nm_typ_ht 11.059200 
U942                      OAI21X1         saed90nm_typ_ht 11.059200 
U943                      AOI21X1         saed90nm_typ_ht 11.980800 
U944                      OAI21X1         saed90nm_typ_ht 11.059200 
U945                      OAI21X1         saed90nm_typ_ht 11.059200 
U946                      AOI21X1         saed90nm_typ_ht 11.980800 
U947                      OAI21X1         saed90nm_typ_ht 11.059200 
U948                      AOI21X1         saed90nm_typ_ht 11.980800 
U949                      XOR2X1          saed90nm_typ_ht 13.824000 
U950                      NAND2X0         saed90nm_typ_ht 5.529600  
U951                      MUX21X1         saed90nm_typ_ht 11.059200 
U952                      OA22X1          saed90nm_typ_ht 11.059200 
U953                      AO21X1          saed90nm_typ_ht 10.137600 
U954                      OAI21X1         saed90nm_typ_ht 11.059200 
U955                      AO21X1          saed90nm_typ_ht 10.137600 
U956                      XNOR2X1         saed90nm_typ_ht 13.824000 
U957                      NAND2X0         saed90nm_typ_ht 5.529600  
U958                      MUX21X1         saed90nm_typ_ht 11.059200 
U959                      OA22X1          saed90nm_typ_ht 11.059200 
U960                      AO21X1          saed90nm_typ_ht 10.137600 
U961                      OAI21X1         saed90nm_typ_ht 11.059200 
U962                      OAI21X1         saed90nm_typ_ht 11.059200 
U963                      AO21X1          saed90nm_typ_ht 10.137600 
U964                      XNOR2X1         saed90nm_typ_ht 13.824000 
U965                      NAND2X0         saed90nm_typ_ht 5.529600  
U966                      MUX21X1         saed90nm_typ_ht 11.059200 
U967                      OA22X1          saed90nm_typ_ht 11.059200 
U968                      AO21X1          saed90nm_typ_ht 10.137600 
U969                      AOI21X1         saed90nm_typ_ht 11.980800 
U970                      OAI21X1         saed90nm_typ_ht 11.059200 
U971                      AO21X1          saed90nm_typ_ht 10.137600 
U972                      XNOR2X1         saed90nm_typ_ht 13.824000 
U973                      NAND2X0         saed90nm_typ_ht 5.529600  
U974                      MUX21X1         saed90nm_typ_ht 11.059200 
U975                      OA22X1          saed90nm_typ_ht 11.059200 
U976                      AO21X1          saed90nm_typ_ht 10.137600 
U977                      XOR3X1          saed90nm_typ_ht 22.118401 
U978                      NAND2X0         saed90nm_typ_ht 5.529600  
U979                      MUX21X1         saed90nm_typ_ht 11.059200 
U980                      OA22X1          saed90nm_typ_ht 11.059200 
U981                      AO21X1          saed90nm_typ_ht 10.137600 
U982                      MUX21X1         saed90nm_typ_ht 11.059200 
U983                      XOR2X1          saed90nm_typ_ht 13.824000 
U984                      XOR2X1          saed90nm_typ_ht 13.824000 
U985                      NAND2X0         saed90nm_typ_ht 5.529600  
U986                      MUX21X1         saed90nm_typ_ht 11.059200 
U987                      OA22X1          saed90nm_typ_ht 11.059200 
U988                      AO21X1          saed90nm_typ_ht 10.137600 
U989                      MUX21X1         saed90nm_typ_ht 11.059200 
U990                      XNOR2X1         saed90nm_typ_ht 13.824000 
U991                      NAND2X0         saed90nm_typ_ht 5.529600  
U992                      MUX21X1         saed90nm_typ_ht 11.059200 
U993                      OA22X1          saed90nm_typ_ht 11.059200 
U994                      AO21X1          saed90nm_typ_ht 10.137600 
U995                      MUX21X1         saed90nm_typ_ht 11.059200 
U996                      XOR2X1          saed90nm_typ_ht 13.824000 
U997                      NAND2X0         saed90nm_typ_ht 5.529600  
U998                      MUX21X1         saed90nm_typ_ht 11.059200 
U999                      OA22X1          saed90nm_typ_ht 11.059200 
U1000                     AO21X1          saed90nm_typ_ht 10.137600 
U1001                     MUX21X1         saed90nm_typ_ht 11.059200 
U1002                     OAI21X1         saed90nm_typ_ht 11.059200 
U1003                     XNOR2X1         saed90nm_typ_ht 13.824000 
U1004                     NAND2X0         saed90nm_typ_ht 5.529600  
U1005                     MUX21X1         saed90nm_typ_ht 11.059200 
U1006                     OA22X1          saed90nm_typ_ht 11.059200 
U1007                     AO21X1          saed90nm_typ_ht 10.137600 
U1008                     MUX21X1         saed90nm_typ_ht 11.059200 
U1009                     OAI21X1         saed90nm_typ_ht 11.059200 
U1010                     XNOR2X1         saed90nm_typ_ht 13.824000 
U1011                     NAND2X0         saed90nm_typ_ht 5.529600  
U1012                     MUX21X1         saed90nm_typ_ht 11.059200 
U1013                     OA22X1          saed90nm_typ_ht 11.059200 
U1014                     AO21X1          saed90nm_typ_ht 10.137600 
U1015                     MUX21X1         saed90nm_typ_ht 11.059200 
U1016                     AOI21X1         saed90nm_typ_ht 11.980800 
U1017                     OAI21X1         saed90nm_typ_ht 11.059200 
U1018                     XNOR2X1         saed90nm_typ_ht 13.824000 
U1019                     NAND2X0         saed90nm_typ_ht 5.529600  
U1020                     MUX21X1         saed90nm_typ_ht 11.059200 
U1021                     OA22X1          saed90nm_typ_ht 11.059200 
U1022                     AO21X1          saed90nm_typ_ht 10.137600 
U1023                     MUX21X1         saed90nm_typ_ht 11.059200 
U1024                     OAI21X1         saed90nm_typ_ht 11.059200 
U1025                     XNOR2X1         saed90nm_typ_ht 13.824000 
U1026                     NAND2X0         saed90nm_typ_ht 5.529600  
U1027                     MUX21X1         saed90nm_typ_ht 11.059200 
U1028                     OA22X1          saed90nm_typ_ht 11.059200 
U1029                     AO21X1          saed90nm_typ_ht 10.137600 
U1030                     MUX21X1         saed90nm_typ_ht 11.059200 
U1031                     AOI21X1         saed90nm_typ_ht 11.980800 
U1032                     OAI21X1         saed90nm_typ_ht 11.059200 
U1033                     XNOR2X1         saed90nm_typ_ht 13.824000 
U1034                     NAND2X0         saed90nm_typ_ht 5.529600  
U1035                     MUX21X1         saed90nm_typ_ht 11.059200 
U1036                     OA22X1          saed90nm_typ_ht 11.059200 
U1037                     AO21X1          saed90nm_typ_ht 10.137600 
U1038                     MUX21X1         saed90nm_typ_ht 11.059200 
U1039                     AOI21X1         saed90nm_typ_ht 11.980800 
U1040                     OAI21X1         saed90nm_typ_ht 11.059200 
U1041                     XNOR2X1         saed90nm_typ_ht 13.824000 
U1042                     NAND2X0         saed90nm_typ_ht 5.529600  
U1043                     MUX21X1         saed90nm_typ_ht 11.059200 
U1044                     OA22X1          saed90nm_typ_ht 11.059200 
U1045                     AO21X1          saed90nm_typ_ht 10.137600 
U1046                     MUX21X1         saed90nm_typ_ht 11.059200 
U1047                     OAI21X1         saed90nm_typ_ht 11.059200 
U1048                     AOI21X1         saed90nm_typ_ht 11.980800 
U1049                     OAI21X1         saed90nm_typ_ht 11.059200 
U1050                     XNOR2X1         saed90nm_typ_ht 13.824000 
U1051                     NAND2X0         saed90nm_typ_ht 5.529600  
U1052                     MUX21X1         saed90nm_typ_ht 11.059200 
U1053                     OA22X1          saed90nm_typ_ht 11.059200 
U1054                     AO21X1          saed90nm_typ_ht 10.137600 
U1055                     MUX21X1         saed90nm_typ_ht 11.059200 
U1056                     MUX21X1         saed90nm_typ_ht 11.059200 
U1057                     MUX21X1         saed90nm_typ_ht 11.059200 
U1058                     MUX21X1         saed90nm_typ_ht 11.059200 
U1059                     MUX21X1         saed90nm_typ_ht 11.059200 
U1060                     OAI21X1         saed90nm_typ_ht 11.059200 
U1061                     AOI21X1         saed90nm_typ_ht 11.980800 
U1062                     OAI21X1         saed90nm_typ_ht 11.059200 
U1063                     AO21X1          saed90nm_typ_ht 10.137600 
U1064                     XNOR2X1         saed90nm_typ_ht 13.824000 
U1065                     NAND2X0         saed90nm_typ_ht 5.529600  
U1066                     MUX21X1         saed90nm_typ_ht 11.059200 
U1067                     OA22X1          saed90nm_typ_ht 11.059200 
U1068                     AO21X1          saed90nm_typ_ht 10.137600 
U1069                     MUX21X1         saed90nm_typ_ht 11.059200 
U1070                     AOI21X1         saed90nm_typ_ht 11.980800 
U1071                     OAI21X1         saed90nm_typ_ht 11.059200 
U1072                     AO21X1          saed90nm_typ_ht 10.137600 
U1073                     NOR2X0          saed90nm_typ_ht 5.529600  
U1074                     XNOR2X1         saed90nm_typ_ht 13.824000 
U1075                     NAND2X0         saed90nm_typ_ht 5.529600  
U1076                     MUX21X1         saed90nm_typ_ht 11.059200 
U1077                     OA22X1          saed90nm_typ_ht 11.059200 
U1078                     AO21X1          saed90nm_typ_ht 10.137600 
U1079                     MUX21X1         saed90nm_typ_ht 11.059200 
U1080                     OAI21X1         saed90nm_typ_ht 11.059200 
U1081                     AOI21X1         saed90nm_typ_ht 11.980800 
U1082                     OAI21X1         saed90nm_typ_ht 11.059200 
U1083                     AO21X1          saed90nm_typ_ht 10.137600 
U1084                     XNOR2X1         saed90nm_typ_ht 13.824000 
U1085                     NAND2X0         saed90nm_typ_ht 5.529600  
U1086                     MUX21X1         saed90nm_typ_ht 11.059200 
U1087                     OA22X1          saed90nm_typ_ht 11.059200 
U1088                     AO21X1          saed90nm_typ_ht 10.137600 
U1089                     MUX21X1         saed90nm_typ_ht 11.059200 
U1090                     OAI21X1         saed90nm_typ_ht 11.059200 
U1091                     AOI21X1         saed90nm_typ_ht 11.980800 
U1092                     OAI21X1         saed90nm_typ_ht 11.059200 
U1093                     AO21X1          saed90nm_typ_ht 10.137600 
U1094                     XNOR2X1         saed90nm_typ_ht 13.824000 
U1095                     NAND2X0         saed90nm_typ_ht 5.529600  
U1096                     MUX21X1         saed90nm_typ_ht 11.059200 
U1097                     OA22X1          saed90nm_typ_ht 11.059200 
U1098                     AO21X1          saed90nm_typ_ht 10.137600 
U1099                     MUX21X1         saed90nm_typ_ht 11.059200 
U1100                     OAI21X1         saed90nm_typ_ht 11.059200 
U1101                     AOI21X1         saed90nm_typ_ht 11.980800 
U1102                     OAI21X1         saed90nm_typ_ht 11.059200 
U1103                     OAI21X1         saed90nm_typ_ht 11.059200 
U1104                     AO21X1          saed90nm_typ_ht 10.137600 
U1105                     XNOR2X1         saed90nm_typ_ht 13.824000 
U1106                     NAND2X0         saed90nm_typ_ht 5.529600  
U1107                     MUX21X1         saed90nm_typ_ht 11.059200 
U1108                     OA22X1          saed90nm_typ_ht 11.059200 
U1109                     AO21X1          saed90nm_typ_ht 10.137600 
U1110                     MUX21X1         saed90nm_typ_ht 11.059200 
U1111                     AO21X1          saed90nm_typ_ht 10.137600 
U1112                     NAND2X0         saed90nm_typ_ht 5.529600  
U1113                     AOI21X1         saed90nm_typ_ht 11.980800 
U1114                     OAI21X1         saed90nm_typ_ht 11.059200 
U1115                     AO21X1          saed90nm_typ_ht 10.137600 
U1116                     XNOR2X1         saed90nm_typ_ht 13.824000 
U1117                     NAND2X0         saed90nm_typ_ht 5.529600  
U1118                     MUX21X1         saed90nm_typ_ht 11.059200 
U1119                     OA22X1          saed90nm_typ_ht 11.059200 
U1120                     AO21X1          saed90nm_typ_ht 10.137600 
U1121                     AOI21X1         saed90nm_typ_ht 11.980800 
U1122                     OAI21X1         saed90nm_typ_ht 11.059200 
U1123                     XNOR2X1         saed90nm_typ_ht 13.824000 
U1124                     NAND2X0         saed90nm_typ_ht 5.529600  
U1125                     MUX21X1         saed90nm_typ_ht 11.059200 
U1126                     OA22X1          saed90nm_typ_ht 11.059200 
U1127                     AO21X1          saed90nm_typ_ht 10.137600 
U1128                     MUX21X1         saed90nm_typ_ht 11.059200 
U1129                     NBUFFX2         saed90nm_typ_ht 5.529600  
u_pc/pc_out_reg[1]        DFFARX1         saed90nm_typ_ht 32.256001 n
u_pc/pc_out_reg[2]        DFFARX1         saed90nm_typ_ht 32.256001 n
u_pc/pc_out_reg[3]        DFFARX1         saed90nm_typ_ht 32.256001 n
u_pc/pc_out_reg[4]        DFFARX1         saed90nm_typ_ht 32.256001 n
u_pc/pc_out_reg[5]        DFFARX1         saed90nm_typ_ht 32.256001 n
u_pc/pc_out_reg[6]        DFFARX1         saed90nm_typ_ht 32.256001 n
u_pc/pc_out_reg[7]        DFFARX1         saed90nm_typ_ht 32.256001 n
u_pc/pc_out_reg[8]        DFFARX1         saed90nm_typ_ht 32.256001 n
u_pc/pc_out_reg[9]        DFFARX1         saed90nm_typ_ht 32.256001 n
u_pc/pc_out_reg[10]       DFFARX1         saed90nm_typ_ht 32.256001 n
u_pc/pc_out_reg[11]       DFFARX1         saed90nm_typ_ht 32.256001 n
u_pc/pc_out_reg[12]       DFFARX1         saed90nm_typ_ht 32.256001 n
u_pc/pc_out_reg[13]       DFFARX1         saed90nm_typ_ht 32.256001 n
u_pc/pc_out_reg[14]       DFFARX1         saed90nm_typ_ht 32.256001 n
u_pc/pc_out_reg[15]       DFFARX1         saed90nm_typ_ht 32.256001 n
u_pc/pc_out_reg[16]       DFFARX1         saed90nm_typ_ht 32.256001 n
u_pc/pc_out_reg[17]       DFFARX1         saed90nm_typ_ht 32.256001 n
u_pc/pc_out_reg[18]       DFFARX1         saed90nm_typ_ht 32.256001 n
u_pc/pc_out_reg[19]       DFFARX1         saed90nm_typ_ht 32.256001 n
u_pc/pc_out_reg[20]       DFFARX1         saed90nm_typ_ht 32.256001 n
u_pc/pc_out_reg[21]       DFFARX1         saed90nm_typ_ht 32.256001 n
u_pc/pc_out_reg[22]       DFFARX1         saed90nm_typ_ht 32.256001 n
u_pc/pc_out_reg[23]       DFFARX1         saed90nm_typ_ht 32.256001 n
u_pc/pc_out_reg[24]       DFFARX1         saed90nm_typ_ht 32.256001 n
u_pc/pc_out_reg[25]       DFFARX1         saed90nm_typ_ht 32.256001 n
u_pc/pc_out_reg[26]       DFFARX1         saed90nm_typ_ht 32.256001 n
u_pc/pc_out_reg[27]       DFFARX1         saed90nm_typ_ht 32.256001 n
u_pc/pc_out_reg[28]       DFFARX1         saed90nm_typ_ht 32.256001 n
u_pc/pc_out_reg[29]       DFFARX1         saed90nm_typ_ht 32.256001 n
u_pc/pc_out_reg[30]       DFFARX1         saed90nm_typ_ht 32.256001 n
u_pc/pc_out_reg[31]       DFFARX1         saed90nm_typ_ht 32.256001 n
u_regfile                 regfile                         60787.814813
                                                                    h, n
--------------------------------------------------------------------------------
Total 801 cells                                           68916.326929
1
