 
****************************************
Report : design
Design : riscv_core_synth
Version: V-2023.12-SP4
Date   : Tue May  5 16:14:27 2026
****************************************

Design allows ideal nets on clock nets.

Library(s) Used:

    saed90nm_typ_ht (File: /home/vdevaraj/Projects/RISC_v_single_cycle/lib/saed/saed90nm_typ_ht.db)

Local Link Library:

    {saed90nm_typ_ht.db}

Flip-Flop Types:

    No flip-flop types specified.

Latch Types:

    No latch types specified.

Operating Conditions:


    Operating Condition Name : TYPICAL
    Library : saed90nm_typ_ht
    Process :   1.00
    Temperature : 125.00
    Voltage :   1.20
    Interconnect Model : balanced_tree

Wire Loading Model:

    Selected automatically from the total cell area.

Name           :   70000
Location       :   saed90nm_typ_ht
Resistance     :   0.01
Capacitance    :   0.000143
Area           :   0.01
Slope          :   170.996
Fanout   Length   Points Average Cap Std Deviation
--------------------------------------------------------------
     1    18.44
     2    42.77
     3    70.64
     4   102.58
     5   139.15
     6   180.88
     7   228.32
     8   282.00
     9   342.48
    10   410.29
    11   485.98
    12   570.09
    13   663.16
    14   765.74
    15   878.36
    16  1001.57
    17  1135.91
    18  1281.93
    19  1440.17
    20  1611.17



Wire Loading Model Mode: enclosed.

Timing Ranges:

    No timing ranges specified.

Pin Input Delays:

    None specified.

Pin Output Delays:

    None specified.

Disabled Timing Arcs:

    No arcs disabled.

Required Licenses:

    DesignWare

Design Parameters:

    None specified.
1
